--------- beginning of main
I/installd(    0): installd firing up
D/        (    0): vbox_graph_mode=1600x900
I/Netd    (    0): Netd 1.0 starting
D/TetherController(    0): Setting IP forward enable = 0
E/Netd    (    0): Failed to open /proc/sys/net/ipv6/conf/default/accept_ra_rt_table: No such file or directory
E/Netd    (    0): Failed to open /proc/sys/net/ipv6/conf/eth1/accept_ra_rt_table: No such file or directory
E/Netd    (    0): Failed to open /proc/sys/net/ipv6/conf/ip6tnl0/accept_ra_rt_table: No such file or directory
E/Netd    (    0): Failed to open /proc/sys/net/ipv6/conf/lo/accept_ra_rt_table: No such file or directory
E/Netd    (    0): Failed to open /proc/sys/net/ipv6/conf/sit0/accept_ra_rt_table: No such file or directory
E/Netd    (    0): Failed to open /proc/sys/net/ipv6/conf/wlan0/accept_ra_rt_table: No such file or directory
I/        ( 1449): debuggerd: Jul 24 2019 01:33:06
--------- beginning of system
I/Vold    ( 1442): Vold 2.1 (the revenge) firing up
D/Vold    ( 1442): Volume sdcard state changing -1 (Initializing) -> 0 (No-Media)
I/lowmemorykiller( 1440): Using in-kernel low memory killer interface
I/keystore( 1455): SELinux: Keystore SELinux is disabled.
I/SurfaceFlinger( 1443): SurfaceFlinger is starting
I/SurfaceFlinger( 1443): SurfaceFlinger's main thread ready to run. Initializing graphics H/W...
D/libEGL  ( 1443): loaded /system/lib/egl/libEGL_adreno.so
I/mediaserver( 1453): ServiceManager: 0xb5826620
I/AudioFlinger( 1453): Using default 3000 mSec as standby time.
I/ServiceManager( 1453): Waiting for service batterystats...
D/        ( 1443): HostConnection::get() New Host Connection established 0xb683a140, tid 1443
D/libEGL  ( 1443): loaded /system/lib/egl/libGLESv1_CM_adreno.so
D/libEGL  ( 1443): loaded /system/lib/egl/libGLESv2_adreno.so
E/SurfaceFlinger( 1443): hwcomposer module not found
W/SurfaceFlinger( 1443): no suitable EGLConfig found, trying a simpler query
I/SurfaceFlinger( 1443): EGL information:
I/SurfaceFlinger( 1443): vendor    : Android
I/SurfaceFlinger( 1443): version   : 1.4 Android META-EGL
I/SurfaceFlinger( 1443): extensions: EGL_KHR_get_all_proc_addresses EGL_ANDROID_presentation_time EGL_KHR_image_base EGL_KHR_gl_texture_2D_image EGL_KHR_fence_sync EGL_KHR_create_context EGL_ANDROID_image_native_buffer EGL_ANDROID_recordable 
I/SurfaceFlinger( 1443): Client API: OpenGL_ES
I/SurfaceFlinger( 1443): EGLSurface: 8-8-8-8, config=0x8
D/AndroidRuntime( 1457): >>>>>> START com.android.internal.os.ZygoteInit uid 0 <<<<<<
I/SurfaceFlinger( 1443): OpenGL ES informations:
I/SurfaceFlinger( 1443): vendor    : ARM
I/SurfaceFlinger( 1443): renderer  : Mali-450 MP
I/SurfaceFlinger( 1443): version   : OpenGL ES 2.0
I/SurfaceFlinger( 1443): extensions: GL_EXT_debug_marker GL_OES_EGL_image GL_OES_EGL_image_external GL_OES_depth24 GL_OES_depth32 GL_OES_element_index_uint GL_OES_texture_float GL_OES_texture_float_linear GL_OES_compressed_paletted_texture GL_OES_compressed_ETC1_RGB8_texture GL_OES_depth_texture GL_EXT_texture_format_BGRA8888 GL_APPLE_texture_format_BGRA8888 GL_OES_texture_half_float GL_EXT_robustness GL_OES_texture_half_float_linear GL_OES_packed_depth_stencil GL_OES_vertex_half_float GL_OES_texture_npot GL_OES_rgb8_rgba8 GL_EXT_color_buffer_float ANDROID_gles_max_version_3_1 GL_OES_vertex_array_object
I/SurfaceFlinger( 1443): GL_MAX_TEXTURE_SIZE = 32768
I/SurfaceFlinger( 1443): GL_MAX_VIEWPORT_DIMS = 32768
D/SurfaceFlinger( 1443): setOrientation, mFbdev=0xb68613c0, mFbDev->setOrientation=0xb7020060, orientation=0
I/gralloc_nox( 1443): setOrientation: orientation=0
D/SurfaceFlinger( 1443): Set power mode=2, type=0 flinger=0xb685d000
D/SurfaceFlinger( 1443): shader cache generated - 24 shaders in 61.750050 ms
D/libEGL  ( 1568): loaded /system/lib/egl/libEGL_adreno.so
D/        ( 1568): HostConnection::get() New Host Connection established 0xb582d0f0, tid 1578
D/AndroidRuntime( 1457): CheckJNI is OFF
I/art     ( 1457): option[0]=-Xzygote
I/art     ( 1457): option[1]=-Xstacktracefile:/data/anr/traces.txt
I/art     ( 1457): option[2]=exit
I/art     ( 1457): option[3]=vfprintf
I/art     ( 1457): option[4]=sensitiveThread
I/art     ( 1457): option[5]=-verbose:gc
I/art     ( 1457): option[6]=-Xms16m
I/art     ( 1457): option[7]=-Xmx256m
I/art     ( 1457): option[8]=-XX:mainThreadStackSize=24K
I/art     ( 1457): option[9]=-XX:HeapGrowthLimit=192m
I/art     ( 1457): option[10]=-XX:HeapMinFree=512k
I/art     ( 1457): option[11]=-XX:HeapMaxFree=8m
I/art     ( 1457): option[12]=-XX:HeapTargetUtilization=0.75
I/art     ( 1457): option[13]=-Xgenregmap
I/art     ( 1457): option[14]=-Xgc:precise
I/art     ( 1457): option[15]=-agentlib:jdwp=transport=dt_android_adb,suspend=n,server=y
I/art     ( 1457): option[16]=-Xlockprofthreshold:500
I/art     ( 1457): option[17]=-Ximage-compiler-option
I/art     ( 1457): option[18]=--runtime-arg
I/art     ( 1457): option[19]=-Ximage-compiler-option
I/art     ( 1457): option[20]=-Xms64m
I/art     ( 1457): option[21]=-Ximage-compiler-option
I/art     ( 1457): option[22]=--runtime-arg
I/art     ( 1457): option[23]=-Ximage-compiler-option
I/art     ( 1457): option[24]=-Xmx64m
I/art     ( 1457): option[25]=-Ximage-compiler-option
I/art     ( 1457): option[26]=--image-classes=/system/etc/preloaded-classes
I/art     ( 1457): option[27]=-Xcompiler-option
I/art     ( 1457): option[28]=--runtime-arg
I/art     ( 1457): option[29]=-Xcompiler-option
I/art     ( 1457): option[30]=-Xms64m
I/art     ( 1457): option[31]=-Xcompiler-option
I/art     ( 1457): option[32]=--runtime-arg
I/art     ( 1457): option[33]=-Xcompiler-option
I/art     ( 1457): option[34]=-Xmx512m
I/art     ( 1457): option[35]=-Duser.language=zh
I/art     ( 1457): option[36]=-Duser.region=CN
I/art     ( 1457): option[37]=-XX:NativeBridge=libnb.so
D/libEGL  ( 1568): loaded /system/lib/egl/libGLESv1_CM_adreno.so
D/libEGL  ( 1568): loaded /system/lib/egl/libGLESv2_adreno.so
D/        ( 1443): HostConnection::get() New Host Connection established 0xb602d0e0, tid 1542
D/        ( 1443): HostConnection::get() New Host Connection established 0xb683ab00, tid 1544
E/memtrack( 1457): Couldn't load memtrack module (No such file or directory)
E/android.os.Debug( 1457): failed to load memtrack module: -2
I/SamplingProfilerIntegration( 1457): Profiling disabled.
D/Zygote  ( 1457): begin preload
I/Zygote  ( 1457): Preloading classes...
I/art     ( 1457): Explicit concurrent mark sweep GC freed 798(36KB) AllocSpace objects, 0(0B) LOS objects, 95% free, 44KB/1068KB, paused 34us total 2.840ms
I/art     ( 1457): Counter: 1
E/Minikin ( 1457): addFont failed to create font /system/fonts/NotoSansGujarati-Regular.ttf
E/Minikin ( 1457): addFont failed to create font /system/fonts/NotoSansGujarati-Bold.ttf
E/Minikin ( 1457): addFont failed to create font /system/fonts/NotoSansGujaratiUI-Regular.ttf
E/Minikin ( 1457): addFont failed to create font /system/fonts/NotoSansGujaratiUI-Bold.ttf
E/Minikin ( 1457): addFont failed to create font /system/fonts/NotoSansGurmukhi-Regular.ttf
E/Minikin ( 1457): addFont failed to create font /system/fonts/NotoSansGurmukhi-Bold.ttf
E/Minikin ( 1457): addFont failed to create font /system/fonts/NotoSansGurmukhiUI-Regular.ttf
E/Minikin ( 1457): addFont failed to create font /system/fonts/NotoSansGurmukhiUI-Bold.ttf
E/Minikin ( 1457): addFont failed to create font /system/fonts/NotoSansSinhala-Regular.ttf
E/Minikin ( 1457): addFont failed to create font /system/fonts/NotoSansSinhala-Bold.ttf
E/Minikin ( 1457): addFont failed to create font /system/fonts/NotoSansThaana-Regular.ttf
E/Minikin ( 1457): addFont failed to create font /system/fonts/NotoSansThaana-Bold.ttf
E/Minikin ( 1457): addFont failed to create font /system/fonts/NotoSansCham-Regular.ttf
E/Minikin ( 1457): addFont failed to create font /system/fonts/NotoSansCham-Bold.ttf
E/Minikin ( 1457): addFont failed to create font /system/fonts/NotoSansBalinese-Regular.ttf
E/Minikin ( 1457): addFont failed to create font /system/fonts/NotoSansBatak-Regular.ttf
E/Minikin ( 1457): addFont failed to create font /system/fonts/NotoSansBuginese-Regular.ttf
E/Minikin ( 1457): addFont failed to create font /system/fonts/NotoSansBuhid-Regular.ttf
E/Minikin ( 1457): addFont failed to create font /system/fonts/NotoSansCanadianAboriginal-Regular.ttf
E/Minikin ( 1457): addFont failed to create font /system/fonts/NotoSansCherokee-Regular.ttf
E/Minikin ( 1457): addFont failed to create font /system/fonts/NotoSansCoptic-Regular.ttf
E/Minikin ( 1457): addFont failed to create font /system/fonts/NotoSansGlagolitic-Regular.ttf
E/Minikin ( 1457): addFont failed to create font /system/fonts/NotoSansHanunoo-Regular.ttf
E/Minikin ( 1457): addFont failed to create font /system/fonts/NotoSansJavanese-Regular.ttf
E/Minikin ( 1457): addFont failed to create font /system/fonts/NotoSansKayahLi-Regular.ttf
E/Minikin ( 1457): addFont failed to create font /system/fonts/NotoSansLepcha-Regular.ttf
E/Minikin ( 1457): addFont failed to create font /system/fonts/NotoSansLimbu-Regular.ttf
E/Minikin ( 1457): addFont failed to create font /system/fonts/NotoSansMeeteiMayek-Regular.ttf
E/Minikin ( 1457): addFont failed to create font /system/fonts/NotoSansOlChiki-Regular.ttf
E/Minikin ( 1457): addFont failed to create font /system/fonts/NotoSansRejang-Regular.ttf
E/Minikin ( 1457): addFont failed to create font /system/fonts/NotoSansSaurashtra-Regular.ttf
E/Minikin ( 1457): addFont failed to create font /system/fonts/NotoSansSundanese-Regular.ttf
E/Minikin ( 1457): addFont failed to create font /system/fonts/NotoSansSylotiNagri-Regular.ttf
E/Minikin ( 1457): addFont failed to create font /system/fonts/NotoSansTagbanwa-Regular.ttf
E/Minikin ( 1457): addFont failed to create font /system/fonts/NotoSansTaiTham-Regular.ttf
E/Minikin ( 1457): addFont failed to create font /system/fonts/NotoSansTaiViet-Regular.ttf
E/Minikin ( 1457): addFont failed to create font /system/fonts/NotoSansTifinagh-Regular.ttf
E/Minikin ( 1457): addFont failed to create font /system/fonts/NotoSansYi-Regular.ttf
E/Minikin ( 1457): addFont failed to create font /system/fonts/Lohit-Odia.ttf
E/Minikin ( 1457): addFont failed to create font /system/fonts/NotoSansHans-Regular.otf
E/Minikin ( 1457): addFont failed to create font /system/fonts/NotoSansHant-Regular.otf
E/Minikin ( 1457): addFont failed to create font /system/fonts/NotoSansJP-Regular.otf
E/Minikin ( 1457): addFont failed to create font /system/fonts/NotoSansKR-Regular.otf
E/Minikin ( 1457): addFont failed to create font /system/fonts/NotoSansTaiLe-Regular.ttf
I/art     ( 1457): Thread[1,tid=1457,WaitingForJniOnLoad,Thread*=0xb3c27800,peer=0x12c31100,"main"] recursive attempt to load library "/system/lib/libmedia_jni.so"
D/MtpDeviceJNI( 1457): register_android_mtp_MtpDevice
I/art     ( 1457): Thread[1,tid=1457,WaitingForJniOnLoad,Thread*=0xb3c27800,peer=0x12c31100,"main"] recursive attempt to load library "/system/lib/libmedia_jni.so"
I/art     ( 1457): Thread[1,tid=1457,WaitingForJniOnLoad,Thread*=0xb3c27800,peer=0x12c31100,"main"] recursive attempt to load library "/system/lib/libmedia_jni.so"
W/linker  ( 1457): libavutil.so has text relocations. This is wasting memory and prevents security hardening. Please fix.
W/linker  ( 1457): libavformat.so has text relocations. This is wasting memory and prevents security hardening. Please fix.
W/linker  ( 1457): libavcodec.so has text relocations. This is wasting memory and prevents security hardening. Please fix.
I/art     ( 1457): Explicit concurrent mark sweep GC freed 1233(68KB) AllocSpace objects, 0(0B) LOS objects, 68% free, 461KB/1485KB, paused 36us total 3.711ms
E/EmojiFactory_jni( 1457): Failed to load libemoji.so: dlopen failed: library "libemoji.so" not found
I/art     ( 1457): Explicit concurrent mark sweep GC freed 5914(256KB) AllocSpace objects, 0(0B) LOS objects, 45% free, 1236KB/2MB, paused 34us total 5.288ms
I/System  ( 1457): Loaded time zone names for "" in 17ms (16ms in ICU)
I/System  ( 1457): Loaded time zone names for "en_US" in 11ms (9ms in ICU)
I/System  ( 1457): Loaded time zone names for "zh_CN" in 11ms (11ms in ICU)
I/Zygote  ( 1457): ...preloaded 3005 classes in 344ms.
I/art     ( 1457): VMRuntime.preloadDexCaches starting
I/art     ( 1457): VMRuntime.preloadDexCaches strings total=215141 before=39108 after=39108
I/art     ( 1457): VMRuntime.preloadDexCaches types total=18367 before=6397 after=6433
I/art     ( 1457): VMRuntime.preloadDexCaches fields total=85658 before=32274 after=32608
I/art     ( 1457): VMRuntime.preloadDexCaches methods total=151952 before=66893 after=67794
I/art     ( 1457): VMRuntime.preloadDexCaches finished
I/art     ( 1457): Counter: 0
I/art     ( 1457): Counter: 1
I/art     ( 1457): Explicit concurrent mark sweep GC freed 5954(386KB) AllocSpace objects, 0(0B) LOS objects, 40% free, 1549KB/2MB, paused 35us total 5.259ms
D/idmap   ( 1653): error: no read access to /vendor/overlay: No such file or directory
I/Zygote  ( 1457): Preloading resources...
I/art     ( 1457): Explicit concurrent mark sweep GC freed 173(7KB) AllocSpace objects, 0(0B) LOS objects, 40% free, 2MB/4MB, paused 38us total 3.642ms
I/art     ( 1457): Explicit concurrent mark sweep GC freed 520(26KB) AllocSpace objects, 0(0B) LOS objects, 40% free, 3MB/5MB, paused 42us total 5.257ms
I/art     ( 1457): Explicit concurrent mark sweep GC freed 461(20KB) AllocSpace objects, 0(0B) LOS objects, 39% free, 5MB/8MB, paused 45us total 3.004ms
I/art     ( 1457): Explicit concurrent mark sweep GC freed 651(37KB) AllocSpace objects, 0(0B) LOS objects, 40% free, 6MB/10MB, paused 47us total 2.935ms
I/art     ( 1457): Explicit concurrent mark sweep GC freed 1036(46KB) AllocSpace objects, 0(0B) LOS objects, 39% free, 7MB/12MB, paused 51us total 3.005ms
I/art     ( 1457): Explicit concurrent mark sweep GC freed 1102(45KB) AllocSpace objects, 0(0B) LOS objects, 40% free, 8MB/13MB, paused 53us total 3.029ms
I/art     ( 1457): Explicit concurrent mark sweep GC freed 6524(242KB) AllocSpace objects, 0(0B) LOS objects, 40% free, 9MB/15MB, paused 57us total 4.777ms
I/Zygote  ( 1457): ...preloaded 343 resources in 146ms.
I/Zygote  ( 1457): ...preloaded 41 resources in 2ms.
I/art     ( 1457): Counter: 0
I/Zygote  ( 1457): Preloading shared libraries...
D/Zygote  ( 1457): end preload
I/art     ( 1457): Explicit concurrent mark sweep GC freed 1752(95KB) AllocSpace objects, 0(0B) LOS objects, 39% free, 9MB/15MB, paused 56us total 3.463ms
I/art     ( 1457): Explicit concurrent mark sweep GC freed 543(22KB) AllocSpace objects, 0(0B) LOS objects, 39% free, 9MB/15MB, paused 55us total 3.144ms
I/ServiceManager( 1453): Waiting for service batterystats...
I/art     ( 1457): Explicit concurrent mark sweep GC freed 5(160B) AllocSpace objects, 0(0B) LOS objects, 39% free, 9MB/15MB, paused 55us total 3.049ms
I/Zygote  ( 1457): System server process 1677 has been created
I/Zygote  ( 1457): Accepting command socket connections
V/NatController( 1448): runCmd(/system/bin/iptables -F natctrl_FORWARD) res=0
V/NatController( 1448): runCmd(/system/bin/iptables -A natctrl_FORWARD -j DROP) res=0
V/NatController( 1448): runCmd(/system/bin/iptables -t nat -F natctrl_nat_POSTROUTING) res=0
I/InstallerConnection( 1677): disconnecting...
V/NatController( 1448): runCmd(/system/bin/iptables -F natctrl_tether_counters) res=1
I/SystemServer( 1677): Entered the Android system server!
V/NatController( 1448): runCmd(/system/bin/iptables -X natctrl_tether_counters) res=1
V/Fingerprint-JNI( 1677): FingerprintManager JNI ready.
D/SensorService( 1677): nuSensorService starting...
V/NatController( 1448): runCmd(/system/bin/iptables -N natctrl_tether_counters) res=0
D/SensorService( 1677): new thread SensorEventAckReceiver
D/SensorService( 1677): nuSensorService thread starting...
V/NatController( 1448): runCmd(/system/bin/iptables -t mangle -A natctrl_mangle_FORWARD -p tcp --tcp-flags SYN SYN -j TCPMSS --clamp-mss-to-pmtu) res=0
I/SystemServiceManager( 1677): Starting com.android.server.pm.Installer
I/Installer( 1677): Waiting for installd to be ready.
I/InstallerConnection( 1677): connecting...
I/installd( 1454): new connection
I/SystemServiceManager( 1677): Starting com.android.server.am.ActivityManagerService$Lifecycle
I/ActivityManager( 1677): Memory class: 192
I/IntentFirewall( 1677): Read new rules (A:0 B:0 S:0)
D/AppOps  ( 1677): AppOpsService published
I/SystemServiceManager( 1677): Starting com.android.server.power.PowerManagerService
W/libsuspend( 1677): Error writing 'on' to /sys/power/state: Invalid argument
I/libsuspend( 1677): Selected wakeup count
I/SystemServiceManager( 1677): Starting com.android.server.display.DisplayManagerService
I/SystemServiceManager( 1677): Starting phase 100
I/DisplayManagerService( 1677): Display device added: DisplayDeviceInfo{"内置屏幕": uniqueId="local:0", 1600 x 900, 60.000004 fps, supportedRefreshRates [60.000004], density 320, 320.0 x 320.0 dpi, appVsyncOff 0, presDeadline 17666666, touch INTERNAL, rotation 0, type BUILT_IN, state UNKNOWN, FLAG_DEFAULT_DISPLAY, FLAG_ROTATES_WITH_CONTENT, FLAG_SECURE, FLAG_SUPPORTS_PROTECTED_BUFFERS}
I/SystemServer( 1677): Package Manager
W/SystemConfig( 1677): No directory /system/etc/sysconfig, skipping
D/SELinuxMMAC( 1677): Using policy file /system/etc/security/mac_permissions.xml
D/PackageManager( 1677): No files in app dir /vendor/overlay
W/PackageParser( 1677): No actions in intent filter at /system/priv-app/Contacts/Contacts.apk Binary XML file line #356
W/ResourceType( 1677): Failure getting entry for 0x7f080277 (t=7 e=631) (error -75)
W/PackageParser( 1677): Unknown element under <intent-filter>: android at /system/priv-app/Telecom/Telecom.apk Binary XML file line #232
W/PackageParser( 1677): No actions in intent filter at /system/app/Bluetooth/Bluetooth.apk Binary XML file line #209
W/PackageParser( 1677): No actions in intent filter at /system/app/CMFileManager/CMFileManager.apk Binary XML file line #166
W/PackageParser( 1677): Unknown element under <application>: permission at /system/app/Gallery2/Gallery2.apk Binary XML file line #242
W/PackageParser( 1677): Unknown element under <application>: permission at /system/app/Gallery2/Gallery2.apk Binary XML file line #245
D/PackageManager( 1677): No files in app dir /system/vendor/app
D/PackageManager( 1677): No files in app dir /oem/app
W/PackageManager( 1677): Package com.tencent.mm desires unavailable shared library com.google.android.maps; ignoring!
W/PackageManager( 1677): Package com.tencent.mm desires unavailable shared library com.sec.android.app.multiwindow; ignoring!
W/PackageManager( 1677): Package com.tencent.mm desires unavailable shared library com.here.android; ignoring!
W/PackageManager( 1677): Package com.tencent.mm desires unavailable shared library soterkeystore; ignoring!
D/PackageManager( 1677): No files in app dir /data/app-private
W/PackageManager( 1677): Package com.tencent.mm desires unavailable shared library com.google.android.maps; ignoring!
W/PackageManager( 1677): Package com.tencent.mm desires unavailable shared library com.sec.android.app.multiwindow; ignoring!
W/PackageManager( 1677): Package com.tencent.mm desires unavailable shared library com.here.android; ignoring!
W/PackageManager( 1677): Package com.tencent.mm desires unavailable shared library soterkeystore; ignoring!
W/PackageManager( 1677): Package com.android.gallery3d desires unavailable shared library com.google.android.media.effects; ignoring!
W/PackageManager( 1677): Package com.android.gallery3d desires unavailable shared library com.google.android.media.effects; ignoring!
I/PackageManager( 1677): Adjusting ABI for : com.bignox.google.installer to x86
I/PackageManager( 1677): Adjusting ABI for : com.android.inputdevices to x86
I/PackageManager( 1677): Adjusting ABI for : com.vphone.launcher to x86
I/PackageManager( 1677): Adjusting ABI for : com.android.keychain to x86
I/PackageManager( 1677): Adjusting ABI for : com.android.inputservice to x86
I/PackageManager( 1677): Adjusting ABI for : com.android.server.telecom to x86
I/PackageManager( 1677): Adjusting ABI for : com.bignox.app.store.hd to x86
I/PackageManager( 1677): Adjusting ABI for : com.android.providers.settings to x86
I/PackageManager( 1677): Adjusting ABI for : com.android.settings to x86
I/PackageManager( 1677): Adjusting ABI for : com.android.location.fused to x86
I/PackageManager( 1677): Adjusting ABI for : com.vphone.helper to x86
I/PackageManager( 1677): Time to scan packages: 0.202 seconds
W/PackageManager( 1677): Unknown permission com.google.android.googleapps.permission.GOOGLE_AUTH in package com.android.providers.calendar
W/PackageManager( 1677): Unknown permission com.google.android.googleapps.permission.GOOGLE_AUTH.cl in package com.android.providers.calendar
W/PackageManager( 1677): Unknown permission com.huawei.authentication.HW_ACCESS_AUTH_SERVICE in package com.tencent.mm
W/PackageManager( 1677): Unknown permission com.android.launcher.permission.READ_SETTINGS in package com.tencent.mm
W/PackageManager( 1677): Unknown permission com.tencent.mm.location.permission.SEND_VIEW in package com.tencent.mm
W/PackageManager( 1677): Unknown permission com.huawei.android.launcher.permission.CHANGE_BADGE in package com.tencent.mm
W/PackageManager( 1677): Unknown permission android.permission.WRITE_APP_BADGE in package com.tencent.mm
W/PackageManager( 1677): Unknown permission android.permission.REQUEST_IGNORE_BATTERY_OPTIMIZATIONS in package com.tencent.mm
W/PackageManager( 1677): Unknown permission com.google.android.c2dm.permission.RECEIVE in package com.tencent.mm
W/PackageManager( 1677): Unknown permission com.bbk.launcher2.permission.READ_SETTINGS in package com.tencent.mm
W/PackageManager( 1677): Unknown permission com.android.vending.BILLING in package com.tencent.mm
W/PackageManager( 1677): Unknown permission android.permission.USE_FINGERPRINT in package com.tencent.mm
W/PackageManager( 1677): Unknown permission android.permission.REQUEST_INSTALL_PACKAGES in package com.tencent.mm
W/PackageManager( 1677): Unknown permission com.soter.permission.ACCESS_SOTER_KEYSTORE in package com.tencent.mm
W/PackageManager( 1677): Unknown permission android.permission.USE_FACERECOGNITION in package com.tencent.mm
W/PackageManager( 1677): Unknown permission com.android.launcher.permission.READ_SETTINGS in package com.android.onetimeinitializer
W/PackageManager( 1677): Unknown permission com.android.launcher.permission.WRITE_SETTINGS in package com.android.onetimeinitializer
W/PackageManager( 1677): Unknown permission com.cyanogenmod.filemanager.permissions.READ_THEME in package com.cyanogenmod.filemanager
W/PackageManager( 1677): Unknown permission com.google.android.googleapps.permission.GOOGLE_AUTH in package com.android.settings
W/PackageManager( 1677): Unknown permission com.android.launcher.permission.READ_SETTINGS in package com.android.settings
W/PackageManager( 1677): Unknown permission com.android.launcher.permission.WRITE_SETTINGS in package com.android.settings
W/PackageManager( 1677): Not granting permission android.permission.MOUNT_UNMOUNT_FILESYSTEMS to package com.baidu.listenerapk (protectionLevel=18 flags=0x8be44)
W/PackageManager( 1677): Unknown permission com.android.smspush.WAPPUSH_MANAGER_BIND in package com.android.phone
W/PackageManager( 1677): Unknown permission com.android.launcher.permission.READ_SETTINGS in package com.bignox.app.store.hd
W/PackageManager( 1677): Unknown permission com.android.launcher.permission.WRITE_SETTINGS in package com.bignox.app.store.hd
W/PackageManager( 1677): Unknown permission com.google.android.gallery3d.permission.GALLERY_PROVIDER in package com.android.bluetooth
W/PackageManager( 1677): Unknown permission android.permission.MMS_SEND_OUTBOX_MSG in package com.android.bluetooth
I/art     ( 1677): Explicit concurrent mark sweep GC freed 34560(2MB) AllocSpace objects, 27(432KB) LOS objects, 33% free, 9MB/14MB, paused 124us total 21.234ms
I/SystemServer( 1677): User Service
I/lowmemorykiller( 1440): ActivityManager connected
I/SystemServiceManager( 1677): Starting com.android.server.lights.LightsService
I/SystemServiceManager( 1677): Starting com.android.server.BatteryService
I/SystemServiceManager( 1677): Starting com.android.server.usage.UsageStatsService
I/SystemServiceManager( 1677): Starting com.android.server.webkit.WebViewUpdateService
I/SystemServer( 1677): Reading configuration...
I/SystemServer( 1677): Scheduling Policy
I/SystemServiceManager( 1677): Starting com.android.server.telecom.TelecomLoaderService
I/SystemServer( 1677): Telephony Registry
I/SystemServer( 1677): Entropy Mixer
I/EntropyMixer( 1677): Writing entropy...
I/SystemServer( 1677): Account Manager
I/SystemServer( 1677): Content Manager
I/SystemServer( 1677): System Content Providers
W/SettingsProvider( 1677): set ANDROID_ID from persist.nox.androidid
I/SystemServer( 1677): Vibrator Service
I/SystemServer( 1677): Consumer IR Service
E/ConsumerIrService( 1677): Can't open consumer IR HW Module, error: -2
I/SystemServiceManager( 1677): Starting com.android.server.AlarmManagerService
D/AlarmManagerService( 1677): Kernel timezone updated to -480 minutes west of GMT
I/SystemServer( 1677): Init Watchdog
I/SystemServer( 1677): Input Manager
I/InputManager( 1677): Initializing input manager, mUseDevInputEventForAudioJack=false
I/SystemServer( 1677): Window Manager
I/WindowManager( 1677): No existing display settings /data/system/display_settings.xml; starting empty
D/PermissionCache( 1443): checking android.permission.ACCESS_SURFACE_FLINGER for uid=1000 => granted (176 us)
I/InputManager( 1677): Starting input manager
I/SystemServer( 1677): Bluetooth Manager Service
D/BluetoothManagerService( 1677): Loading stored name and address
D/BluetoothManagerService( 1677): Stored bluetooth Name=Nexus 6,Address=22:22:39:BC:53:54
I/SystemServer( 1677): Input Method Service
W/EventHub( 1677): Unable to disable kernel key repeat for /dev/input/event4: Function not implemented
I/EventHub( 1677): removing ALPHAKEY class from /dev/input/event4
I/EventHub( 1677): New device: id=1, fd=78, path='/dev/input/event4', name='Android_Input', classes=0x15, configuration='/system/usr/idc/Android_Input.idc', keyLayout='/system/usr/keylayout/Android_Input.kl', keyCharacterMap='/system/usr/keychars/Generic.kcm', builtinKeyboard=false, wakeMechanism=EPOLLWAKEUP, usingClockIoctl=true
E/EventHub( 1677): could not get driver version for /dev/input/mouse0, Not a typewriter
W/InputMethodManagerService( 1677): Couldn't create dir.: /data/system/inputmethod
I/SystemServer( 1677): Accessibility Manager
D/SurfaceFlinger( 1443): setOrientation, mFbdev=0xb68613c0, mFbDev->setOrientation=0xb7020060, orientation=0
I/gralloc_nox( 1443): setOrientation: orientation=0
I/SystemServer( 1677): Mount Service
D/MountService( 1677): got storage path: /mnt/sdcard description: 内部存储设备 primary: true removable: false emulated: true mtpReserve: 100 allowMassStorage: false maxFileSize: 0
D/MountService( 1677): addVolumeLocked() StorageVolume:
D/MountService( 1677):     mStorageId=65537 mPath=/storage/emulated/0 mDescriptionId=17040812 
D/MountService( 1677):     mPrimary=true mRemovable=false mEmulated=true mMtpReserveSpace=100 
D/MountService( 1677):     mAllowMassStorage=false mMaxFileSize=0 mOwner=UserHandle{0} mUuid=null 
D/MountService( 1677):     mUserLabel=null mState=null 
I/SystemServer( 1677): LockSettingsService
I/SystemServiceManager( 1677): Starting com.android.server.devicepolicy.DevicePolicyManagerService$Lifecycle
I/SystemServer( 1677): Status Bar
I/SystemServer( 1677): Clipboard Service
I/SystemServer( 1677): NetworkManagement Service
I/iptables( 1448): iptables: Invalid argument. Run `dmesg' for more information.
I/iptables( 1448): iptables terminated by exit(1)
E/BandwidthController( 1448): runIptablesCmd(): res=1 status=256 failed /system/bin/iptables -A bw_INPUT -m owner --socket-exists
E/NetdConnector( 1677): Communications error: java.io.IOException: Connection refused
E/NetdConnector( 1677): Error in NativeDaemonConnector: java.io.IOException: Connection refused
I/ip6tables( 1448): ip6tables: Invalid argument. Run `dmesg' for more information.
E/MountService( 1677): Error processing initial volume state
E/MountService( 1677): java.lang.NullPointerException: Attempt to invoke virtual method 'java.lang.String android.os.storage.StorageVolume.getPath()' on a null object reference
E/MountService( 1677): 	at com.android.server.MountService.updatePublicVolumeState(MountService.java:746)
E/MountService( 1677): 	at com.android.server.MountService.access$1700(MountService.java:119)
E/MountService( 1677): 	at com.android.server.MountService$3.run(MountService.java:840)
I/ip6tables( 1448): ip6tables terminated by exit(1)
E/BandwidthController( 1448): runIptablesCmd(): res=1 status=256 failed /system/bin/ip6tables -A bw_INPUT -m owner --socket-exists
I/PackageManager( 1677): No secure containers found
W/PackageManager( 1677): Unknown permission com.google.android.googleapps.permission.GOOGLE_AUTH in package com.android.providers.calendar
W/PackageManager( 1677): Unknown permission com.google.android.googleapps.permission.GOOGLE_AUTH.cl in package com.android.providers.calendar
W/PackageManager( 1677): Unknown permission com.huawei.authentication.HW_ACCESS_AUTH_SERVICE in package com.tencent.mm
W/PackageManager( 1677): Unknown permission com.android.launcher.permission.READ_SETTINGS in package com.tencent.mm
W/PackageManager( 1677): Unknown permission com.tencent.mm.location.permission.SEND_VIEW in package com.tencent.mm
W/PackageManager( 1677): Unknown permission com.huawei.android.launcher.permission.CHANGE_BADGE in package com.tencent.mm
W/PackageManager( 1677): Unknown permission android.permission.WRITE_APP_BADGE in package com.tencent.mm
W/PackageManager( 1677): Unknown permission android.permission.REQUEST_IGNORE_BATTERY_OPTIMIZATIONS in package com.tencent.mm
W/PackageManager( 1677): Unknown permission com.google.android.c2dm.permission.RECEIVE in package com.tencent.mm
W/PackageManager( 1677): Unknown permission com.bbk.launcher2.permission.READ_SETTINGS in package com.tencent.mm
W/PackageManager( 1677): Unknown permission com.android.vending.BILLING in package com.tencent.mm
W/PackageManager( 1677): Unknown permission android.permission.USE_FINGERPRINT in package com.tencent.mm
W/PackageManager( 1677): Unknown permission android.permission.REQUEST_INSTALL_PACKAGES in package com.tencent.mm
W/PackageManager( 1677): Unknown permission com.soter.permission.ACCESS_SOTER_KEYSTORE in package com.tencent.mm
W/PackageManager( 1677): Unknown permission android.permission.USE_FACERECOGNITION in package com.tencent.mm
W/PackageManager( 1677): Unknown permission com.android.launcher.permission.READ_SETTINGS in package com.android.onetimeinitializer
W/PackageManager( 1677): Unknown permission com.android.launcher.permission.WRITE_SETTINGS in package com.android.onetimeinitializer
W/PackageManager( 1677): Unknown permission com.cyanogenmod.filemanager.permissions.READ_THEME in package com.cyanogenmod.filemanager
W/PackageManager( 1677): Unknown permission com.google.android.googleapps.permission.GOOGLE_AUTH in package com.android.settings
W/PackageManager( 1677): Unknown permission com.android.launcher.permission.READ_SETTINGS in package com.android.settings
W/PackageManager( 1677): Unknown permission com.android.launcher.permission.WRITE_SETTINGS in package com.android.settings
W/PackageManager( 1677): Not granting permission android.permission.MOUNT_UNMOUNT_FILESYSTEMS to package com.baidu.listenerapk (protectionLevel=18 flags=0x8be44)
W/PackageManager( 1677): Unknown permission com.android.smspush.WAPPUSH_MANAGER_BIND in package com.android.phone
W/PackageManager( 1677): Unknown permission com.android.launcher.permission.READ_SETTINGS in package com.bignox.app.store.hd
W/PackageManager( 1677): Unknown permission com.android.launcher.permission.WRITE_SETTINGS in package com.bignox.app.store.hd
W/PackageManager( 1677): Unknown permission com.google.android.gallery3d.permission.GALLERY_PROVIDER in package com.android.bluetooth
W/PackageManager( 1677): Unknown permission android.permission.MMS_SEND_OUTBOX_MSG in package com.android.bluetooth
D/OpenGLRenderer( 1677): Use EGL_SWAP_BEHAVIOR_PRESERVED: true
W/WindowManager( 1677): updateFocusedWindowLocked, focusedAppToken is null.
E/NetdConnector( 1677): Communications error: java.io.IOException: Connection refused
E/NetdConnector( 1677): Error in NativeDaemonConnector: java.io.IOException: Connection refused
D/EventHub( 1677): No input device configuration file found for device 'gpio-keys'.
W/EventHub( 1677): Unable to disable kernel key repeat for /dev/input/event3: Function not implemented
I/EventHub( 1677): removing ALPHAKEY class from /dev/input/event3
I/EventHub( 1677): New device: id=2, fd=92, path='/dev/input/event3', name='gpio-keys', classes=0x81, configuration='', keyLayout='/system/usr/keylayout/gpio-keys.kl', keyCharacterMap='/system/usr/keychars/gpio-keys.kcm', builtinKeyboard=false, wakeMechanism=EPOLLWAKEUP, usingClockIoctl=true
D/EventHub( 1677): No input device configuration file found for device 'Sleep Button'.
W/EventHub( 1677): Unable to disable kernel key repeat for /dev/input/event1: Function not implemented
I/EventHub( 1677): removing ALPHAKEY class from /dev/input/event1
I/EventHub( 1677): New device: id=3, fd=93, path='/dev/input/event1', name='Sleep Button', classes=0x1, configuration='', keyLayout='/system/usr/keylayout/Generic.kl', keyCharacterMap='/system/usr/keychars/Generic.kcm', builtinKeyboard=false, wakeMechanism=EPOLLWAKEUP, usingClockIoctl=true
D/EventHub( 1677): No input device configuration file found for device 'Power Button'.
W/EventHub( 1677): Unable to disable kernel key repeat for /dev/input/event0: Function not implemented
I/EventHub( 1677): removing ALPHAKEY class from /dev/input/event0
I/EventHub( 1677): New device: id=4, fd=94, path='/dev/input/event0', name='Power Button', classes=0x1, configuration='', keyLayout='/system/usr/keylayout/Generic.kl', keyCharacterMap='/system/usr/keychars/Generic.kcm', builtinKeyboard=false, wakeMechanism=EPOLLWAKEUP, usingClockIoctl=true
D/EventHub( 1677): No input device configuration file found for device 'Video Bus'.
W/EventHub( 1677): Unable to disable kernel key repeat for /dev/input/event2: Function not implemented
I/EventHub( 1677): removing ALPHAKEY class from /dev/input/event2
I/EventHub( 1677): New device: id=5, fd=95, path='/dev/input/event2', name='Video Bus', classes=0x1, configuration='', keyLayout='/system/usr/keylayout/Generic.kl', keyCharacterMap='/system/usr/keychars/Generic.kcm', builtinKeyboard=false, wakeMechanism=EPOLLWAKEUP, usingClockIoctl=true
E/EventHub( 1677): could not get driver version for /dev/input/mice, Not a typewriter
E/NetdConnector( 1677): Communications error: java.io.IOException: Connection refused
E/NetdConnector( 1677): Error in NativeDaemonConnector: java.io.IOException: Connection refused
I/NOX     ( 1767): Starting deamon
D/libEGL  ( 1677): loaded /system/lib/egl/libEGL_adreno.so
E/NetdConnector( 1677): Communications error: java.io.IOException: Connection refused
E/NetdConnector( 1677): Error in NativeDaemonConnector: java.io.IOException: Connection refused
D/        ( 1677): HostConnection::get() New Host Connection established 0xa201f4b0, tid 1773
D/libEGL  ( 1677): loaded /system/lib/egl/libGLESv1_CM_adreno.so
D/libEGL  ( 1677): loaded /system/lib/egl/libGLESv2_adreno.so
I/OpenGLRenderer( 1677): Initialized EGL, version 1.4
I/InputReader( 1677): Device added: id=-1, name='Virtual', sources=0x00000301
I/InputReader( 1677): Device added: id=5, name='Video Bus', sources=0x00000101
I/InputReader( 1677): Device added: id=4, name='Power Button', sources=0x00000101
I/InputReader( 1677): Device added: id=3, name='Sleep Button', sources=0x00000101
I/InputReader( 1677): Device added: id=2, name='gpio-keys', sources=0x80000101
I/InputReader( 1677):   Touch device 'Android_Input' could not query the properties of its associated display.  The device will be inoperable until the display size becomes available.
I/InputReader( 1677): Device added: id=1, name='Android_Input', sources=0x00001103
I/InputReader( 1677): Reconfiguring input devices.  changes=0x00000004
I/InputReader( 1677): Device reconfigured: id=1, name='Android_Input', size 1600x900, orientation 0, mode 1, display id 0
D/OpenGLRenderer( 1677): Enabling debug mode 0
I/SurfaceFlinger( 1443): Boot is finished (1804 ms)
E/NetdConnector( 1677): Communications error: java.io.IOException: Connection refused
E/NetdConnector( 1677): Error in NativeDaemonConnector: java.io.IOException: Connection refused
E/Netd    ( 1448): cannot find interface dummy0
E/Netd    ( 1448): Unable to create netlink socket: Protocol not supported
E/Netd    ( 1448): Unable to open quota2 logging socket
D/MDnsDS  ( 1448): MDnsSdListener::Hander starting up
D/MDnsDS  ( 1448): MDnsSdListener starting to monitor
D/MDnsDS  ( 1448): Going to poll with pollCount 1
D/        ( 1443): HostConnection::get() New Host Connection established 0xb602d280, tid 1763
I/SystemServer( 1677): Text Service Manager Service
W/TextServicesManagerService( 1677): no available spell checker services found
I/SystemServer( 1677): Network Score Service
I/SystemServer( 1677): NetworkStats Service
I/SystemServer( 1677): NetworkPolicy Service
I/SystemServiceManager( 1677): Starting com.android.server.wifi.p2p.WifiP2pService
I/WifiP2pService( 1677): Registering wifip2p
I/SystemServiceManager( 1677): Starting com.android.server.wifi.WifiService
E/WifiConfigStore( 1677): associatedPartialScanPeriodMilli set to 20000
D/WifiController( 1677): isAirplaneModeOn = false, isWifiEnabled = true, isScanningAvailable = false
I/WifiService( 1677): Registering wifi
I/SystemServiceManager( 1677): Starting com.android.server.wifi.WifiScanningService
I/WifiScanningService( 1677): Creating wifiscanner
I/WifiScanningService( 1677): Starting wifiscanner
I/SystemServiceManager( 1677): Starting com.android.server.wifi.RttService
I/RttService( 1677): Creating rttmanager
I/RttService( 1677): Starting rttmanager
I/SystemServer( 1677): Connectivity Service
D/ConnectivityService( 1677): ConnectivityService starting up
D/ConnectivityService( 1677): wifiOnly=false
E/ConnectivityService( 1677): Ignoring protectedNetwork 10
E/ConnectivityService( 1677): Ignoring protectedNetwork 11
E/ConnectivityService( 1677): Ignoring protectedNetwork 12
E/ConnectivityService( 1677): Ignoring protectedNetwork 14
E/ConnectivityService( 1677): Ignoring protectedNetwork 15
I/SystemServer( 1677): Network Service Discovery Service
D/NsdService( 1677): Network service discovery enabled true
I/SystemServer( 1677): UpdateLock Service
I/SystemServiceManager( 1677): Starting com.android.server.notification.NotificationManagerService
I/SystemServiceManager( 1677): Starting com.android.server.storage.DeviceStorageMonitorService
I/SystemServer( 1677): Location Manager
I/SystemServer( 1677): Country Detector
I/SystemServer( 1677): Search Service
I/SystemServer( 1677): DropBox Service
I/SystemServer( 1677): Wallpaper Service
I/SystemServer( 1677): Audio Service
I/ServiceManager( 1677): Waiting for service media.audio_policy...
W/TelecomManager( 1677): Telecom Service not found.
I/CameraService( 1453): CameraService started (pid=1453)
E/CameraService( 1453): Could not load camera HAL module
I/AudioPolicyService( 1453): AudioPolicyService CSTOR in new mode
I/AudioPolicyManager( 1453): loadAudioPolicyConfig() loaded /system/etc/audio_policy.conf
I/AudioFlinger( 1453): loadHwModule() Loaded primary audio interface from NOX audio HW HAL (audio) handle 1
I/AudioFlinger( 1453): HAL output buffer size 880 frames, normal sink buffer size 1056 frames
I/AudioMixer( 1453): found effect "Multichannel Downmix To Stereo" from The Android Open Source Project
E/MonoPipe( 1453): Failed to fetch local time frequency when constructing a MonoPipe (res = -32).  getNextWriteTimestamp calls will be non-functional
I/AudioFlinger( 1453): Using module 1 has the primary audio interface
I/AudioFlinger( 1453): AudioFlinger's thread 0xb58b9000 ready to run
I/AudioFlinger( 1453): AudioFlinger's thread 0xb5959000 ready to run
E/SoundTriggerHwService( 1453): couldn't load sound trigger module sound_trigger.primary (No such file or directory)
I/SystemServiceManager( 1677): Starting com.android.server.DockObserver
W/DockObserver( 1677): This kernel does not have dock station support
I/SystemServer( 1677): Wired Accessory Manager
W/WiredAccessoryManager( 1677): This kernel does not have wired headset support
W/WiredAccessoryManager( 1677): This kernel does not have usb audio support
W/WiredAccessoryManager( 1677): This kernel does not have HDMI audio support
I/SystemServiceManager( 1677): Starting com.android.server.usb.UsbService$Lifecycle
I/SystemServer( 1677): Serial Service
I/SystemServiceManager( 1677): Starting com.android.server.twilight.TwilightService
I/SystemServiceManager( 1677): Starting com.android.server.UiModeManagerService
I/SystemServiceManager( 1677): Starting com.android.server.job.JobSchedulerService
I/SystemServiceManager( 1677): Starting com.android.server.backup.BackupManagerService$Lifecycle
I/SystemServiceManager( 1677): Starting com.android.server.appwidget.AppWidgetService
I/SystemServiceManager( 1677): Starting com.android.server.voiceinteraction.VoiceInteractionManagerService
W/SoundTriggerHelper( 1677): listModules status=0, # of modules=0
I/SystemServer( 1677): DiskStats Service
I/SystemServer( 1677): SamplingProfiler Service
I/SystemServer( 1677): NetworkTimeUpdateService
I/SystemServer( 1677): CommonTimeManagementService
I/SystemServer( 1677): CertBlacklister
I/SystemServiceManager( 1677): Starting com.android.server.dreams.DreamManagerService
I/SystemServer( 1677): Assets Atlas Service
I/SystemServiceManager( 1677): Starting com.android.server.print.PrintManagerService
I/SystemServiceManager( 1677): Starting com.android.server.restrictions.RestrictionsManagerService
I/SystemServiceManager( 1677): Starting com.android.server.media.MediaSessionService
I/SystemServer( 1677): Media Router Service
I/SystemServiceManager( 1677): Starting com.android.server.trust.TrustManagerService
I/SystemServiceManager( 1677): Starting com.android.server.fingerprint.FingerprintService
V/Fingerprint-JNI( 1677): nativeInit()
V/Fingerprint-JNI( 1677): nativeOpenHal()
E/Fingerprint-JNI( 1677): Can't open fingerprint HW Module, error: -2
I/SystemServer( 1677): BackgroundDexOptService
I/SystemServiceManager( 1677): Starting com.android.server.pm.LauncherAppsService
I/SystemServiceManager( 1677): Starting com.android.server.media.projection.MediaProjectionManagerService
I/WindowManager( 1677): SAFE MODE not enabled
I/SystemServiceManager( 1677): Starting com.android.server.MmsServiceBroker
E/SQLiteLog( 1677): (283) recovered 16 frames from WAL file /data/system/locksettings.db-wal
E/LockSettingsStorage( 1677): Cannot read file java.io.FileNotFoundException: /data/system/password.key: open failed: ENOENT (No such file or directory)
E/LockSettingsStorage( 1677): Cannot read file java.io.FileNotFoundException: /data/system/gesture.key: open failed: ENOENT (No such file or directory)
I/SystemServiceManager( 1677): Starting phase 480
D/AssetAtlas( 1677): Loaded configuration: SliceMinArea (960x1216) flags=0x2 count=446
I/SystemServiceManager( 1677): Starting phase 500
I/WifiService( 1677): WifiService starting up with Wi-Fi enabled
D/WifiService( 1677): setWifiEnabled: true pid=1677, uid=1000
E/WifiService( 1677): Invoking mWifiStateMachine.setWifiEnabled
D/WifiController( 1677): WifiController msg { when=0 what=155656 target=com.android.internal.util.StateMachine$SmHandler } deferred for 500ms
D/WifiService( 1677): New client listening to asynchronous messages
I/WifiScanningService( 1677): Registering wifiscanner
D/WifiScanningService( 1677): New client, channel: null messenger: null
D/        ( 1677): HostConnection::get() New Host Connection established 0xa2135b40, tid 1815
I/RttService( 1677): Registering rttmanager
D/WifiChangeStateMachine( 1677): Entering IdleState
D/WifiScanningService( 1677): DefaultState
I/ActivityManager( 1677): Config changes=200 {1.0 ?mcc?mnc zh_CN ?layoutDir ?swdp ?wdp ?hdp ?density ?lsize ?long ?orien ?touch ?keyb/?/? ?nav/? s.2}
V/BackupManagerService( 1677): No ancestral data
D/BackupManagerService( 1677): Now staging backup of com.android.browser
D/BackupManagerService( 1677): Now staging backup of android
D/BackupManagerService( 1677): Now staging backup of com.android.providers.settings
D/BackupManagerService( 1677): Now staging backup of com.android.sharedstoragebackup
D/BackupManagerService( 1677): Now staging backup of com.android.providers.userdictionary
V/BackupManagerService( 1677): Starting with transport android/com.android.internal.backup.LocalTransport
V/BackupManagerService( 1677): Found transports: 1
I/BackupManagerService( 1677): Binding to transport host ComponentInfo{android/com.android.internal.backup.LocalTransportService}
I/BackupManagerService( 1677): Found stale backup journal, scheduling
I/UsageStatsService( 1677): User[0] Rollover scheduled @ 2020-02-27 08:00:00(1582761600000)
I/DisplayManagerService( 1677): Display device changed: DisplayDeviceInfo{"内置屏幕": uniqueId="local:0", 1600 x 900, 60.000004 fps, supportedRefreshRates [60.000004], density 320, 320.0 x 320.0 dpi, appVsyncOff 0, presDeadline 17666666, touch INTERNAL, rotation 0, type BUILT_IN, state ON, FLAG_DEFAULT_DISPLAY, FLAG_ROTATES_WITH_CONTENT, FLAG_SECURE, FLAG_SUPPORTS_PROTECTED_BUFFERS}
D/SurfaceFlinger( 1443): Set power mode=2, type=0 flinger=0xb685d000
D/SurfaceFlinger( 1443): Screen type=0 is already mode=2
I/ActivityManager( 1677): System now ready
I/SystemServer( 1677): Making services ready
I/SystemServiceManager( 1677): Starting phase 550
I/SystemServer( 1677): WebViewFactory preparation
I/Zygote  ( 1677): Process: zygote socket opened, supported ABIS: x86,armeabi-v7a,armeabi
D/AssetAtlas( 1677): Rendered atlas in 65.05ms (5.09+59.96ms)
I/ContactLocale( 1998): AddressBook Labels [zh-CN]: [, A, B, C, D, E, F, G, H, I, J, K, L, M, N, O, P, Q, R, S, T, U, V, W, X, Y, Z, Α, Β, Γ, Δ, Ε, Ζ, Η, Θ, Ι, Κ, Λ, Μ, Ν, Ξ, Ο, Π, Ρ, Σ, Τ, Υ, Φ, Χ, Ψ, Ω, , А, Б, В, Г, Д, Ђ, Е, Є, Ж, З, И, І, Ї, Й, Ј, К, Л, Љ, М, Н, Њ, О, П, Р, С, Т, Ћ, У, Ф, Х, Ц, Ч, Џ, Ш, Щ, Ю, Я, , א, ב, ג, ד, ה, ו, ז, ח, ט, י, כ, ל, מ, נ, ס, ע, פ, צ, ק, ר, ש, ת, , ا, ب, ت, ث, ج, ح, خ, د, ذ, ر, ز, س, ش, ص, ض, ط, ظ, ع, غ, ف, ق, ك, ل, م, ن, ه, و, ي, , ก, ข, ฃ, ค, ฅ, ฆ, ง, จ, ฉ, ช, ซ, ฌ, ญ, ฎ, ฏ, ฐ, ฑ, ฒ, ณ, ด, ต, ถ, ท, ธ, น, บ, ป, ผ, ฝ, พ, ฟ, ภ, ม, ย, ร, ฤ, ล, ฦ, ว, ศ, ษ, ส, ห, ฬ, อ, ฮ, , ㄱ, ㄴ, ㄷ, ㄹ, ㅁ, ㅂ, ㅅ, ㅇ, ㅈ, ㅊ, ㅋ, ㅌ, ㅍ, ㅎ, , あ, か, さ, た, な, は, ま, や, ら, わ, #, ]
V/WebViewFactory( 1825): RelroFileCreator (64bit = false),  32-bit lib: /system/app/webview/lib/x86/libwebviewchromium.so, 64-bit lib: 
W/linker  ( 1825): libwebviewchromium.so: unused DT entry: type 0x6ffffef5 arg 0x4ae8
W/linker  ( 1825): libwebviewchromium.so: unused DT entry: type 0x6ffffffe arg 0x4a88
W/linker  ( 1825): libwebviewchromium.so: unused DT entry: type 0x6fffffff arg 0x3
I/ActivityManager( 1677): Start proc 1825:WebViewLoader-x86/1037 [android.webkit.WebViewFactory$RelroFileCreator] for 
D/TelephonyDebugService( 1908): TelephonyDebugService()
I/ActivityManager( 1677): Start proc 1841:com.android.systemui/u0a10 for service com.android.systemui/.SystemUIService
W/MountService( 1677): Duplicate state transition (mounted -> mounted) for /storage/emulated/0
D/NetworkManagementService( 1677): not enabling bandwidth control
D/WifiService( 1677): New client listening to asynchronous messages
D/Launcher.LauncherProvider( 1943): 11683562 - initializeMaxScreenId(): 1
I/art     ( 1825): System.exit called, status: 0
I/AndroidRuntime( 1825): VM exiting with result code 0, cleanup skipped.
W/NetworkStats( 1677): bandwidth controls disabled, unable to track stats
W/NetworkPolicy( 1677): bandwidth controls disabled, unable to enforce policy
I/Telephony( 1908): PstnIncomingCallNotifier: Registering: Handler (com.android.internal.telephony.gsm.GSMPhone) {2cca3049}
D/WifiService( 1677): New client listening to asynchronous messages
V/Launcher( 1943): LauncherAppState inited
D/BluetoothManagerService( 1677): Message: 20
D/BluetoothManagerService( 1677): Added callback: android.bluetooth.IBluetoothManagerCallback$Stub$Proxy@2bdc785a:true
V/SystemUIService( 1841): Starting SystemUI services.
D/BluetoothAdapter( 1841): 1034248408: getState() :  mService = null. Returning STATE_OFF
D/BluetoothAdapter( 1841): 1034248408: getState() :  mService = null. Returning STATE_OFF
D/BluetoothManagerService( 1677): Message: 30
D/PermissionMonitor( 1677): Monitoring
D/PermissionMonitor( 1677): Users: 1, Apps: 33
D/BluetoothManagerService( 1677): Message: 30
I/SystemServiceManager( 1677): Starting phase 600
E/BluetoothA2dpSink( 1841): Could not bind to Bluetooth A2DP Service with Intent { act=android.bluetooth.IBluetoothA2dpSink }
D/BluetoothManagerService( 1677): Message: 30
E/BluetoothAvrcpController( 1841): Could not bind to Bluetooth AVRCP Controller Service with Intent { act=android.bluetooth.IBluetoothAvrcpController }
D/BluetoothManagerService( 1677): Message: 20
D/BluetoothManagerService( 1677): Added callback: android.bluetooth.BluetoothAdapter$1@10cf9da1:true
D/BluetoothManagerService( 1677): Message: 30
