D/GpsLocationProvider( 1677): GpsParamsResource: NTP_SERVER=north-america.pool.ntp.org
D/GpsLocationProvider( 1677): GpsParamsResource: SUPL_VER=0x20000
D/GpsLocationProvider( 1677): GpsParamsResource: SUPL_MODE=1
D/GpsLocationProvider( 1677): GPS properties reloaded, size = 8
E/GpsLocationProvider( 1677): no AGPS interface in set_agps_server
E/GpsLocationProvider( 1677): no GPS configuration interface in configuraiton_update
D/GpsLocationProvider( 1677): final config = #Wed Feb 26 11:18:26 GMT+08:00 2020
D/GpsLocationProvider( 1677): SUPL_VER=0x20000
D/GpsLocationProvider( 1677): SUPL_HOST=supl.google.com
D/GpsLocationProvider( 1677): XTRA_SERVER_3=http\://xtra3.gpsonextra.net/xtra.bin
D/GpsLocationProvider( 1677): XTRA_SERVER_1=http\://xtra1.gpsonextra.net/xtra.bin
D/GpsLocationProvider( 1677): SUPL_PORT=7276
D/GpsLocationProvider( 1677): XTRA_SERVER_2=http\://xtra2.gpsonextra.net/xtra.bin
D/GpsLocationProvider( 1677): NTP_SERVER=north-america.pool.ntp.org
D/GpsLocationProvider( 1677): SUPL_MODE=1
W/DebugConnManager( 1677): getNetworkInfo() on networkType 1
D/GpsLocationProvider( 1677): received SIM realted action: 
D/GpsLocationProvider( 1677): SIM MCC/MNC is available: 46007
D/GpsLocationProvider( 1677): Reset GPS properties, previous size = 8
D/GpsLocationProvider( 1677): GpsParamsResource: SUPL_HOST=supl.google.com
D/GpsLocationProvider( 1677): GpsParamsResource: SUPL_PORT=7275
D/GpsLocationProvider( 1677): GpsParamsResource: NTP_SERVER=north-america.pool.ntp.org
D/GpsLocationProvider( 1677): GpsParamsResource: SUPL_VER=0x20000
D/GpsLocationProvider( 1677): GpsParamsResource: SUPL_MODE=1
D/GpsLocationProvider( 1677): GPS properties reloaded, size = 8
E/GpsLocationProvider( 1677): no AGPS interface in set_agps_server
E/GpsLocationProvider( 1677): no GPS configuration interface in configuraiton_update
D/GpsLocationProvider( 1677): final config = #Wed Feb 26 11:18:26 GMT+08:00 2020
D/GpsLocationProvider( 1677): SUPL_VER=0x20000
D/GpsLocationProvider( 1677): SUPL_HOST=supl.google.com
D/GpsLocationProvider( 1677): XTRA_SERVER_3=http\://xtra3.gpsonextra.net/xtra.bin
D/GpsLocationProvider( 1677): XTRA_SERVER_1=http\://xtra1.gpsonextra.net/xtra.bin
D/GpsLocationProvider( 1677): SUPL_PORT=7276
D/GpsLocationProvider( 1677): XTRA_SERVER_2=http\://xtra2.gpsonextra.net/xtra.bin
D/GpsLocationProvider( 1677): NTP_SERVER=north-america.pool.ntp.org
D/GpsLocationProvider( 1677): SUPL_MODE=1
D/PhoneInterfaceManager( 1908): [PhoneIntfMgr] getDataEnabled: subId=2 phoneId=0
D/PhoneInterfaceManager( 1908): [PhoneIntfMgr] getDataEnabled: subId=2 retVal=true
D/TelephonyManager( 1677): getDataEnabled: retVal=true
E/GpsLocationProvider( 1677): No APN found to select.
D/GpsLocationProvider( 1677): NTP server returned: 1582687086481 (Wed Feb 26 11:18:06 GMT+08:00 2020) reference: 15927 certainty: 18 system time offset: -20245
E/WifiStateMachine( 1677): WifiStateMachine L2Connected CMD_START_SCAN source -2 2, 3 -> obsolete
D/AndroidRuntime( 2512): >>>>>> START com.android.internal.os.RuntimeInit uid 0 <<<<<<
D/AndroidRuntime( 2512): CheckJNI is OFF
W/        ( 2512): Failed to bind-mount /system/lib/x86/cpuinfo as /proc/cpuinfo: No such file or directory
E/        ( 2512): Cannot create code cache directory ./code_cache: Read-only file system.
E/memtrack( 2512): Couldn't load memtrack module (No such file or directory)
E/android.os.Debug( 2512): failed to load memtrack module: -2
D/AndroidRuntime( 2512): Calling main entry com.android.commands.am.Am
D/AndroidRuntime( 2512): Shutting down VM
D/AndroidRuntime( 2552): >>>>>> START com.android.internal.os.RuntimeInit uid 0 <<<<<<
D/AndroidRuntime( 2552): CheckJNI is OFF
W/        ( 2552): Failed to bind-mount /system/lib/x86/cpuinfo as /proc/cpuinfo: No such file or directory
E/        ( 2552): Cannot create code cache directory ./code_cache: Read-only file system.
E/memtrack( 2552): Couldn't load memtrack module (No such file or directory)
E/android.os.Debug( 2552): failed to load memtrack module: -2
D/AndroidRuntime( 2552): Calling main entry com.android.commands.settings.SettingsCmd
D/AndroidRuntime( 2552): Shutting down VM
D/AndroidRuntime( 2568): >>>>>> START com.android.internal.os.RuntimeInit uid 0 <<<<<<
D/AndroidRuntime( 2568): CheckJNI is OFF
W/        ( 2568): Failed to bind-mount /system/lib/x86/cpuinfo as /proc/cpuinfo: No such file or directory
E/        ( 2568): Cannot create code cache directory ./code_cache: Read-only file system.
E/memtrack( 2568): Couldn't load memtrack module (No such file or directory)
E/android.os.Debug( 2568): failed to load memtrack module: -2
D/AndroidRuntime( 2568): Calling main entry com.android.commands.am.Am
D/AlarmManagerService( 1677): Kernel timezone updated to -480 minutes west of GMT
D/AndroidRuntime( 2568): Shutting down VM
W/DebugConnManager( 1943): getNetworkInfo() on networkType 1
I/ActivityManager( 1677): Waited long enough for: ServiceRecord{2d5fb897 u0 com.bignox.app.store.hd/.services.StoreService}
D/AndroidRuntime( 2614): >>>>>> START com.android.internal.os.RuntimeInit uid 0 <<<<<<
D/AndroidRuntime( 2614): CheckJNI is OFF
W/        ( 2614): Failed to bind-mount /system/lib/x86/cpuinfo as /proc/cpuinfo: No such file or directory
E/        ( 2614): Cannot create code cache directory ./code_cache: Read-only file system.
E/memtrack( 2614): Couldn't load memtrack module (No such file or directory)
E/android.os.Debug( 2614): failed to load memtrack module: -2
D/AndroidRuntime( 2614): Calling main entry com.android.commands.settings.SettingsCmd
D/AndroidRuntime( 2614): Shutting down VM
E/WifiConfigStore( 1677):  rewrite network history for "WiredSSID"NONE
I/ActivityManager( 1677): START u0 {act=android.intent.action.MAIN cat=[android.intent.category.LAUNCHER] flg=0x10200000 cmp=com.cyanogenmod.filemanager/.activities.NavigationActivity bnds=[140,756][404,900] (has extras)} from uid 1000 on display 0
V/WindowManager( 1677): addAppToken: AppWindowToken{15716a68 token=Token{240c198b ActivityRecord{23535a u0 com.cyanogenmod.filemanager/.activities.NavigationActivity t2}}} to stack=1 task=2 at 0
W/ContextImpl( 1943): Calling a method in the system process without a qualified user: android.app.ContextImpl.sendBroadcast:1341 android.content.ContextWrapper.sendBroadcast:382 com.vphone.launcher.Stats.recordLaunch:129 com.vphone.launcher.Launcher.startAppShortcutOrInfoActivity:3226 com.vphone.launcher.Launcher.onClickAppShortcut:3164 
V/WindowManager( 1677): Adding window Window{2eec2f03 u0 Starting com.cyanogenmod.filemanager} at 2 of 5 (after Window{2862b9c4 u0 com.vphone.launcher/com.vphone.launcher.Launcher})
I/ActivityManager( 1677): Start proc 2941:com.cyanogenmod.filemanager/u0a15 for activity com.cyanogenmod.filemanager/.activities.NavigationActivity
I/art     ( 1677): Explicit concurrent mark sweep GC freed 105947(5MB) AllocSpace objects, 12(192KB) LOS objects, 33% free, 13MB/20MB, paused 393us total 33.789ms
W/DebugConnManager( 1943): getNetworkInfo() on networkType 1
E/NFC     ( 2941): could not retrieve NFC service
D/OpenGLRenderer( 2941): Use EGL_SWAP_BEHAVIOR_PRESERVED: true
D/        ( 2941): HostConnection::get() New Host Connection established 0xb3ece730, tid 2941
D/Atlas   ( 2941): Validating map...
W/Atlas   ( 2941): Pointer 0x0, not in getPreloadedDrawables?
W/Atlas   ( 2941): Pointer 0x0, not in getPreloadedDrawables?
W/Atlas   ( 2941): Pointer 0x0, not in getPreloadedDrawables?
W/Atlas   ( 2941): Pointer 0x0, not in getPreloadedDrawables?
W/Atlas   ( 2941): Pointer 0x0, not in getPreloadedDrawables?
W/Atlas   ( 2941): Pointer 0x0, not in getPreloadedDrawables?
W/Atlas   ( 2941): Pointer 0x0, not in getPreloadedDrawables?
W/Atlas   ( 2941): Pointer 0x0, not in getPreloadedDrawables?
W/Atlas   ( 2941): Pointer 0x0, not in getPreloadedDrawables?
W/Atlas   ( 2941): Pointer 0x0, not in getPreloadedDrawables?
W/Atlas   ( 2941): Pointer 0x0, not in getPreloadedDrawables?
W/Atlas   ( 2941): Pointer 0x0, not in getPreloadedDrawables?
W/Atlas   ( 2941): Pointer 0x0, not in getPreloadedDrawables?
W/Atlas   ( 2941): Pointer 0x0, not in getPreloadedDrawables?
W/Atlas   ( 2941): Pointer 0x0, not in getPreloadedDrawables?
W/Atlas   ( 2941): Pointer 0x0, not in getPreloadedDrawables?
W/Atlas   ( 2941): Pointer 0x0, not in getPreloadedDrawables?
W/Atlas   ( 2941): Pointer 0x0, not in getPreloadedDrawables?
W/Atlas   ( 2941): Pointer 0x0, not in getPreloadedDrawables?
W/Atlas   ( 2941): Pointer 0x0, not in getPreloadedDrawables?
W/Atlas   ( 2941): Pointer 0x0, not in getPreloadedDrawables?
W/Atlas   ( 2941): Pointer 0x0, not in getPreloadedDrawables?
W/Atlas   ( 2941): Pointer 0x0, not in getPreloadedDrawables?
W/Atlas   ( 2941): Pointer 0x0, not in getPreloadedDrawables?
W/Atlas   ( 2941): Pointer 0x0, not in getPreloadedDrawables?
W/Atlas   ( 2941): Pointer 0x0, not in getPreloadedDrawables?
W/Atlas   ( 2941): Pointer 0x0, not in getPreloadedDrawables?
W/Atlas   ( 2941): Pointer 0x0, not in getPreloadedDrawables?
W/Atlas   ( 2941): Pointer 0x0, not in getPreloadedDrawables?
W/Atlas   ( 2941): Pointer 0x0, not in getPreloadedDrawables?
W/Atlas   ( 2941): Pointer 0x0, not in getPreloadedDrawables?
W/Atlas   ( 2941): Pointer 0x0, not in getPreloadedDrawables?
W/Atlas   ( 2941): Pointer 0x0, not in getPreloadedDrawables?
W/Atlas   ( 2941): Pointer 0x0, not in getPreloadedDrawables?
W/Atlas   ( 2941): Pointer 0x0, not in getPreloadedDrawables?
W/Atlas   ( 2941): Pointer 0x0, not in getPreloadedDrawables?
W/Atlas   ( 2941): Pointer 0x0, not in getPreloadedDrawables?
W/Atlas   ( 2941): Pointer 0x0, not in getPreloadedDrawables?
W/Atlas   ( 2941): Pointer 0x0, not in getPreloadedDrawables?
W/Atlas   ( 2941): Pointer 0x0, not in getPreloadedDrawables?
W/Atlas   ( 2941): Pointer 0x0, not in getPreloadedDrawables?
W/Atlas   ( 2941): Pointer 0x0, not in getPreloadedDrawables?
W/Atlas   ( 2941): Pointer 0x0, not in getPreloadedDrawables?
W/Atlas   ( 2941): Pointer 0x0, not in getPreloadedDrawables?
W/Atlas   ( 2941): Pointer 0x0, not in getPreloadedDrawables?
W/Atlas   ( 2941): Pointer 0x0, not in getPreloadedDrawables?
W/Atlas   ( 2941): Pointer 0x0, not in getPreloadedDrawables?
W/Atlas   ( 2941): Pointer 0x0, not in getPreloadedDrawables?
W/Atlas   ( 2941): Pointer 0x0, not in getPreloadedDrawables?
W/Atlas   ( 2941): Pointer 0x0, not in getPreloadedDrawables?
W/Atlas   ( 2941): Pointer 0x0, not in getPreloadedDrawables?
W/Atlas   ( 2941): Pointer 0x0, not in getPreloadedDrawables?
W/Atlas   ( 2941): Pointer 0x0, not in getPreloadedDrawables?
W/Atlas   ( 2941): Pointer 0x0, not in getPreloadedDrawables?
W/Atlas   ( 2941): Pointer 0x0, not in getPreloadedDrawables?
W/Atlas   ( 2941): Pointer 0x0, not in getPreloadedDrawables?
W/Atlas   ( 2941): Pointer 0x0, not in getPreloadedDrawables?
W/Atlas   ( 2941): Pointer 0x0, not in getPreloadedDrawables?
W/Atlas   ( 2941): Pointer 0x0, not in getPreloadedDrawables?
W/Atlas   ( 2941): Pointer 0x0, not in getPreloadedDrawables?
W/Atlas   ( 2941): Pointer 0x0, not in getPreloadedDrawables?
W/Atlas   ( 2941): Pointer 0x0, not in getPreloadedDrawables?
W/Atlas   ( 2941): Pointer 0x0, not in getPreloadedDrawables?
W/Atlas   ( 2941): Pointer 0x0, not in getPreloadedDrawables?
W/Atlas   ( 2941): Pointer 0x0, not in getPreloadedDrawables?
W/Atlas   ( 2941): Pointer 0x0, not in getPreloadedDrawables?
W/Atlas   ( 2941): Pointer 0x0, not in getPreloadedDrawables?
W/Atlas   ( 2941): Pointer 0x0, not in getPreloadedDrawables?
W/Atlas   ( 2941): Pointer 0x0, not in getPreloadedDrawables?
W/Atlas   ( 2941): Pointer 0x0, not in getPreloadedDrawables?
W/Atlas   ( 2941): Pointer 0x0, not in getPreloadedDrawables?
W/Atlas   ( 2941): Pointer 0x0, not in getPreloadedDrawables?
W/Atlas   ( 2941): Pointer 0x0, not in getPreloadedDrawables?
W/Atlas   ( 2941): Pointer 0x0, not in getPreloadedDrawables?
W/Atlas   ( 2941): Pointer 0x0, not in getPreloadedDrawables?
W/Atlas   ( 2941): Pointer 0x0, not in getPreloadedDrawables?
W/Atlas   ( 2941): Pointer 0x0, not in getPreloadedDrawables?
W/Atlas   ( 2941): Pointer 0x0, not in getPreloadedDrawables?
W/Atlas   ( 2941): Pointer 0x0, not in getPreloadedDrawables?
W/Atlas   ( 2941): Pointer 0x0, not in getPreloadedDrawables?
W/Atlas   ( 2941): Pointer 0x0, not in getPreloadedDrawables?
W/Atlas   ( 2941): Pointer 0x0, not in getPreloadedDrawables?
W/Atlas   ( 2941): Pointer 0x0, not in getPreloadedDrawables?
W/Atlas   ( 2941): Pointer 0x0, not in getPreloadedDrawables?
W/Atlas   ( 2941): Pointer 0x0, not in getPreloadedDrawables?
W/Atlas   ( 2941): Pointer 0x0, not in getPreloadedDrawables?
W/Atlas   ( 2941): Pointer 0x0, not in getPreloadedDrawables?
W/Atlas   ( 2941): Pointer 0x0, not in getPreloadedDrawables?
W/Atlas   ( 2941): Pointer 0x0, not in getPreloadedDrawables?
W/Atlas   ( 2941): Pointer 0x0, not in getPreloadedDrawables?
W/Atlas   ( 2941): Pointer 0x0, not in getPreloadedDrawables?
W/Atlas   ( 2941): Pointer 0x0, not in getPreloadedDrawables?
W/Atlas   ( 2941): Pointer 0x0, not in getPreloadedDrawables?
W/Atlas   ( 2941): Pointer 0x0, not in getPreloadedDrawables?
W/Atlas   ( 2941): Pointer 0x0, not in getPreloadedDrawables?
W/Atlas   ( 2941): Pointer 0x0, not in getPreloadedDrawables?
W/Atlas   ( 2941): Pointer 0x0, not in getPreloadedDrawables?
W/Atlas   ( 2941): Pointer 0x0, not in getPreloadedDrawables?
W/Atlas   ( 2941): Pointer 0x0, not in getPreloadedDrawables?
W/Atlas   ( 2941): Pointer 0x0, not in getPreloadedDrawables?
W/Atlas   ( 2941): Pointer 0x0, not in getPreloadedDrawables?
W/Atlas   ( 2941): Pointer 0x0, not in getPreloadedDrawables?
W/Atlas   ( 2941): Pointer 0x0, not in getPreloadedDrawables?
W/Atlas   ( 2941): Pointer 0x0, not in getPreloadedDrawables?
W/Atlas   ( 2941): Pointer 0x0, not in getPreloadedDrawables?
W/Atlas   ( 2941): Pointer 0x0, not in getPreloadedDrawables?
W/Atlas   ( 2941): Pointer 0x0, not in getPreloadedDrawables?
W/Atlas   ( 2941): Pointer 0x0, not in getPreloadedDrawables?
W/Atlas   ( 2941): Pointer 0x0, not in getPreloadedDrawables?
W/Atlas   ( 2941): Pointer 0x0, not in getPreloadedDrawables?
W/Atlas   ( 2941): Pointer 0x0, not in getPreloadedDrawables?
W/Atlas   ( 2941): Pointer 0x0, not in getPreloadedDrawables?
W/Atlas   ( 2941): Pointer 0x0, not in getPreloadedDrawables?
W/Atlas   ( 2941): Pointer 0x0, not in getPreloadedDrawables?
W/Atlas   ( 2941): Pointer 0x0, not in getPreloadedDrawables?
W/Atlas   ( 2941): Pointer 0x0, not in getPreloadedDrawables?
W/Atlas   ( 2941): Pointer 0x0, not in getPreloadedDrawables?
W/Atlas   ( 2941): Pointer 0x0, not in getPreloadedDrawables?
W/Atlas   ( 2941): Pointer 0x0, not in getPreloadedDrawables?
W/Atlas   ( 2941): Pointer 0x0, not in getPreloadedDrawables?
W/Atlas   ( 2941): Pointer 0x0, not in getPreloadedDrawables?
W/Atlas   ( 2941): Pointer 0x0, not in getPreloadedDrawables?
W/Atlas   ( 2941): Pointer 0x0, not in getPreloadedDrawables?
W/Atlas   ( 2941): Pointer 0x0, not in getPreloadedDrawables?
W/Atlas   ( 2941): Pointer 0x0, not in getPreloadedDrawables?
W/Atlas   ( 2941): Pointer 0x0, not in getPreloadedDrawables?
W/Atlas   ( 2941): Pointer 0x0, not in getPreloadedDrawables?
W/Atlas   ( 2941): Pointer 0x0, not in getPreloadedDrawables?
W/Atlas   ( 2941): Pointer 0x0, not in getPreloadedDrawables?
W/Atlas   ( 2941): Pointer 0x0, not in getPreloadedDrawables?
W/Atlas   ( 2941): Pointer 0x0, not in getPreloadedDrawables?
W/Atlas   ( 2941): Pointer 0x0, not in getPreloadedDrawables?
W/Atlas   ( 2941): Pointer 0x0, not in getPreloadedDrawables?
W/Atlas   ( 2941): Pointer 0x0, not in getPreloadedDrawables?
W/Atlas   ( 2941): Pointer 0x0, not in getPreloadedDrawables?
W/Atlas   ( 2941): Pointer 0x0, not in getPreloadedDrawables?
W/Atlas   ( 2941): Pointer 0x0, not in getPreloadedDrawables?
W/Atlas   ( 2941): Pointer 0x0, not in getPreloadedDrawables?
W/Atlas   ( 2941): Pointer 0x0, not in getPreloadedDrawables?
W/Atlas   ( 2941): Pointer 0x0, not in getPreloadedDrawables?
W/Atlas   ( 2941): Pointer 0x0, not in getPreloadedDrawables?
W/Atlas   ( 2941): Pointer 0x0, not in getPreloadedDrawables?
W/Atlas   ( 2941): Pointer 0x0, not in getPreloadedDrawables?
W/Atlas   ( 2941): Pointer 0x0, not in getPreloadedDrawables?
W/Atlas   ( 2941): Pointer 0x0, not in getPreloadedDrawables?
W/Atlas   ( 2941): Pointer 0x0, not in getPreloadedDrawables?
W/Atlas   ( 2941): Pointer 0x0, not in getPreloadedDrawables?
W/Atlas   ( 2941): Pointer 0x0, not in getPreloadedDrawables?
W/Atlas   ( 2941): Pointer 0x0, not in getPreloadedDrawables?
W/Atlas   ( 2941): Pointer 0x0, not in getPreloadedDrawables?
W/Atlas   ( 2941): Pointer 0x0, not in getPreloadedDrawables?
W/Atlas   ( 2941): Pointer 0x0, not in getPreloadedDrawables?
W/Atlas   ( 2941): Pointer 0x0, not in getPreloadedDrawables?
W/Atlas   ( 2941): Pointer 0x0, not in getPreloadedDrawables?
W/Atlas   ( 2941): Pointer 0x0, not in getPreloadedDrawables?
W/Atlas   ( 2941): Pointer 0x0, not in getPreloadedDrawables?
W/Atlas   ( 2941): Pointer 0x0, not in getPreloadedDrawables?
W/Atlas   ( 2941): Pointer 0x0, not in getPreloadedDrawables?
W/Atlas   ( 2941): Pointer 0x0, not in getPreloadedDrawables?
W/Atlas   ( 2941): Pointer 0x0, not in getPreloadedDrawables?
W/Atlas   ( 2941): Pointer 0x0, not in getPreloadedDrawables?
W/Atlas   ( 2941): Pointer 0x0, not in getPreloadedDrawables?
W/Atlas   ( 2941): Pointer 0x0, not in getPreloadedDrawables?
W/Atlas   ( 2941): Pointer 0x0, not in getPreloadedDrawables?
W/Atlas   ( 2941): Pointer 0x0, not in getPreloadedDrawables?
V/WindowManager( 1677): Adding window Window{2066774f u0 com.cyanogenmod.filemanager/com.cyanogenmod.filemanager.activities.NavigationActivity} at 2 of 6 (before Window{2eec2f03 u0 Starting com.cyanogenmod.filemanager})
V/MimeTypeIndexService( 2941): onHandleIntent(Intent { act=com.cyanogenmod.filemanager.ACTION_START_INDEX cmp=com.cyanogenmod.filemanager/.service.MimeTypeIndexService (has extras) })
D/MimeTypeIndexService( 2941): Action: com.cyanogenmod.filemanager.ACTION_START_INDEX
V/MimeTypeIndexService( 2941): performIndexAction(/storage/emulated/0)
I/MimeTypeIndexService( 2941): Starting mime type usage indexing on '/storage/emulated/0'
D/MimeTypeIndexService( 2941): TEXT = 790
D/MimeTypeIndexService( 2941): NONE = 18314246
D/MimeTypeIndexService( 2941): IMAGE = 34652
V/MimeTypeIndexService( 2941): onHandleIntent(Intent { act=com.cyanogenmod.filemanager.ACTION_START_INDEX cmp=com.cyanogenmod.filemanager/.service.MimeTypeIndexService (has extras) })
D/MimeTypeIndexService( 2941): Action: com.cyanogenmod.filemanager.ACTION_START_INDEX
V/MimeTypeIndexService( 2941): performIndexAction(/system)
I/MimeTypeIndexService( 2941): Starting mime type usage indexing on '/system'
D/MimeTypeIndexService( 2941): AUDIO = 748771
D/MimeTypeIndexService( 2941): TEXT = 775162
D/MimeTypeIndexService( 2941): BINARY = 334074338
D/MimeTypeIndexService( 2941): APP = 64341938
D/MimeTypeIndexService( 2941): FONT = 19580216
D/MimeTypeIndexService( 2941): NONE = 66088253
D/MimeTypeIndexService( 2941): COMPRESS = 13498626
D/AndroidRuntime( 2980): >>>>>> START com.android.internal.os.RuntimeInit uid 0 <<<<<<
D/AndroidRuntime( 2998): >>>>>> START com.android.internal.os.RuntimeInit uid 0 <<<<<<
D/libEGL  ( 2941): loaded /system/lib/egl/libEGL_adreno.so
D/        ( 2941): HostConnection::get() New Host Connection established 0xae829400, tid 2970
D/libEGL  ( 2941): loaded /system/lib/egl/libGLESv1_CM_adreno.so
D/libEGL  ( 2941): loaded /system/lib/egl/libGLESv2_adreno.so
I/OpenGLRenderer( 2941): Initialized EGL, version 1.4
D/OpenGLRenderer( 2941): Enabling debug mode 0
D/AndroidRuntime( 2980): CheckJNI is OFF
W/        ( 2980): Failed to bind-mount /system/lib/x86/cpuinfo as /proc/cpuinfo: No such file or directory
E/        ( 2980): Cannot create code cache directory ./code_cache: Read-only file system.
E/memtrack( 2980): Couldn't load memtrack module (No such file or directory)
E/android.os.Debug( 2980): failed to load memtrack module: -2
I/ActivityManager( 1677): Displayed com.cyanogenmod.filemanager/.activities.NavigationActivity: +947ms
W/ContextImpl( 1677): Calling a method in the system process without a qualified user: android.app.ContextImpl.sendBroadcast:1327 com.android.server.InputMethodManagerService.hideCurrentInputLocked:1992 com.android.server.InputMethodManagerService.windowGainedFocus:2082 com.android.internal.view.IInputMethodManager$Stub.onTransact:221 com.android.server.InputMethodManagerService.onTransact:873 
D/AndroidRuntime( 2980): Calling main entry com.android.commands.am.Am
D/AndroidRuntime( 2980): Shutting down VM
D/AndroidRuntime( 2998): CheckJNI is OFF
W/        ( 2998): Failed to bind-mount /system/lib/x86/cpuinfo as /proc/cpuinfo: No such file or directory
E/        ( 2998): Cannot create code cache directory ./code_cache: Read-only file system.
E/memtrack( 2998): Couldn't load memtrack module (No such file or directory)
E/android.os.Debug( 2998): failed to load memtrack module: -2
D/AndroidRuntime( 2998): Calling main entry com.android.commands.am.Am
D/AndroidRuntime( 2998): Shutting down VM
I/ActivityManager( 1677): START u0 {act=android.intent.action.MAIN cat=[android.intent.category.HOME] flg=0x10200000 cmp=com.vphone.launcher/.Launcher} from uid 1000 on display 0
D/PermissionCache( 1443): checking android.permission.READ_FRAME_BUFFER for uid=1000 => granted (34 us)
E/EGL_emulation( 1443): tid 1443: eglCreateSyncKHR(1479): error 0x3004 (EGL_BAD_ATTRIBUTE)
W/ContextImpl( 1677): Calling a method in the system process without a qualified user: android.app.ContextImpl.sendBroadcast:1327 com.android.server.InputMethodManagerService.hideCurrentInputLocked:1992 com.android.server.InputMethodManagerService.windowGainedFocus:2082 com.android.internal.view.IInputMethodManager$Stub.onTransact:221 com.android.server.InputMethodManagerService.onTransact:873 
W/OpenGLRenderer( 1943): Incorrectly called buildLayer on View: ShortcutAndWidgetContainer, destroying layer...
W/ResourceType( 1841): No package identifier when getting value for resource number 0x00000000
W/PackageManager( 1841): Failure retrieving resources for com.cyanogenmod.filemanager: Resource ID #0x0
D/PhoneStatusBar( 1841): disable: < expand ICONS* alerts SYSTEM_INFO* back home recent clock search >
W/WindowManager( 1677): updateFocusedWindowLocked, focusedAppToken is null.
D/PhoneStatusBar( 1841): disable: < expand icons* alerts system_info* back home recent clock search >
W/InputMethodManagerService( 1677): Window already focused, ignoring focus gain of: com.android.internal.view.IInputMethodClient$Stub$Proxy@2a0e6e5e attribute=null, token = android.os.BinderProxy@295dcd7
I/UsageStatsService( 1677): User[0] Flushing usage stats to disk
I/ActivityManager( 1677): START u0 {cmp=com.vphone.launcher/.game.AdDetailActivity (has extras)} from uid 1000 on display 0
V/WindowManager( 1677): addAppToken: AppWindowToken{202b3855 token=Token{15a7e70c ActivityRecord{879d23f u0 com.vphone.launcher/.game.AdDetailActivity t1}}} to stack=0 task=1 at 1
W/DebugConnManager( 1943): getNetworkInfo() on networkType 1
V/WindowManager( 1677): Adding window Window{1543535b u0 com.vphone.launcher/com.vphone.launcher.game.AdDetailActivity} at 3 of 6 (after Window{2862b9c4 u0 com.vphone.launcher/com.vphone.launcher.Launcher})
D/        ( 1443): HostConnection::get() New Host Connection established 0xb68f1180, tid 1856
W/ViewRootImpl( 1943): Dropping event due to no window focus: KeyEvent { action=ACTION_DOWN, keyCode=KEYCODE_MENU, scanCode=59, metaState=0, flags=0x8, repeatCount=0, eventTime=1692806, downTime=1692806, deviceId=1, source=0x101 }
I/ActivityManager( 1677): Displayed com.vphone.launcher/.game.AdDetailActivity: +496ms
W/ContextImpl( 1677): Calling a method in the system process without a qualified user: android.app.ContextImpl.sendBroadcast:1327 com.android.server.InputMethodManagerService.hideCurrentInputLocked:1992 com.android.server.InputMethodManagerService.windowGainedFocus:2082 com.android.internal.view.IInputMethodManager$Stub.onTransact:221 com.android.server.InputMethodManagerService.onTransact:873 
V/WindowManager( 1677): Adding window Window{3620ba4 u0 AtchDlg:com.vphone.launcher/com.vphone.launcher.game.AdDetailActivity} at 4 of 7 (after Window{1543535b u0 com.vphone.launcher/com.vphone.launcher.game.AdDetailActivity})
W/InputMethodManagerService( 1677): Window already focused, ignoring focus gain of: com.android.internal.view.IInputMethodClient$Stub$Proxy@d717d09 attribute=null, token = android.os.BinderProxy@44f126a
W/DebugConnManager( 1943): getNetworkInfo() on networkType 1
I/art     ( 1677): Background sticky concurrent mark sweep GC freed 120577(5MB) AllocSpace objects, 5(80KB) LOS objects, 26% free, 15MB/20MB, paused 34.794ms total 76.907ms
I/ProcessStatsService( 1677): Prepared write state in 59ms
W/DebugConnManager( 1943): getNetworkInfo() on networkType 1
I/art     ( 1943): Rejecting re-init on previously-failed class java.lang.Class<com.google.android.exoplayer2.video.MediaCodecVideoRenderer$OnFrameRenderedListenerV23>
I/art     ( 1943): Rejecting re-init on previously-failed class java.lang.Class<com.google.android.exoplayer2.video.MediaCodecVideoRenderer$OnFrameRenderedListenerV23>
I/art     ( 1943): Rejecting re-init on previously-failed class java.lang.Class<com.google.android.exoplayer2.video.MediaCodecVideoRenderer$OnFrameRenderedListenerV23>
I/art     ( 1943): Rejecting re-init on previously-failed class java.lang.Class<com.google.android.exoplayer2.video.MediaCodecVideoRenderer$OnFrameRenderedListenerV23>
I/art     ( 1943): Rejecting re-init on previously-failed class java.lang.Class<com.google.android.exoplayer2.video.MediaCodecVideoRenderer$OnFrameRenderedListenerV23>
I/ExoPlayerImpl( 1943): Init 30377776 [ExoPlayerLib/2.7.0] [shamu, HUAWEI MLA-AL10, HUAWEI, 22]
E/HttpProxyCacheServer( 1943): connectable111111
E/HttpProxyCacheServer( 1943): connectable22222
E/HttpProxyCacheServer( 1943): connectable33333
E/HttpProxyCacheServer( 1943): responsecode  :200
W/AudioCapabilities( 1943): Unsupported mime audio/x-ms-wma
W/AudioCapabilities( 1943): Unsupported mime audio/vnd.rn-realaudio
W/AudioCapabilities( 1943): Unsupported mime audio/mpeg-L2
W/AudioCapabilities( 1943): Unsupported mime audio/ac3
W/AudioCapabilities( 1943): Unsupported mime audio/x-ape
W/AudioCapabilities( 1943): Unsupported mime audio/vnd.dts
W/AudioCapabilities( 1943): Unsupported mime audio/ffmpeg
W/VideoCapabilities( 1943): Unsupported mime video/mpeg2
W/VideoCapabilities( 1943): Unsupported mime video/x-ms-wmv
W/VideoCapabilities( 1943): Unsupported mime video/vnd.rn-realvideo
W/VideoCapabilities( 1943): Unsupported mime video/vc1
W/VideoCapabilities( 1943): Unsupported mime video/x-flv
W/VideoCapabilities( 1943): Unsupported mime video/divx
W/VideoCapabilities( 1943): Unsupported mime video/ffmpeg
I/VideoCapabilities( 1943): Unsupported profile 4 for video/mp4v-es
D/MediaCodecInfo( 1943): NoSupport [sizeAndRate.support, 1920x1080x-1.0] [OMX.ffmpeg.h264.decoder, video/avc] [shamu, HUAWEI MLA-AL10, HUAWEI, 22]
D/MediaCodecInfo( 1943): NoSupport [sizeAndRate.support, 1920x1080x-1.0] [OMX.ffmpeg.h264.decoder, video/avc] [shamu, HUAWEI MLA-AL10, HUAWEI, 22]
I/OMXClient( 1943): Using client-side OMX mux.
W/linker  ( 1943): libswscale.so has text relocations. This is wasting memory and prevents security hardening. Please fix.
D/SoftFFmpegVideo( 1943): SoftFFmpegVideo component: OMX.ffmpeg.h264.decoder mMode: 0 appData: 0xb3f79040
W/OMXNodeInstance( 1943): [1:ffmpeg.h264.decoder] component does not support metadata mode; using fallback
E/ACodec  ( 1943): [OMX.ffmpeg.h264.decoder] storeMetaDataInBuffers failed w/ err -1010
E/OMXNodeInstance( 1943): getExtensionIndex(1:ffmpeg.h264.decoder, OMX.google.android.index.prepareForAdaptivePlayback) ERROR: UnsupportedIndex(0x8000101a)
W/ACodec  ( 1943): [OMX.ffmpeg.h264.decoder] prepareForAdaptivePlayback failed w/ err -1010
E/OMXNodeInstance( 1943): getConfig(1:ffmpeg.h264.decoder, ConfigCommonOutputCrop(0x700000f)) ERROR: Undefined(0x80001001)
D/SoftFFmpegVideo( 1943): begin to open ffmpeg decoder(h264) now
D/SoftFFmpegVideo( 1943): open ffmpeg video decoder(h264) success
I/OMXClient( 1943): Using client-side OMX mux.
I/SoftAAC2( 1943): limiting to stereo output
I/SoftFFmpegVideo( 1943): ffmpeg video port setting change event(320x240)->(1920x1080).
E/OMXNodeInstance( 1943): getConfig(1:ffmpeg.h264.decoder, ConfigCommonOutputCrop(0x700000f)) ERROR: Undefined(0x80001001)
D/        ( 1943): HostConnection::get() New Host Connection established 0x9d501770, tid 3194
I/SoftAAC2( 1943): Reconfiguring decoder: 0->48000 Hz, 0->2 channels
I/art     ( 1943): Background sticky concurrent mark sweep GC freed 39942(2MB) AllocSpace objects, 18(496KB) LOS objects, 3% free, 60MB/62MB, paused 539us total 183.166ms
I/art     ( 1943): Background partial concurrent mark sweep GC freed 19566(1148KB) AllocSpace objects, 5(7MB) LOS objects, 21% free, 57MB/73MB, paused 18.726ms total 518.450ms
W/art     ( 1943): Verification of void com.google.android.exoplayer2.video.VideoRendererEventListener$EventDispatcher$4.<init>(com.google.android.exoplayer2.video.VideoRendererEventListener$EventDispatcher, int, long) took 160.902ms
W/ContextImpl( 1677): Calling a method in the system process without a qualified user: android.app.ContextImpl.sendBroadcast:1327 com.android.server.InputMethodManagerService.hideCurrentInputLocked:1992 com.android.server.InputMethodManagerService.windowGainedFocus:2082 com.android.internal.view.IInputMethodManager$Stub.onTransact:221 com.android.server.InputMethodManagerService.onTransact:873 
I/Choreographer( 1943): Skipped 117 frames!  The application may be doing too much work on its main thread.
I/Choreographer( 1943): Skipped 32 frames!  The application may be doing too much work on its main thread.
I/art     ( 1943): Background sticky concurrent mark sweep GC freed 65901(3MB) AllocSpace objects, 3(193KB) LOS objects, 6% free, 68MB/73MB, paused 1.203ms total 166.581ms
W/ActivityManager( 1677): Duplicate finish request for ActivityRecord{879d23f u0 com.vphone.launcher/.game.AdDetailActivity t1 f}
I/ExoPlayerImpl( 1943): Release 30377776 [ExoPlayerLib/2.7.0] [shamu, HUAWEI MLA-AL10, HUAWEI, 22] [goog.exo.core, goog.exo.ui]
W/art     ( 1943): Verification of int com.google.android.exoplayer2.C.generateAudioSessionIdV21(android.content.Context) took 116.429ms
W/DebugConnManager( 1943): getNetworkInfo() on networkType 1
I/art     ( 1677): Background sticky concurrent mark sweep GC freed 113171(4MB) AllocSpace objects, 4(67KB) LOS objects, 24% free, 15MB/20MB, paused 211us total 439.117ms
I/UsageStatsService( 1677): User[0] Flushing usage stats to disk
I/art     ( 1908): Background sticky concurrent mark sweep GC freed 41286(2MB) AllocSpace objects, 8(128KB) LOS objects, 25% free, 8MB/12MB, paused 148us total 199.400ms
D/PhoneStatusBar( 1841): disable: < expand ICONS* alerts SYSTEM_INFO* back home recent clock search >
W/WindowManager( 1677): updateFocusedWindowLocked, focusedAppToken is null.
D/PhoneStatusBar( 1841): disable: < expand icons* alerts system_info* back home recent clock search >
W/InputMethodManagerService( 1677): Window already focused, ignoring focus gain of: com.android.internal.view.IInputMethodClient$Stub$Proxy@1288ea1a attribute=null, token = android.os.BinderProxy@295dcd7
I/ProcessStatsService( 1677): Prepared write state in 0ms
I/ProcessStatsService( 1677): Prepared write state in 0ms
I/ProcessStatsService( 1677): Prepared write state in 0ms
I/ProcessStatsService( 1677): Prepared write state in 1ms
I/ProcessStatsService( 1677): Prepared write state in 0ms
D/MDnsDS  ( 1448): MDnsSdListener::Monitor poll timed out
D/MDnsDS  ( 1448): Going to poll with pollCount 1
I/EntropyMixer( 1677): Writing entropy...
I/ProcessStatsService( 1677): Prepared write state in 169ms
W/art     ( 1677): Long monitor contention event with owner method=void com.android.server.am.ActivityManagerService$23.run() from ActivityManagerService.java:18592 waiters=0 for 169ms
W/art     ( 1677): Long monitor contention event with owner method=void com.android.server.am.ActivityManagerService$23.run() from ActivityManagerService.java:18592 waiters=1 for 190ms
I/ProcessStatsService( 1677): Prepared write state in 1ms
I/ProcessStatsService( 1677): Prepared write state in 0ms
I/ProcessStatsService( 1677): Prepared write state in 1ms
I/ProcessStatsService( 1677): Prepared write state in 0ms
I/ProcessStatsService( 1677): Prepared write state in 0ms
I/art     ( 1677): Background sticky concurrent mark sweep GC freed 148129(6MB) AllocSpace objects, 3(48KB) LOS objects, 25% free, 19MB/25MB, paused 325us total 208.336ms
I/ProcessStatsService( 1677): Prepared write state in 0ms
I/ProcessStatsService( 1677): Prepared write state in 0ms
I/ProcessStatsService( 1677): Prepared write state in 0ms
D/MDnsDS  ( 1448): MDnsSdListener::Monitor poll timed out
D/MDnsDS  ( 1448): Going to poll with pollCount 1
I/EntropyMixer( 1677): Writing entropy...
I/ProcessStatsService( 1677): Prepared write state in 0ms
I/ProcessStatsService( 1677): Prepared write state in 0ms
I/ProcessStatsService( 1677): Prepared write state in 0ms
I/ProcessStatsService( 1677): Prepared write state in 0ms
I/ProcessStatsService( 1677): Prepared write state in 1ms
I/ProcessStatsService( 1677): Prepared write state in 0ms
I/ProcessStatsService( 1677): Prepared write state in 0ms
D/MDnsDS  ( 1448): MDnsSdListener::Monitor poll timed out
D/MDnsDS  ( 1448): Going to poll with pollCount 1
I/ProcessStatsService( 1677): Prepared write state in 0ms
