D/GpsLocationProvider( 1677): SUPL_VER=0x20000
D/GpsLocationProvider( 1677): SUPL_HOST=supl.google.com
D/GpsLocationProvider( 1677): XTRA_SERVER_3=http\://xtra3.gpsonextra.net/xtra.bin
D/GpsLocationProvider( 1677): XTRA_SERVER_1=http\://xtra1.gpsonextra.net/xtra.bin
D/GpsLocationProvider( 1677): SUPL_PORT=7276
D/GpsLocationProvider( 1677): XTRA_SERVER_2=http\://xtra2.gpsonextra.net/xtra.bin
D/GpsLocationProvider( 1677): NTP_SERVER=north-america.pool.ntp.org
D/GpsLocationProvider( 1677): SUPL_MODE=1
D/AlarmManagerService( 1677): Setting time of day to sec=1582687097
I/dhcpcd  ( 2183): eth1: rebinding lease of 172.17.100.15
D/Launcher.Model( 1943): 11683562 - loadWorkspace()
D/Launcher.Model( 1943): 11683562 -   loadedOldDb: false
W/Launcher( 1943): setApplicationContext called twice! old=com.vphone.launcher.LauncherApplication@3ba8aeec new=com.vphone.launcher.LauncherApplication@3ba8aeec
W/ContextImpl( 1943): Calling a method in the system process without a qualified user: android.app.ContextImpl.startService:1706 android.content.ContextWrapper.startService:516 com.vphone.launcher.Launcher.startDownloadService:682 com.vphone.launcher.Launcher.access$100:181 com.vphone.launcher.Launcher$2.run:638 
I/dhcpcd  ( 2183): eth1: acknowledged 172.17.100.15 from 172.17.100.2
D/OpenGLRenderer( 1943): Use EGL_SWAP_BEHAVIOR_PRESERVED: true
I/dhcpcd  ( 2183): eth1: leased 172.17.100.15 for 86400 seconds
D/        ( 1943): HostConnection::get() New Host Connection established 0xb3f29b50, tid 1943
D/Atlas   ( 1943): Validating map...
W/Atlas   ( 1943): Pointer 0x0, not in getPreloadedDrawables?
W/Atlas   ( 1943): Pointer 0x0, not in getPreloadedDrawables?
W/Atlas   ( 1943): Pointer 0x0, not in getPreloadedDrawables?
W/Atlas   ( 1943): Pointer 0x0, not in getPreloadedDrawables?
W/Atlas   ( 1943): Pointer 0x0, not in getPreloadedDrawables?
W/Atlas   ( 1943): Pointer 0x0, not in getPreloadedDrawables?
W/Atlas   ( 1943): Pointer 0x0, not in getPreloadedDrawables?
W/Atlas   ( 1943): Pointer 0x0, not in getPreloadedDrawables?
W/Atlas   ( 1943): Pointer 0x0, not in getPreloadedDrawables?
W/Atlas   ( 1943): Pointer 0x0, not in getPreloadedDrawables?
W/Atlas   ( 1943): Pointer 0x0, not in getPreloadedDrawables?
W/Atlas   ( 1943): Pointer 0x0, not in getPreloadedDrawables?
W/Atlas   ( 1943): Pointer 0x0, not in getPreloadedDrawables?
W/Atlas   ( 1943): Pointer 0x0, not in getPreloadedDrawables?
W/Atlas   ( 1943): Pointer 0x0, not in getPreloadedDrawables?
W/Atlas   ( 1943): Pointer 0x0, not in getPreloadedDrawables?
W/Atlas   ( 1943): Pointer 0x0, not in getPreloadedDrawables?
W/Atlas   ( 1943): Pointer 0x0, not in getPreloadedDrawables?
W/Atlas   ( 1943): Pointer 0x0, not in getPreloadedDrawables?
W/Atlas   ( 1943): Pointer 0x0, not in getPreloadedDrawables?
W/Atlas   ( 1943): Pointer 0x0, not in getPreloadedDrawables?
W/Atlas   ( 1943): Pointer 0x0, not in getPreloadedDrawables?
W/Atlas   ( 1943): Pointer 0x0, not in getPreloadedDrawables?
W/Atlas   ( 1943): Pointer 0x0, not in getPreloadedDrawables?
W/Atlas   ( 1943): Pointer 0x0, not in getPreloadedDrawables?
W/Atlas   ( 1943): Pointer 0x0, not in getPreloadedDrawables?
W/Atlas   ( 1943): Pointer 0x0, not in getPreloadedDrawables?
W/Atlas   ( 1943): Pointer 0x0, not in getPreloadedDrawables?
W/Atlas   ( 1943): Pointer 0x0, not in getPreloadedDrawables?
W/Atlas   ( 1943): Pointer 0x0, not in getPreloadedDrawables?
W/Atlas   ( 1943): Pointer 0x0, not in getPreloadedDrawables?
W/Atlas   ( 1943): Pointer 0x0, not in getPreloadedDrawables?
W/Atlas   ( 1943): Pointer 0x0, not in getPreloadedDrawables?
W/Atlas   ( 1943): Pointer 0x0, not in getPreloadedDrawables?
W/Atlas   ( 1943): Pointer 0x0, not in getPreloadedDrawables?
W/Atlas   ( 1943): Pointer 0x0, not in getPreloadedDrawables?
W/Atlas   ( 1943): Pointer 0x0, not in getPreloadedDrawables?
W/Atlas   ( 1943): Pointer 0x0, not in getPreloadedDrawables?
W/Atlas   ( 1943): Pointer 0x0, not in getPreloadedDrawables?
W/Atlas   ( 1943): Pointer 0x0, not in getPreloadedDrawables?
W/Atlas   ( 1943): Pointer 0x0, not in getPreloadedDrawables?
W/Atlas   ( 1943): Pointer 0x0, not in getPreloadedDrawables?
W/Atlas   ( 1943): Pointer 0x0, not in getPreloadedDrawables?
W/Atlas   ( 1943): Pointer 0x0, not in getPreloadedDrawables?
W/Atlas   ( 1943): Pointer 0x0, not in getPreloadedDrawables?
W/Atlas   ( 1943): Pointer 0x0, not in getPreloadedDrawables?
W/Atlas   ( 1943): Pointer 0x0, not in getPreloadedDrawables?
W/Atlas   ( 1943): Pointer 0x0, not in getPreloadedDrawables?
W/Atlas   ( 1943): Pointer 0x0, not in getPreloadedDrawables?
W/Atlas   ( 1943): Pointer 0x0, not in getPreloadedDrawables?
W/Atlas   ( 1943): Pointer 0x0, not in getPreloadedDrawables?
W/Atlas   ( 1943): Pointer 0x0, not in getPreloadedDrawables?
W/Atlas   ( 1943): Pointer 0x0, not in getPreloadedDrawables?
W/Atlas   ( 1943): Pointer 0x0, not in getPreloadedDrawables?
W/Atlas   ( 1943): Pointer 0x0, not in getPreloadedDrawables?
W/Atlas   ( 1943): Pointer 0x0, not in getPreloadedDrawables?
W/Atlas   ( 1943): Pointer 0x0, not in getPreloadedDrawables?
W/Atlas   ( 1943): Pointer 0x0, not in getPreloadedDrawables?
W/Atlas   ( 1943): Pointer 0x0, not in getPreloadedDrawables?
W/Atlas   ( 1943): Pointer 0x0, not in getPreloadedDrawables?
W/Atlas   ( 1943): Pointer 0x0, not in getPreloadedDrawables?
W/Atlas   ( 1943): Pointer 0x0, not in getPreloadedDrawables?
W/Atlas   ( 1943): Pointer 0x0, not in getPreloadedDrawables?
W/Atlas   ( 1943): Pointer 0x0, not in getPreloadedDrawables?
W/Atlas   ( 1943): Pointer 0x0, not in getPreloadedDrawables?
W/Atlas   ( 1943): Pointer 0x0, not in getPreloadedDrawables?
W/Atlas   ( 1943): Pointer 0x0, not in getPreloadedDrawables?
W/Atlas   ( 1943): Pointer 0x0, not in getPreloadedDrawables?
W/Atlas   ( 1943): Pointer 0x0, not in getPreloadedDrawables?
W/Atlas   ( 1943): Pointer 0x0, not in getPreloadedDrawables?
W/Atlas   ( 1943): Pointer 0x0, not in getPreloadedDrawables?
W/Atlas   ( 1943): Pointer 0x0, not in getPreloadedDrawables?
W/Atlas   ( 1943): Pointer 0x0, not in getPreloadedDrawables?
W/Atlas   ( 1943): Pointer 0x0, not in getPreloadedDrawables?
W/Atlas   ( 1943): Pointer 0x0, not in getPreloadedDrawables?
W/Atlas   ( 1943): Pointer 0x0, not in getPreloadedDrawables?
W/Atlas   ( 1943): Pointer 0x0, not in getPreloadedDrawables?
W/Atlas   ( 1943): Pointer 0x0, not in getPreloadedDrawables?
W/Atlas   ( 1943): Pointer 0x0, not in getPreloadedDrawables?
W/Atlas   ( 1943): Pointer 0x0, not in getPreloadedDrawables?
W/Atlas   ( 1943): Pointer 0x0, not in getPreloadedDrawables?
W/Atlas   ( 1943): Pointer 0x0, not in getPreloadedDrawables?
W/Atlas   ( 1943): Pointer 0x0, not in getPreloadedDrawables?
W/Atlas   ( 1943): Pointer 0x0, not in getPreloadedDrawables?
W/Atlas   ( 1943): Pointer 0x0, not in getPreloadedDrawables?
W/Atlas   ( 1943): Pointer 0x0, not in getPreloadedDrawables?
W/Atlas   ( 1943): Pointer 0x0, not in getPreloadedDrawables?
W/Atlas   ( 1943): Pointer 0x0, not in getPreloadedDrawables?
W/Atlas   ( 1943): Pointer 0x0, not in getPreloadedDrawables?
W/Atlas   ( 1943): Pointer 0x0, not in getPreloadedDrawables?
W/Atlas   ( 1943): Pointer 0x0, not in getPreloadedDrawables?
W/Atlas   ( 1943): Pointer 0x0, not in getPreloadedDrawables?
W/Atlas   ( 1943): Pointer 0x0, not in getPreloadedDrawables?
W/Atlas   ( 1943): Pointer 0x0, not in getPreloadedDrawables?
W/Atlas   ( 1943): Pointer 0x0, not in getPreloadedDrawables?
W/Atlas   ( 1943): Pointer 0x0, not in getPreloadedDrawables?
W/Atlas   ( 1943): Pointer 0x0, not in getPreloadedDrawables?
W/Atlas   ( 1943): Pointer 0x0, not in getPreloadedDrawables?
W/Atlas   ( 1943): Pointer 0x0, not in getPreloadedDrawables?
W/Atlas   ( 1943): Pointer 0x0, not in getPreloadedDrawables?
W/Atlas   ( 1943): Pointer 0x0, not in getPreloadedDrawables?
W/Atlas   ( 1943): Pointer 0x0, not in getPreloadedDrawables?
W/Atlas   ( 1943): Pointer 0x0, not in getPreloadedDrawables?
W/Atlas   ( 1943): Pointer 0x0, not in getPreloadedDrawables?
W/Atlas   ( 1943): Pointer 0x0, not in getPreloadedDrawables?
W/Atlas   ( 1943): Pointer 0x0, not in getPreloadedDrawables?
W/Atlas   ( 1943): Pointer 0x0, not in getPreloadedDrawables?
W/Atlas   ( 1943): Pointer 0x0, not in getPreloadedDrawables?
W/Atlas   ( 1943): Pointer 0x0, not in getPreloadedDrawables?
W/Atlas   ( 1943): Pointer 0x0, not in getPreloadedDrawables?
W/Atlas   ( 1943): Pointer 0x0, not in getPreloadedDrawables?
W/Atlas   ( 1943): Pointer 0x0, not in getPreloadedDrawables?
W/Atlas   ( 1943): Pointer 0x0, not in getPreloadedDrawables?
W/Atlas   ( 1943): Pointer 0x0, not in getPreloadedDrawables?
W/Atlas   ( 1943): Pointer 0x0, not in getPreloadedDrawables?
W/Atlas   ( 1943): Pointer 0x0, not in getPreloadedDrawables?
W/Atlas   ( 1943): Pointer 0x0, not in getPreloadedDrawables?
W/Atlas   ( 1943): Pointer 0x0, not in getPreloadedDrawables?
W/Atlas   ( 1943): Pointer 0x0, not in getPreloadedDrawables?
W/Atlas   ( 1943): Pointer 0x0, not in getPreloadedDrawables?
W/Atlas   ( 1943): Pointer 0x0, not in getPreloadedDrawables?
W/Atlas   ( 1943): Pointer 0x0, not in getPreloadedDrawables?
W/Atlas   ( 1943): Pointer 0x0, not in getPreloadedDrawables?
W/Atlas   ( 1943): Pointer 0x0, not in getPreloadedDrawables?
W/Atlas   ( 1943): Pointer 0x0, not in getPreloadedDrawables?
W/Atlas   ( 1943): Pointer 0x0, not in getPreloadedDrawables?
W/Atlas   ( 1943): Pointer 0x0, not in getPreloadedDrawables?
W/Atlas   ( 1943): Pointer 0x0, not in getPreloadedDrawables?
W/Atlas   ( 1943): Pointer 0x0, not in getPreloadedDrawables?
W/Atlas   ( 1943): Pointer 0x0, not in getPreloadedDrawables?
W/Atlas   ( 1943): Pointer 0x0, not in getPreloadedDrawables?
W/Atlas   ( 1943): Pointer 0x0, not in getPreloadedDrawables?
W/Atlas   ( 1943): Pointer 0x0, not in getPreloadedDrawables?
W/Atlas   ( 1943): Pointer 0x0, not in getPreloadedDrawables?
W/Atlas   ( 1943): Pointer 0x0, not in getPreloadedDrawables?
W/Atlas   ( 1943): Pointer 0x0, not in getPreloadedDrawables?
W/Atlas   ( 1943): Pointer 0x0, not in getPreloadedDrawables?
W/Atlas   ( 1943): Pointer 0x0, not in getPreloadedDrawables?
W/Atlas   ( 1943): Pointer 0x0, not in getPreloadedDrawables?
W/Atlas   ( 1943): Pointer 0x0, not in getPreloadedDrawables?
W/Atlas   ( 1943): Pointer 0x0, not in getPreloadedDrawables?
W/Atlas   ( 1943): Pointer 0x0, not in getPreloadedDrawables?
W/Atlas   ( 1943): Pointer 0x0, not in getPreloadedDrawables?
W/Atlas   ( 1943): Pointer 0x0, not in getPreloadedDrawables?
W/Atlas   ( 1943): Pointer 0x0, not in getPreloadedDrawables?
W/Atlas   ( 1943): Pointer 0x0, not in getPreloadedDrawables?
W/Atlas   ( 1943): Pointer 0x0, not in getPreloadedDrawables?
W/Atlas   ( 1943): Pointer 0x0, not in getPreloadedDrawables?
W/Atlas   ( 1943): Pointer 0x0, not in getPreloadedDrawables?
W/Atlas   ( 1943): Pointer 0x0, not in getPreloadedDrawables?
W/Atlas   ( 1943): Pointer 0x0, not in getPreloadedDrawables?
W/Atlas   ( 1943): Pointer 0x0, not in getPreloadedDrawables?
W/Atlas   ( 1943): Pointer 0x0, not in getPreloadedDrawables?
W/Atlas   ( 1943): Pointer 0x0, not in getPreloadedDrawables?
W/Atlas   ( 1943): Pointer 0x0, not in getPreloadedDrawables?
W/Atlas   ( 1943): Pointer 0x0, not in getPreloadedDrawables?
W/Atlas   ( 1943): Pointer 0x0, not in getPreloadedDrawables?
W/Atlas   ( 1943): Pointer 0x0, not in getPreloadedDrawables?
W/Atlas   ( 1943): Pointer 0x0, not in getPreloadedDrawables?
W/Atlas   ( 1943): Pointer 0x0, not in getPreloadedDrawables?
W/Atlas   ( 1943): Pointer 0x0, not in getPreloadedDrawables?
W/Atlas   ( 1943): Pointer 0x0, not in getPreloadedDrawables?
W/Atlas   ( 1943): Pointer 0x0, not in getPreloadedDrawables?
W/Atlas   ( 1943): Pointer 0x0, not in getPreloadedDrawables?
W/Atlas   ( 1943): Pointer 0x0, not in getPreloadedDrawables?
V/WindowManager( 1677): Based on layer: Adding window Window{2862b9c4 u0 com.vphone.launcher/com.vphone.launcher.Launcher} at 1 of 5
D/Launcher.Model( 1943): Invalid package: ComponentInfo{com.vphone.launcher.ad.icon/com.vphone.launcher.icon} (check again later)
D/libEGL  ( 1943): loaded /system/lib/egl/libEGL_adreno.so
D/Launcher.Model( 1943): 11683562 - loadWorkspaceScreensDb()
D/Launcher.Model( 1943): 11683562 -   screens: { 0: 1 }
D/Launcher.Model( 1943): 11683562 -   sBgWorkspaceScreens: 1
D/        ( 1943): HostConnection::get() New Host Connection established 0xae8294a0, tid 2190
D/libEGL  ( 1943): loaded /system/lib/egl/libGLESv1_CM_adreno.so
D/libEGL  ( 1943): loaded /system/lib/egl/libGLESv2_adreno.so
I/OpenGLRenderer( 1943): Initialized EGL, version 1.4
D/AndroidRuntime( 2140): CheckJNI is OFF
W/        ( 2140): Failed to bind-mount /system/lib/x86/cpuinfo as /proc/cpuinfo: No such file or directory
E/        ( 2140): Cannot create code cache directory ./code_cache: Read-only file system.
D/AndroidRuntime( 2168): CheckJNI is OFF
D/OpenGLRenderer( 1943): Enabling debug mode 0
W/        ( 2168): Failed to bind-mount /system/lib/x86/cpuinfo as /proc/cpuinfo: No such file or directory
E/        ( 2168): Cannot create code cache directory ./code_cache: Read-only file system.
E/memtrack( 2140): Couldn't load memtrack module (No such file or directory)
E/android.os.Debug( 2140): failed to load memtrack module: -2
E/memtrack( 2168): Couldn't load memtrack module (No such file or directory)
E/android.os.Debug( 2168): failed to load memtrack module: -2
V/KeyguardUpdateMonitor( 1841): action android.intent.action.SIM_STATE_CHANGED state: NOT_READY slotId: 0 subid: -2
D/WifiService( 1677): New client listening to asynchronous messages
V/KeyguardUpdateMonitor( 1841): action android.intent.action.SIM_STATE_CHANGED state: READY slotId: 0 subid: -2
V/KeyguardUpdateMonitor( 1841): action android.intent.action.SIM_STATE_CHANGED state: IMSI slotId: 0 subid: -2
I/Choreographer( 1841): Skipped 46 frames!  The application may be doing too much work on its main thread.
D/OpenGLRenderer( 1841): setting property extraRasterBucket to 0.95
D/OpenGLRenderer( 1841):     failed
D/OpenGLRenderer( 1841): setting property extraRasterBucket to 0.0
D/OpenGLRenderer( 1841):     failed
D/AndroidRuntime( 2168): Calling main entry com.android.commands.am.Am
D/AndroidRuntime( 2140): Calling main entry com.android.commands.settings.SettingsCmd
D/SIP     ( 1908): [SipSharedPreferences] isReceivingCallsEnabled, option not set; use default value, exception: android.provider.Settings$SettingNotFoundException: sip_receive_calls
I/ActivityManager( 1677): Start proc 2233:com.android.settings/1000 for broadcast com.android.settings/.cyanogenmod.superuser.SuReceiver
D/AndroidRuntime( 2140): Shutting down VM
E/WifiStateMachine( 1677): WifiStateMachine: handleSuccessfulIpConfiguration and no scan results"WiredSSID"NONE
E/WifiStateMachine( 1677): Did not find remoteAddress {172.17.100.2} in /proc/net/arp
D/ConnectivityService( 1677): NetworkAgentInfo [WIFI () - 100] EVENT_NETWORK_INFO_CHANGED, going from CONNECTING to CONNECTED
D/ConnectivityService( 1677): Adding iface eth1 to network 100
V/RenderScript( 1943): 0xae8c3400 Launching thread(s), CPUs 2
D/KeyguardUpdateMonitor( 1841): handleSimStateChange(subId=-2, slotId=0, state=UNKNOWN)
W/KeyguardUpdateMonitor( 1841): invalid subId in handleSimStateChange()
V/KeyguardUpdateMonitor( 1841): onSubscriptionInfoChanged()
V/KeyguardUpdateMonitor( 1841): onSubscriptionInfoChanged: list is null
E/ConnectivityService( 1677): Unexpected mtu value: 0, eth1
D/ConnectivityService( 1677): Adding Route [fe80::/64 -> :: eth1] to network 100
D/ConnectivityService( 1677): Adding Route [172.17.100.0/24 -> 0.0.0.0 eth1] to network 100
V/KeyguardUpdateMonitor( 1841): onSubscriptionInfoChanged()
D/ConnectivityService( 1677): Adding Route [0.0.0.0/0 -> 172.17.100.2 eth1] to network 100
D/ConnectivityService( 1677): Setting Dns servers for network 100 to [/192.168.1.1]
V/KeyguardUpdateMonitor( 1841): onSubscriptionInfoChanged: list is null
D/ConnectivityService( 1677): notifyType IP_CHANGED for NetworkAgentInfo [WIFI () - 100]
D/ConnectivityService( 1677): notifyType PRECHECK for NetworkAgentInfo [WIFI () - 100]
D/NetworkMonitor/NetworkAgentInfo [WIFI () - 100]( 1677): DefaultState{ when=0 what=532481 target=com.android.internal.util.StateMachine$SmHandler }
D/NetworkMonitor/NetworkAgentInfo [WIFI () - 100]( 1677): Connected
D/NetworkMonitor/NetworkAgentInfo [WIFI () - 100]( 1677): EvaluatingState{ when=0 what=532486 arg1=1 target=com.android.internal.util.StateMachine$SmHandler }
D/NetworkMonitor/NetworkAgentInfo [WIFI () - 100]( 1677): Validated
D/ConnectivityService( 1677): rematching NetworkAgentInfo [WIFI () - 100]
D/ConnectivityService( 1677):    accepting network in place of null
D/ConnectivityService( 1677): Switching to new default network: NetworkAgentInfo{ ni{[type: WIFI[], state: CONNECTED/CONNECTED, reason: (unspecified), extra: "WiredSSID", roaming: false, failover: false, isAvailable: true, isConnectedToProvisioningNetwork: false]}  network{100}  lp{{InterfaceName: eth1 LinkAddresses: [fe80::a00:27ff:fe5b:d6c9/64,172.17.100.15/24,]  Routes: [fe80::/64 -> :: eth1,172.17.100.0/24 -> 0.0.0.0 eth1,0.0.0.0/0 -> 172.17.100.2 eth1,] DnsAddresses: [192.168.1.1,] Domains:  MTU: 0 TcpBufferSizes: 524288,1048576,2097152,262144,524288,1048576}}  nc{[ Transports: WIFI Capabilities: INTERNET&NOT_RESTRICTED&TRUSTED&NOT_VPN LinkUpBandwidth>=1048576Kbps LinkDnBandwidth>=1048576Kbps]}  Score{20}  everValidated{false}  lastValidated{false}  created{true}  explicitlySelected{false} }
D/KeyguardUpdateMonitor( 1841): handleSimStateChange(subId=-2, slotId=0, state=READY)
W/KeyguardUpdateMonitor( 1841): invalid subId in handleSimStateChange()
D/KeyguardUpdateMonitor( 1841): handleSimStateChange(subId=-2, slotId=0, state=READY)
W/KeyguardUpdateMonitor( 1841): invalid subId in handleSimStateChange()
D/ConnectivityService( 1677): Setting tx/rx TCP buffers to 524288,1048576,2097152,262144,524288,1048576
D/ConnectivityService( 1677): notifyType AVAILABLE for NetworkAgentInfo [WIFI () - 100]
D/CSLegacyTypeTracker( 1677): Sending connected broadcast for type 1 NetworkAgentInfo [WIFI () - 100] isDefaultNetwork=true
D/ConnectivityManager.CallbackHandler( 1841): CM callback handler got msg 524290
D/ConnectivityService( 1677): sendStickyBroadcast: action=android.net.conn.CONNECTIVITY_CHANGE_IMMEDIATE
D/ConnectivityService( 1677): sendStickyBroadcast: action=android.net.conn.CONNECTIVITY_CHANGE
D/ConnectivityService( 1677): setProvNotificationVisibleIntent: E visible=false networkType=0 extraInfo=null
D/ConnectivityService( 1677): Validated NetworkAgentInfo [WIFI () - 100]
D/ConnectivityService( 1677): rematching NetworkAgentInfo [WIFI () - 100]
D/ConnectivityService( 1677): Network NetworkAgentInfo [WIFI () - 100] was already satisfying request 1. No change.
D/ConnectivityService( 1677): notifyType AVAILABLE for NetworkAgentInfo [WIFI () - 100]
D/ConnectivityManager.CallbackHandler( 1841): CM callback handler got msg 524290
D/ConnectivityService( 1677): sendStickyBroadcast: action=android.net.conn.INET_CONDITION_ACTION
D/Tethering( 1677): MasterInitialState.processMessage what=3
I/ActivityManager( 1677): Displayed com.vphone.launcher/.Launcher: +2s214ms
W/linker  ( 1943): libwebviewchromium.so: unused DT entry: type 0x6ffffef5 arg 0x4ae8
W/linker  ( 1943): libwebviewchromium.so: unused DT entry: type 0x6ffffffe arg 0x4a88
W/linker  ( 1943): libwebviewchromium.so: unused DT entry: type 0x6fffffff arg 0x3
I/WebViewFactory( 1943): Loading com.google.android.webview version 74.0.3729.136 (code 372913610)
D/AndroidRuntime( 2168): Shutting down VM
I/ActivityManager( 1677): Start proc 2252:android.process.media/u0a4 for broadcast com.android.providers.downloads/.DownloadReceiver
I/art     ( 1457): Explicit concurrent mark sweep GC freed 706(30KB) AllocSpace objects, 0(0B) LOS objects, 39% free, 7MB/11MB, paused 5.424ms total 11.519ms
I/art     ( 1457): Explicit concurrent mark sweep GC freed 5(160B) AllocSpace objects, 0(0B) LOS objects, 39% free, 7MB/11MB, paused 64us total 5.281ms
I/cr_LibraryLoader( 1943): Time to load native libraries: 0 ms (timestamps 8114-8114)
I/art     ( 1457): Explicit concurrent mark sweep GC freed 5(160B) AllocSpace objects, 0(0B) LOS objects, 39% free, 7MB/11MB, paused 1.626ms total 7.501ms
I/art     ( 1943): Rejecting re-init on previously-failed class java.lang.Class<ii>
I/art     ( 1943): Rejecting re-init on previously-failed class java.lang.Class<ii>
I/art     ( 1943): Rejecting re-init on previously-failed class java.lang.Class<ii>
I/chromium( 1943): [INFO:library_loader_hooks.cc(50)] Chromium logging enabled: level = 0, default verbosity = 0
I/cr_LibraryLoader( 1943): Expected native library version number "74.0.3729.136", actual native library version number "74.0.3729.136"
I/cr_BrowserStartup( 1943): Initializing chromium process, singleProcess=true
D/Sensors ( 1677): Client connection accepted (192)
E/SQLiteLog( 2252): (283) recovered 1 frames from WAL file /data/data/com.android.providers.media/databases/external.db-wal
I/ActivityManager( 1677): Start proc 2292:com.bignox.app.store.hd/1000 for broadcast com.bignox.app.store.hd/.providers.downloads.DownloadReceiver
D/ConnectivityService( 1677): listenForNetwork for NetworkRequest [ id=3, legacyType=-1, [ Capabilities: INTERNET&NOT_RESTRICTED&TRUSTED] ]
D/ConnectivityService( 1677): handleRegisterNetworkRequest checking NetworkAgentInfo [WIFI () - 100]
D/ConnectivityService( 1677): apparently satisfied.  currentScore=60
D/ConnectivityManager.CallbackHandler( 1943): CM callback handler got msg 524290
W/linker  ( 2292): libxl_thunder_sdk.so: unused DT entry: type 0xf arg 0x57897
D/ConnectivityService( 1677): listenForNetwork for NetworkRequest [ id=4, legacyType=-1, [ Capabilities: INTERNET&NOT_RESTRICTED&TRUSTED] ]
D/ConnectivityService( 1677): handleRegisterNetworkRequest checking NetworkAgentInfo [WIFI () - 100]
D/ConnectivityService( 1677): apparently satisfied.  currentScore=60
D/ConnectivityManager.CallbackHandler( 1943): CM callback handler got msg 524290
I/Choreographer( 1943): Skipped 40 frames!  The application may be doing too much work on its main thread.
D/Launcher( 1943): 11683562 - bindAddScreens()
D/Launcher( 1943): 11683562 -   orderedScreenIds: 1
D/Launcher.Workspace( 1943): 11683562 - insertNewWorkspaceScreen(): 1 at index: 0
I/XLUtil  ( 2292): loadAndParseFile start
I/XLUtil  ( 2292): loadAndParseFile end
I/XLDownloadManager( 2292): Peerid:RDBDNjM3MEYzRkVEMDBYWQ==
I/XLDownloadManager( 2292): Guid:MzUyMjg0MDQzNDg3NTgwX0QwQzYzNzBGM0ZFRA==
D/EventBus( 1943): No subscribers registered for event class com.vphone.launcher.game.event.RankEvent
D/EventBus( 1943): No subscribers registered for event class org.greenrobot.eventbus.NoSubscriberEvent
E/installd( 1454): Unable to unlink boot marker at /data/dalvik-cache/arm/.booting, error=No such file or directory
E/ActivityManager( 1677): Unable to mark boot complete for abi: armeabi-v7a
I/SystemServiceManager( 1677): Starting phase 1000
V/KeyguardServiceDelegate( 1677): *** Keyguard started
W/KeyguardServiceDelegate( 1677): onScreenTurnedOn(): no keyguard service!
V/KeyguardServiceDelegate( 1677): *** Keyguard connected (yay!)
I/XLDownloadManager( 2292): doMonitorNetworkChange()
I/XLDownloadManager( 2292): register Receiver
V/KeyguardServiceDelegate( 1677): **** SHOWN CALLED ****
V/KeyguardUpdateMonitor( 1841): onSubscriptionInfoChanged()
D/GpsLocationProvider( 1677): received SIM realted action: 
D/        ( 1677): HostConnection::get() New Host Connection established 0xa202e300, tid 1713
V/KeyguardUpdateMonitor( 1841): onSubscriptionInfoChanged: list is null
D/GpsLocationProvider( 1677): SIM MCC/MNC is available: 46007
D/GpsLocationProvider( 1677): Reset GPS properties, previous size = 8
D/GpsLocationProvider( 1677): GpsParamsResource: SUPL_HOST=supl.google.com
D/GpsLocationProvider( 1677): GpsParamsResource: SUPL_PORT=7275
D/GpsLocationProvider( 1677): GpsParamsResource: NTP_SERVER=north-america.pool.ntp.org
D/GpsLocationProvider( 1677): GpsParamsResource: SUPL_VER=0x20000
D/GpsLocationProvider( 1677): GpsParamsResource: SUPL_MODE=1
D/GpsLocationProvider( 1677): GPS properties reloaded, size = 8
E/GpsLocationProvider( 1677): no AGPS interface in set_agps_server
E/GpsLocationProvider( 1677): no GPS configuration interface in configuraiton_update
D/GpsLocationProvider( 1677): final config = #Wed Feb 26 11:18:19 GMT+08:00 2020
D/GpsLocationProvider( 1677): SUPL_VER=0x20000
D/GpsLocationProvider( 1677): SUPL_HOST=supl.google.com
D/GpsLocationProvider( 1677): XTRA_SERVER_3=http\://xtra3.gpsonextra.net/xtra.bin
D/GpsLocationProvider( 1677): XTRA_SERVER_1=http\://xtra1.gpsonextra.net/xtra.bin
D/GpsLocationProvider( 1677): SUPL_PORT=7276
D/GpsLocationProvider( 1677): XTRA_SERVER_2=http\://xtra2.gpsonextra.net/xtra.bin
D/GpsLocationProvider( 1677): NTP_SERVER=north-america.pool.ntp.org
D/GpsLocationProvider( 1677): SUPL_MODE=1
I/Telephony( 1908): PstnIncomingCallNotifier: Unregistering: Handler (com.android.internal.telephony.gsm.GSMPhone) {2cca3049}
W/ContextImpl( 1677): Calling a method in the system process without a qualified user: android.app.ContextImpl.sendBroadcast:1327 com.android.server.InputMethodManagerService.hideCurrentInputLocked:1992 com.android.server.InputMethodManagerService.windowGainedFocus:2082 com.android.internal.view.IInputMethodManager$Stub.onTransact:221 com.android.server.InputMethodManagerService.onTransact:873 
W/ContextImpl( 1943): Calling a method in the system process without a qualified user: android.app.ContextImpl.sendBroadcast:1327 android.content.ContextWrapper.sendBroadcast:377 com.vphone.launcher.Hotseat$8.onResponse:647 com.vphone.launcher.Hotseat$8.onResponse:636 com.vphone.launcher.network.GsonRequest.deliverResponse:52 
I/Telephony( 1908): PstnIncomingCallNotifier: Registering: Handler (com.android.internal.telephony.gsm.GSMPhone) {2cca3049}
D/GpsLocationProvider( 1677): received SIM realted action: 
D/GpsLocationProvider( 1677): SIM MCC/MNC is available: 46007
D/GpsLocationProvider( 1677): Reset GPS properties, previous size = 8
D/GpsLocationProvider( 1677): GpsParamsResource: SUPL_HOST=supl.google.com
D/GpsLocationProvider( 1677): GpsParamsResource: SUPL_PORT=7275
D/GpsLocationProvider( 1677): GpsParamsResource: NTP_SERVER=north-america.pool.ntp.org
D/GpsLocationProvider( 1677): GpsParamsResource: SUPL_VER=0x20000
D/GpsLocationProvider( 1677): GpsParamsResource: SUPL_MODE=1
D/GpsLocationProvider( 1677): GPS properties reloaded, size = 8
E/GpsLocationProvider( 1677): no AGPS interface in set_agps_server
E/GpsLocationProvider( 1677): no GPS configuration interface in configuraiton_update
D/GpsLocationProvider( 1677): final config = #Wed Feb 26 11:18:19 GMT+08:00 2020
D/GpsLocationProvider( 1677): SUPL_VER=0x20000
D/GpsLocationProvider( 1677): SUPL_HOST=supl.google.com
D/GpsLocationProvider( 1677): XTRA_SERVER_3=http\://xtra3.gpsonextra.net/xtra.bin
D/GpsLocationProvider( 1677): XTRA_SERVER_1=http\://xtra1.gpsonextra.net/xtra.bin
D/GpsLocationProvider( 1677): SUPL_PORT=7276
D/GpsLocationProvider( 1677): XTRA_SERVER_2=http\://xtra2.gpsonextra.net/xtra.bin
D/GpsLocationProvider( 1677): NTP_SERVER=north-america.pool.ntp.org
D/GpsLocationProvider( 1677): SUPL_MODE=1
V/KeyguardUpdateMonitor( 1841): onSubscriptionInfoChanged()
V/KeyguardUpdateMonitor( 1841): onSubscriptionInfoChanged: list is null
I/Telephony( 1908): PstnIncomingCallNotifier: Unregistering: Handler (com.android.internal.telephony.gsm.GSMPhone) {2cca3049}
I/Telephony( 1908): PstnIncomingCallNotifier: Registering: Handler (com.android.internal.telephony.gsm.GSMPhone) {2cca3049}
E/TelephonyProvider( 1908): Failed setting numeric '460072' to the current operator
E/TelephonyProvider( 1908): Failed setting numeric '460072' to the current operator
D/GpsLocationProvider( 1677): received SIM realted action: 
V/KeyguardUpdateMonitor( 1841): onSubscriptionInfoChanged()
D/GpsLocationProvider( 1677): SIM MCC/MNC is available: 46007
D/GpsLocationProvider( 1677): Reset GPS properties, previous size = 8
D/GpsLocationProvider( 1677): GpsParamsResource: SUPL_HOST=supl.google.com
D/GpsLocationProvider( 1677): GpsParamsResource: SUPL_PORT=7275
D/GpsLocationProvider( 1677): GpsParamsResource: NTP_SERVER=north-america.pool.ntp.org
D/GpsLocationProvider( 1677): GpsParamsResource: SUPL_VER=0x20000
D/GpsLocationProvider( 1677): GpsParamsResource: SUPL_MODE=1
D/GpsLocationProvider( 1677): GPS properties reloaded, size = 8
E/GpsLocationProvider( 1677): no AGPS interface in set_agps_server
E/GpsLocationProvider( 1677): no GPS configuration interface in configuraiton_update
D/GpsLocationProvider( 1677): final config = #Wed Feb 26 11:18:19 GMT+08:00 2020
D/GpsLocationProvider( 1677): SUPL_VER=0x20000
D/GpsLocationProvider( 1677): SUPL_HOST=supl.google.com
D/GpsLocationProvider( 1677): XTRA_SERVER_3=http\://xtra3.gpsonextra.net/xtra.bin
D/GpsLocationProvider( 1677): XTRA_SERVER_1=http\://xtra1.gpsonextra.net/xtra.bin
D/GpsLocationProvider( 1677): SUPL_PORT=7276
D/GpsLocationProvider( 1677): XTRA_SERVER_2=http\://xtra2.gpsonextra.net/xtra.bin
D/GpsLocationProvider( 1677): NTP_SERVER=north-america.pool.ntp.org
D/GpsLocationProvider( 1677): SUPL_MODE=1
D/GpsLocationProvider( 1677): received SIM realted action: 
D/GpsLocationProvider( 1677): SIM MCC/MNC is available: 46007
D/GpsLocationProvider( 1677): Reset GPS properties, previous size = 8
D/GpsLocationProvider( 1677): GpsParamsResource: SUPL_HOST=supl.google.com
D/GpsLocationProvider( 1677): GpsParamsResource: SUPL_PORT=7275
D/GpsLocationProvider( 1677): GpsParamsResource: NTP_SERVER=north-america.pool.ntp.org
D/GpsLocationProvider( 1677): GpsParamsResource: SUPL_VER=0x20000
D/GpsLocationProvider( 1677): GpsParamsResource: SUPL_MODE=1
D/GpsLocationProvider( 1677): GPS properties reloaded, size = 8
E/GpsLocationProvider( 1677): no AGPS interface in set_agps_server
E/GpsLocationProvider( 1677): no GPS configuration interface in configuraiton_update
D/GpsLocationProvider( 1677): final config = #Wed Feb 26 11:18:19 GMT+08:00 2020
D/GpsLocationProvider( 1677): SUPL_VER=0x20000
D/GpsLocationProvider( 1677): SUPL_HOST=supl.google.com
D/GpsLocationProvider( 1677): XTRA_SERVER_3=http\://xtra3.gpsonextra.net/xtra.bin
D/GpsLocationProvider( 1677): XTRA_SERVER_1=http\://xtra1.gpsonextra.net/xtra.bin
D/GpsLocationProvider( 1677): SUPL_PORT=7276
D/GpsLocationProvider( 1677): XTRA_SERVER_2=http\://xtra2.gpsonextra.net/xtra.bin
D/GpsLocationProvider( 1677): NTP_SERVER=north-america.pool.ntp.org
D/GpsLocationProvider( 1677): SUPL_MODE=1
V/KeyguardUpdateMonitor( 1841): SubInfo:{id=2, iccId=89860081012081983715 simSlotIndex=0 displayName=CARD 1 carrierName=Android nameSource=0 iconTint=-16746133 dataRoaming=0 iconBitmap=android.graphics.Bitmap@5113e38 mcc 460 mnc 72}
E/libEGL  ( 1943): call to OpenGL ES API with no current context (logged once per thread)
D/KeyguardViewMediator( 1841): onSimStateChanged(subId=2, slotId=0,state=READY)
I/Telephony( 1908): PstnIncomingCallNotifier: Unregistering: Handler (com.android.internal.telephony.gsm.GSMPhone) {2cca3049}
I/Telephony( 1908): PstnIncomingCallNotifier: Registering: Handler (com.android.internal.telephony.gsm.GSMPhone) {2cca3049}
D/WifiService( 1677): New client listening to asynchronous messages
W/ActivityThread( 2292): ClassLoader.loadClass: The class loader returned by Thread.getContextClassLoader() may fail for processes that host multiple applications. You should explicitly specify a context class loader. For example: Thread.setContextClassLoader(getClass().getClassLoader());
W/DebugConnManager( 1943): getNetworkInfo() on networkType 1
D/GpsLocationProvider( 1677): received SIM realted action: 
D/GpsLocationProvider( 1677): SIM MCC/MNC is available: 46007
D/GpsLocationProvider( 1677): Reset GPS properties, previous size = 8
D/GpsLocationProvider( 1677): GpsParamsResource: SUPL_HOST=supl.google.com
D/GpsLocationProvider( 1677): GpsParamsResource: SUPL_PORT=7275
D/GpsLocationProvider( 1677): GpsParamsResource: NTP_SERVER=north-america.pool.ntp.org
D/GpsLocationProvider( 1677): GpsParamsResource: SUPL_VER=0x20000
D/GpsLocationProvider( 1677): GpsParamsResource: SUPL_MODE=1
D/GpsLocationProvider( 1677): GPS properties reloaded, size = 8
E/GpsLocationProvider( 1677): no AGPS interface in set_agps_server
E/GpsLocationProvider( 1677): no GPS configuration interface in configuraiton_update
D/GpsLocationProvider( 1677): final config = #Wed Feb 26 11:18:19 GMT+08:00 2020
D/GpsLocationProvider( 1677): SUPL_VER=0x20000
D/GpsLocationProvider( 1677): SUPL_HOST=supl.google.com
D/GpsLocationProvider( 1677): XTRA_SERVER_3=http\://xtra3.gpsonextra.net/xtra.bin
D/GpsLocationProvider( 1677): XTRA_SERVER_1=http\://xtra1.gpsonextra.net/xtra.bin
D/GpsLocationProvider( 1677): SUPL_PORT=7276
D/GpsLocationProvider( 1677): XTRA_SERVER_2=http\://xtra2.gpsonextra.net/xtra.bin
D/GpsLocationProvider( 1677): NTP_SERVER=north-america.pool.ntp.org
D/GpsLocationProvider( 1677): SUPL_MODE=1
I/Telephony( 1908): PstnIncomingCallNotifier: Unregistering: Handler (com.android.internal.telephony.gsm.GSMPhone) {2cca3049}
I/Telephony( 1908): PstnIncomingCallNotifier: Registering: Handler (com.android.internal.telephony.gsm.GSMPhone) {2cca3049}
V/KeyguardUpdateMonitor( 1841): action android.intent.action.SIM_STATE_CHANGED state: LOADED slotId: 0 subid: 2
I/Telephony( 1908): PstnIncomingCallNotifier: Unregistering: Handler (com.android.internal.telephony.gsm.GSMPhone) {2cca3049}
I/Telephony( 1908): PstnIncomingCallNotifier: Registering: Handler (com.android.internal.telephony.gsm.GSMPhone) {2cca3049}
V/KeyguardUpdateMonitor( 1841): onSubscriptionInfoChanged()
I/art     ( 1677): Explicit concurrent mark sweep GC freed 27822(1892KB) AllocSpace objects, 14(224KB) LOS objects, 33% free, 13MB/20MB, paused 219us total 32.614ms
V/KeyguardUpdateMonitor( 1841): SubInfo:{id=2, iccId=89860081012081983715 simSlotIndex=0 displayName=Android carrierName=Android nameSource=0 iconTint=-16746133 dataRoaming=0 iconBitmap=android.graphics.Bitmap@3fb805e4 mcc 460 mnc 72}
I/Telephony( 1908): PstnIncomingCallNotifier: Unregistering: Handler (com.android.internal.telephony.gsm.GSMPhone) {2cca3049}
D/Volley  ( 2292): [1] DiskBasedCache.clear: Cache cleared.
D/KeyguardUpdateMonitor( 1841): handleSimStateChange(subId=2, slotId=0, state=READY)
V/KeyguardUpdateMonitor( 1841): onSubscriptionInfoChanged()
I/Telephony( 1908): PstnIncomingCallNotifier: Registering: Handler (com.android.internal.telephony.gsm.GSMPhone) {2cca3049}
W/ContextImpl( 2292): Calling a method in the system process without a qualified user: android.app.ContextImpl.startService:1706 android.content.ContextWrapper.startService:516 com.bignox.app.store.hd.StoreApplication.onCreate:97 android.app.Instrumentation.callApplicationOnCreate:1012 android.app.ActivityThread.handleBindApplication:4592 
I/NotificationMgr( 1908): updateMwi(): subId 2 update to false
V/KeyguardUpdateMonitor( 1841): SubInfo:{id=2, iccId=89860081012081983715 simSlotIndex=0 displayName=Android carrierName=Android nameSource=0 iconTint=-16746133 dataRoaming=0 iconBitmap=android.graphics.Bitmap@257e2a4d mcc 460 mnc 72}
I/HttpDnsSDK( 2292): HttpDnsThreadFactory create a new thread, name: Thread-76
I/HttpDnsSDK( 2292): HttpDnsThreadFactory create a new thread, name: Thread-77
I/HttpDnsSDK( 2292): HttpDnsThreadFactory create a new thread, name: Thread-78
W/ContextImpl( 2292): Calling a method in the system process without a qualified user: android.app.ContextImpl.startService:1706 android.content.ContextWrapper.startService:516 android.content.ContextWrapper.startService:516 com.bignox.app.store.hd.providers.downloads.DownloadReceiver.startService:188 com.bignox.app.store.hd.providers.downloads.DownloadReceiver.onReceive:53 
W/ContextImpl( 1943): Calling a method in the system process without a qualified user: android.app.ContextImpl.startService:1706 android.content.ContextWrapper.startService:516 android.content.ContextWrapper.startService:516 com.vphone.launcher.providers.downloads.DownloadReceiver.startService:188 com.vphone.launcher.providers.downloads.DownloadReceiver.onReceive:53 
V/OtaStartupReceiver( 1908): onOtaspChanged: mOtaspMode=3
D/XLDownloadManager( 2292): NetworkChangeHandlerThread nettype=9
D/XLDownloadManager( 2292): NetworkChangeHandlerThread bssid=01:80:c2:00:00:03
I/RecoverySystem( 1677): No recovery log file
D/WIFI    ( 1677): Registering NetworkFactory
D/WIFI_UT ( 1677): Registering NetworkFactory
D/ConnectivityService( 1677): Got NetworkFactory Messenger for WIFI
D/ConnectivityService( 1677): Got NetworkFactory Messenger for WIFI_UT
D/WIFI    ( 1677): got request NetworkRequest [ id=1, legacyType=-1, [ Capabilities: INTERNET&NOT_RESTRICTED&TRUSTED&NOT_VPN] ] with score 60
D/WIFI_UT ( 1677): got request NetworkRequest [ id=1, legacyType=-1, [ Capabilities: INTERNET&NOT_RESTRICTED&TRUSTED&NOT_VPN] ] with score 60
I/BootReceiver( 1677): Copying audit failures to DropBox
I/BootReceiver( 1677): Checking for fsck errors
D/Event   ( 2292): No subscribers registered for event class com.bignox.app.store.hd.model.Game
I/ActivityManager( 1677): Start proc 2413:com.android.providers.calendar/u0a1 for broadcast com.android.providers.calendar/.CalendarReceiver
D/Event   ( 2292): No subscribers registered for event class de.greenrobot.event.NoSubscriberEvent
I/com.bignox.app.store.hd.repositories.AppRepository( 2292): delete app by package url :com.bignox.app.store.hd
I/ActivityManager( 1677): Start proc 2427:com.android.keychain/1000 for service com.android.keychain/.KeyChainService
D/HttpDnsSDK( 2292): 78 - VMStack.java:-2 - [getThreadStackTrace] - resolve host: res.src.yeshen.com, return: {"host":"res.src.yeshen.com","ips":[],"ttl":300}
W/ResourcesManager( 2413): Asset path '/system/framework/android.test.runner.jar' does not exist or contains no resources.
D/HttpDnsSDK( 2292): 77 - VMStack.java:-2 - [getThreadStackTrace] - resolve host: ressrc.yeshen.com, return: {"host":"ressrc.yeshen.com","ips":["60.205.13.186"],"ttl":259,"origin_ttl":600}
D/HttpDnsSDK( 2292): 75 - VMStack.java:-2 - [getThreadStackTrace] - stat: XlULJKsKE00DAL03PWt3Z4x2
D/Event   ( 2292): No subscribers registered for event class com.bignox.app.store.hd.providers.downloads.CountEvent
D/Event   ( 2292): No subscribers registered for event class de.greenrobot.event.NoSubscriberEvent
I/CalendarProvider2( 2413): Created com.android.providers.calendar.CalendarAlarmManager@2ba05aaf(com.android.providers.calendar.CalendarProvider2@1421ebc)
I/ActivityManager( 1677): Start proc 2450:com.android.managedprovisioning/u0a6 for broadcast com.android.managedprovisioning/.BootReminder
D/Event   ( 2292): No subscribers registered for event class com.bignox.app.store.hd.model.Game
D/Event   ( 2292): No subscribers registered for event class de.greenrobot.event.NoSubscriberEvent
D/Event   ( 2292): No subscribers registered for event class com.bignox.app.store.hd.providers.downloads.CountEvent
D/Event   ( 2292): No subscribers registered for event class de.greenrobot.event.NoSubscriberEvent
W/ContextImpl( 2292): Calling a method in the system process without a qualified user: android.app.ContextImpl.sendBroadcast:1327 android.content.ContextWrapper.sendBroadcast:377 com.bignox.app.store.hd.asynctask.InitPackageMapTask.onPostExecute:284 com.bignox.app.store.hd.asynctask.InitPackageMapTask.onPostExecute:32 android.os.AsyncTask.finish:636 
D/Event   ( 2292): No subscribers registered for event class com.bignox.app.store.hd.providers.downloads.CountEvent
D/Event   ( 2292): No subscribers registered for event class de.greenrobot.event.NoSubscriberEvent
D/HttpDnsSDK( 2292): 75 - VMStack.java:-2 - [getThreadStackTrace] - get MAN response: {"t":1582687079944,"ret":"","success":"success"}
W/ContextImpl( 1677): Calling a method in the system process without a qualified user: android.app.ContextImpl.sendBroadcast:1327 com.android.server.notification.NotificationManagerService$8.run:1945 android.os.Handler.handleCallback:739 android.os.Handler.dispatchMessage:95 android.os.Looper.loop:135 
I/ActivityManager( 1677): Start proc 2470:com.android.onetimeinitializer/u0a7 for broadcast com.android.onetimeinitializer/.OneTimeInitializerReceiver
V/OneTimeInitializerRece( 2470): OneTimeInitializerReceiver.onReceive
W/ContextImpl( 2292): Calling a method in the system process without a qualified user: android.app.ContextImpl.startService:1706 android.content.ContextWrapper.startService:516 android.content.ContextWrapper.startService:516 com.bignox.app.store.hd.providers.downloads.DownloadReceiver.startService:188 com.bignox.app.store.hd.providers.downloads.DownloadReceiver.onReceive:48 
W/ContextImpl( 1943): Calling a method in the system process without a qualified user: android.app.ContextImpl.startService:1706 android.content.ContextWrapper.startService:516 android.content.ContextWrapper.startService:516 com.vphone.launcher.providers.downloads.DownloadReceiver.startService:188 com.vphone.launcher.providers.downloads.DownloadReceiver.onReceive:48 
D/Event   ( 2292): No subscribers registered for event class com.bignox.app.store.hd.providers.downloads.CountEvent
D/Event   ( 2292): No subscribers registered for event class de.greenrobot.event.NoSubscriberEvent
E/SQLiteLog( 2252): (283) recovered 88 frames from WAL file /data/data/com.android.providers.media/databases/internal.db-wal
W/MediaScanner( 2252): Error opening directory '/oem/media/', skipping: No such file or directory.
E/sdcard  ( 1399): opendir /data/media/0/Apps failed: Permission denied
W/MediaScanner( 2252): Error opening directory '/storage/emulated/0/Apps/', skipping: Permission denied.
E/sdcard  ( 1399): opendir /data/media/0/Others failed: Permission denied
W/MediaScanner( 2252): Error opening directory '/storage/emulated/0/Others/', skipping: Permission denied.
V/MediaScanner( 2252): pruneDeadThumbnailFiles... android.database.sqlite.SQLiteCursor@3ba8aeec
V/MediaScanner( 2252): /pruneDeadThumbnailFiles... android.database.sqlite.SQLiteCursor@3ba8aeec
D/ConnectivityService( 1677): releasing NetworkRequest NetworkRequest [ id=3, legacyType=-1, [ Capabilities: INTERNET&NOT_RESTRICTED&TRUSTED] ]
D/ConnectivityManager.CallbackHandler( 1943): CM callback handler got msg 524296
D/HttpDnsSDK( 2292): 76 - VMStack.java:-2 - [getThreadStackTrace] - resolve host: res.yeshen.com, return: {"host":"res.yeshen.com","ips":["183.201.233.35"],"ttl":60,"origin_ttl":60}
I/WifiNative-HAL( 1677): startHal
D/ConnectivityService( 1677): updateNetworkScore for NetworkAgentInfo [WIFI () - 100] to 56
D/ConnectivityService( 1677): rematching NetworkAgentInfo [WIFI () - 100]
D/ConnectivityService( 1677): Network NetworkAgentInfo [WIFI () - 100] was already satisfying request 1. No change.
D/ConnectivityService( 1677): notifyType AVAILABLE for NetworkAgentInfo [WIFI () - 100]
D/ConnectivityManager.CallbackHandler( 1841): CM callback handler got msg 524290
D/ConnectivityManager.CallbackHandler( 1943): CM callback handler got msg 524290
W/DebugConnManager( 1943): getNetworkInfo() on networkType 1
I/CalendarProvider2( 2413): Sending notification intent: Intent { act=android.intent.action.PROVIDER_CHANGED dat=content://com.android.calendar }
W/ContentResolver( 2413): Failed to get type for: content://com.android.calendar (Unknown URL content://com.android.calendar)
D/ConnectivityService( 1677): listenForNetwork for NetworkRequest [ id=5, legacyType=-1, [ Capabilities: INTERNET&NOT_RESTRICTED&TRUSTED] ]
D/ConnectivityService( 1677): handleRegisterNetworkRequest checking NetworkAgentInfo [WIFI () - 100]
D/ConnectivityService( 1677): apparently satisfied.  currentScore=56
D/ConnectivityManager.CallbackHandler( 1943): CM callback handler got msg 524290
D/ConnectivityService( 1677): updateNetworkScore for NetworkAgentInfo [WIFI () - 100] to 60
D/ConnectivityService( 1677): rematching NetworkAgentInfo [WIFI () - 100]
D/ConnectivityService( 1677): Network NetworkAgentInfo [WIFI () - 100] was already satisfying request 1. No change.
D/ConnectivityService( 1677): notifyType AVAILABLE for NetworkAgentInfo [WIFI () - 100]
D/ConnectivityManager.CallbackHandler( 1841): CM callback handler got msg 524290
D/ConnectivityManager.CallbackHandler( 1943): CM callback handler got msg 524290
D/ConnectivityManager.CallbackHandler( 1943): CM callback handler got msg 524290
E/SQLiteLog( 2413): (284) automatic index on view_events(_id)
E/RecyclerView( 1943): No adapter attached; skipping layout
E/RecyclerView( 1943): No adapter attached; skipping layout
E/RecyclerView( 1943): No adapter attached; skipping layout
E/RecyclerView( 1943): No adapter attached; skipping layout
E/RecyclerView( 1943): No adapter attached; skipping layout
E/RecyclerView( 1943): No adapter attached; skipping layout
W/DebugConnManager( 1943): getNetworkInfo() on networkType 1
W/DebugConnManager( 1943): getNetworkInfo() on networkType 1
D/ConnectivityService( 1677): releasing NetworkRequest NetworkRequest [ id=5, legacyType=-1, [ Capabilities: INTERNET&NOT_RESTRICTED&TRUSTED] ]
D/ConnectivityManager.CallbackHandler( 1943): CM callback handler got msg 524296
W/DebugConnManager( 1943): getNetworkInfo() on networkType 1
W/DebugConnManager( 1943): getNetworkInfo() on networkType 1
W/DebugConnManager( 1943): getNetworkInfo() on networkType 1
E/RemotePrintSpooler( 1677): Error removing obsolete print jobs .
E/RemotePrintSpooler( 1677): java.util.concurrent.TimeoutException: Cannot get spooler!
E/RemotePrintSpooler( 1677): 	at com.android.server.print.RemotePrintSpooler.bindLocked(RemotePrintSpooler.java:378)
E/RemotePrintSpooler( 1677): 	at com.android.server.print.RemotePrintSpooler.getRemoteInstanceLazy(RemotePrintSpooler.java:354)
E/RemotePrintSpooler( 1677): 	at com.android.server.print.RemotePrintSpooler.removeObsoletePrintJobs(RemotePrintSpooler.java:289)
E/RemotePrintSpooler( 1677): 	at com.android.server.print.UserState.removeObsoletePrintJobs(UserState.java:165)
E/RemotePrintSpooler( 1677): 	at com.android.server.print.PrintManagerService$PrintManagerImpl$3.run(PrintManagerService.java:644)
E/RemotePrintSpooler( 1677): 	at android.os.Handler.handleCallback(Handler.java:739)
E/RemotePrintSpooler( 1677): 	at android.os.Handler.dispatchMessage(Handler.java:95)
E/RemotePrintSpooler( 1677): 	at android.os.Looper.loop(Looper.java:135)
E/RemotePrintSpooler( 1677): 	at android.os.HandlerThread.run(HandlerThread.java:61)
I/FusedLocation( 1677): engine started (com.android.location.fused)
D/GpsLocationProvider( 1677): received SIM realted action: 
D/GpsLocationProvider( 1677): SIM MCC/MNC is available: 46007
D/GpsLocationProvider( 1677): Reset GPS properties, previous size = 8
D/GpsLocationProvider( 1677): GpsParamsResource: SUPL_HOST=supl.google.com
D/GpsLocationProvider( 1677): GpsParamsResource: SUPL_PORT=7275
D/GpsLocationProvider( 1677): GpsParamsResource: NTP_SERVER=north-america.pool.ntp.org
D/GpsLocationProvider( 1677): GpsParamsResource: SUPL_VER=0x20000
D/GpsLocationProvider( 1677): GpsParamsResource: SUPL_MODE=1
D/GpsLocationProvider( 1677): GPS properties reloaded, size = 8
E/GpsLocationProvider( 1677): no AGPS interface in set_agps_server
E/GpsLocationProvider( 1677): no GPS configuration interface in configuraiton_update
D/GpsLocationProvider( 1677): final config = #Wed Feb 26 11:18:26 GMT+08:00 2020
D/GpsLocationProvider( 1677): SUPL_VER=0x20000
D/GpsLocationProvider( 1677): SUPL_HOST=supl.google.com
D/GpsLocationProvider( 1677): XTRA_SERVER_3=http\://xtra3.gpsonextra.net/xtra.bin
D/GpsLocationProvider( 1677): XTRA_SERVER_1=http\://xtra1.gpsonextra.net/xtra.bin
D/GpsLocationProvider( 1677): SUPL_PORT=7276
D/GpsLocationProvider( 1677): XTRA_SERVER_2=http\://xtra2.gpsonextra.net/xtra.bin
D/GpsLocationProvider( 1677): NTP_SERVER=north-america.pool.ntp.org
D/GpsLocationProvider( 1677): SUPL_MODE=1
D/GpsLocationProvider( 1677): received SIM realted action: 
D/GpsLocationProvider( 1677): SIM MCC/MNC is available: 46007
D/GpsLocationProvider( 1677): Reset GPS properties, previous size = 8
D/GpsLocationProvider( 1677): GpsParamsResource: SUPL_HOST=supl.google.com
D/GpsLocationProvider( 1677): GpsParamsResource: SUPL_PORT=7275
D/GpsLocationProvider( 1677): GpsParamsResource: NTP_SERVER=north-america.pool.ntp.org
D/GpsLocationProvider( 1677): GpsParamsResource: SUPL_VER=0x20000
D/GpsLocationProvider( 1677): GpsParamsResource: SUPL_MODE=1
D/GpsLocationProvider( 1677): GPS properties reloaded, size = 8
E/GpsLocationProvider( 1677): no AGPS interface in set_agps_server
E/GpsLocationProvider( 1677): no GPS configuration interface in configuraiton_update
D/GpsLocationProvider( 1677): final config = #Wed Feb 26 11:18:26 GMT+08:00 2020
D/GpsLocationProvider( 1677): SUPL_VER=0x20000
D/GpsLocationProvider( 1677): SUPL_HOST=supl.google.com
D/GpsLocationProvider( 1677): XTRA_SERVER_3=http\://xtra3.gpsonextra.net/xtra.bin
D/GpsLocationProvider( 1677): XTRA_SERVER_1=http\://xtra1.gpsonextra.net/xtra.bin
D/GpsLocationProvider( 1677): SUPL_PORT=7276
D/GpsLocationProvider( 1677): XTRA_SERVER_2=http\://xtra2.gpsonextra.net/xtra.bin
D/GpsLocationProvider( 1677): NTP_SERVER=north-america.pool.ntp.org
D/GpsLocationProvider( 1677): SUPL_MODE=1
D/GpsLocationProvider( 1677): received SIM realted action: 
D/GpsLocationProvider( 1677): SIM MCC/MNC is available: 46007
D/GpsLocationProvider( 1677): Reset GPS properties, previous size = 8
D/GpsLocationProvider( 1677): GpsParamsResource: SUPL_HOST=supl.google.com
D/GpsLocationProvider( 1677): GpsParamsResource: SUPL_PORT=7275
