D/BluetoothManagerService( 1677): Trying to bind to profile: 1, while Bluetooth was disabled
I/BackupManagerService( 1677): Backup enabled => false
I/BackupManagerService( 1677): Opting out of backup
D/BluetoothManagerService( 1677): Message: 30
E/BluetoothHeadsetClient( 1841): Could not bind to Bluetooth Headset Client Service with Intent { act=android.bluetooth.IBluetoothHeadsetClient }
D/BluetoothManagerService( 1677): Message: 30
E/InputMethodManagerService( 1677): Ignoring setImeWindowStatus due to an invalid token. uid:1000 token:null
D/BluetoothMap( 1841): Create BluetoothMap proxy object
D/BluetoothManagerService( 1677): Message: 30
D/BluetoothManagerService( 1677): Message: 30
D/BluetoothManagerService( 1677): Trying to bind to profile: 1, while Bluetooth was disabled
D/BluetoothManagerService( 1677): Message: 30
I/art     ( 1872): Late-enabling -Xcheck:jni
I/ActivityManager( 1677): Start proc 1872:com.android.inputservice/1000 for service com.android.inputservice/.InputService
V/InputMethodManagerService( 1677): Adding window token: android.os.Binder@3dfd5c7c
D/BluetoothManagerService( 1677): Message: 30
D/ConnectivityService( 1677): listenForNetwork for NetworkRequest [ id=2, legacyType=-1, [] ]
D/Launcher.Model( 1943): Old launcher provider: content://com.android.launcher2.settings/favorites?notify=true
D/Launcher.Model( 1943): Old launcher provider does not exist.
W/linker  ( 1453): libavutil.so has text relocations. This is wasting memory and prevents security hardening. Please fix.
W/linker  ( 1453): libavformat.so has text relocations. This is wasting memory and prevents security hardening. Please fix.
I/CameraManagerGlobal( 1841): getCameraService: Reconnecting to camera service
E/CameraService( 1453): getCameraVendorTagDescriptor: camera hardware module doesn't exist
E/CameraMetadata-JNI( 1841): CameraMetadata_setupGlobalVendorTagDescriptor: Failed to setup vendor tag descriptors, received error No such device (-19)
W/CameraManagerGlobal( 1841): Failed to set up vendor tags: The camera device is removable and has been disconnected from the Android device, or the camera service has shut down the connection due to a higher-priority access request for the camera device.
V/FingerprintService( 1677): startListening(android.service.fingerprint.IFingerprintServiceReceiver$Stub$Proxy@825b762)
D/GpsLocationProvider( 1677): Reset GPS properties, previous size = 0
D/GpsLocationProvider( 1677): GpsParamsResource: SUPL_HOST=supl.google.com
D/GpsLocationProvider( 1677): GpsParamsResource: SUPL_PORT=7275
D/GpsLocationProvider( 1677): GpsParamsResource: NTP_SERVER=north-america.pool.ntp.org
D/GpsLocationProvider( 1677): GpsParamsResource: SUPL_VER=0x20000
D/GpsLocationProvider( 1677): GpsParamsResource: SUPL_MODE=1
W/linker  ( 1453): libavcodec.so has text relocations. This is wasting memory and prevents security hardening. Please fix.
D/GpsLocationProvider( 1677): GPS properties reloaded, size = 8
E/GpsLocationProvider( 1677): no AGPS interface in set_agps_server
E/GpsLocationProvider( 1677): no GPS configuration interface in configuraiton_update
D/GpsLocationProvider( 1677): final config = #Wed Feb 26 11:18:17 GMT+08:00 2020
D/GpsLocationProvider( 1677): SUPL_VER=0x20000
D/GpsLocationProvider( 1677): SUPL_HOST=supl.google.com
D/GpsLocationProvider( 1677): XTRA_SERVER_3=http\://xtra3.gpsonextra.net/xtra.bin
D/GpsLocationProvider( 1677): XTRA_SERVER_1=http\://xtra1.gpsonextra.net/xtra.bin
D/GpsLocationProvider( 1677): SUPL_PORT=7276
D/GpsLocationProvider( 1677): XTRA_SERVER_2=http\://xtra2.gpsonextra.net/xtra.bin
D/GpsLocationProvider( 1677): NTP_SERVER=north-america.pool.ntp.org
D/GpsLocationProvider( 1677): SUPL_MODE=1
W/ServiceWatcher( 1677): com.google.android.gms not found
W/ServiceWatcher( 1677): com.google.android.gms not found
W/LocationManagerService( 1677): no network location provider found
W/ServiceWatcher( 1677): com.google.android.gms not found
W/ServiceWatcher( 1677): com.google.android.gms not found
E/LocationManagerService( 1677): no geocoder provider found
E/FlpHardwareProvider( 1677): Error hw_get_module 'flp': -2
E/LocationManagerService( 1677): FLP HAL not supported
W/ServiceWatcher( 1677): com.google.android.gms not found
E/LocationManagerService( 1677): Unable to bind FLP Geofence proxy.
E/ActivityRecognitionHardware( 1677): Error hw_get_module: -2
E/LocationManagerService( 1677): Hardware Activity-Recognition not supported.
I/art     ( 1677): Explicit concurrent mark sweep GC freed 13657(1019KB) AllocSpace objects, 8(128KB) LOS objects, 33% free, 13MB/19MB, paused 715us total 44.439ms
E/GpsLocationProvider( 1677): no AGPS interface in set_agps_server
I/CommonTimeManagementService( 1677): No common time service detected on this platform.  Common time services will be unavailable.
E/WVMExtractor( 1453): Failed to open libwvm.so: dlopen failed: library "libwvm.so" not found
I/FFmpegExtractor( 1453): android-source:0xb5850b40
I/FFmpegExtractor( 1453): android-source:0xb5036140
D/FFMPEG  ( 1453): android source begin open
D/FFMPEG  ( 1453): android open, url: android-source:0xb5036140
D/FFMPEG  ( 1453): ffmpeg open android data source success, source ptr: 0xb5036140
D/FFMPEG  ( 1453): android source open success
D/FFMPEG  ( 1453): android source begin open
D/FFMPEG  ( 1453): android open, url: android-source:0xb5850b40
D/FFMPEG  ( 1453): ffmpeg open android data source success, source ptr: 0xb5850b40
D/FFMPEG  ( 1453): android source open success
I/FFMPEG  ( 1453): Input #0, ogg, from 'android-source:0xb5036140':
I/FFMPEG  ( 1453):   Duration: 00:00:00.09, start: 0.000000, bitrate: 527 kb/s
I/FFMPEG  ( 1453):     Stream #0:0: Audio: vorbis, 44100 Hz, stereo, fltp, 160 kb/s
I/FFmpegExtractor( 1453): FFmpegExtrator, url: android-source:0xb5036140, format_name: ogg, format_long_name: Ogg
I/FFmpegExtractor( 1453): list the formats suppoted by ffmpeg: 
I/FFmpegExtractor( 1453): ========================================
I/FFmpegExtractor( 1453): ========================================
I/FFmpegExtractor( 1453): adjust mime(application/ogg -> audio/vorbis)
D/FFmpegExtractor( 1453): suppoted codec(vorbis) by official Stagefright
D/FFMPEG  ( 1453): android source close
I/FFmpegExtractor( 1453): sniff through BetterSniffFFMPEG success
D/FFmpegExtractor( 1453): ffmpeg detected media content as 'audio/vorbis' with confidence 0.08
I/InputReader( 1677): Reconfiguring input devices.  changes=0x00000030
I/FFMPEG  ( 1453): Input #0, ogg, from 'android-source:0xb5850b40':
I/MmsServiceBroker( 1677): Delay connecting to MmsService until an API is called
I/FFMPEG  ( 1453):   Duration: 00:00:00.23, start: 0.000000, bitrate: 293 kb/s
I/FFMPEG  ( 1453):     Stream #0:0: Audio: vorbis, 44100 Hz, stereo, fltp, 160 kb/s
I/FFmpegExtractor( 1453): FFmpegExtrator, url: android-source:0xb5850b40, format_name: ogg, format_long_name: Ogg
I/FFmpegExtractor( 1453): list the formats suppoted by ffmpeg: 
I/FFmpegExtractor( 1453): ========================================
I/FFmpegExtractor( 1453): ========================================
I/FFmpegExtractor( 1453): adjust mime(application/ogg -> audio/vorbis)
D/FFmpegExtractor( 1453): suppoted codec(vorbis) by official Stagefright
D/FFMPEG  ( 1453): android source close
I/FFmpegExtractor( 1453): sniff through BetterSniffFFMPEG success
D/FFmpegExtractor( 1453): ffmpeg detected media content as 'audio/vorbis' with confidence 0.08
W/VoiceInteractionManagerService( 1677): no available voice interaction services found for user 0
W/VoiceInteractionManagerService( 1677): no available voice recognition services found for user 0
D/NuPlayerDriver( 1453): start(0xb584fbe0)
I/GenericSource( 1453): start
D/NuPlayerDriver( 1453): start(0xb584fdc0)
I/GenericSource( 1453): start
W/linker  ( 1453): libswresample.so has text relocations. This is wasting memory and prevents security hardening. Please fix.
D/SoftFFmpegAudio( 1453): SoftFFmpegAudio component: OMX.ffmpeg.wma.decoder mMode: 4
W/linker  ( 1453): libswresample.so has text relocations. This is wasting memory and prevents security hardening. Please fix.
D/SoftFFmpegAudio( 1453): SoftFFmpegAudio component: OMX.ffmpeg.ra.decoder mMode: 5
I/ActivityManager( 1677): Start proc 1908:com.android.phone/1001 for added application com.android.phone
I/ActivityManager( 1677): START u0 {act=android.intent.action.MAIN cat=[android.intent.category.HOME] flg=0x10000000 cmp=com.vphone.launcher/.Launcher} from uid 0 on display 0
W/ImageLoader( 1943): diskCache() and diskCacheFileNameGenerator() calls overlap each other
W/linker  ( 1453): libswresample.so has text relocations. This is wasting memory and prevents security hardening. Please fix.
D/SoftFFmpegAudio( 1453): SoftFFmpegAudio component: OMX.ffmpeg.flac.decoder mMode: 6
W/ContextImpl( 1943): Calling a method in the system process without a qualified user: android.app.ContextImpl.startService:1706 android.content.ContextWrapper.startService:516 com.vphone.launcher.LauncherApplication.onCreate:119 android.app.Instrumentation.callApplicationOnCreate:1012 android.app.ActivityThread.handleBindApplication:4592 
V/WindowManager( 1677): addAppToken: AppWindowToken{207c7b59 token=Token{342003a0 ActivityRecord{f0cf4a3 u0 com.vphone.launcher/.Launcher t1}}} to stack=0 task=1 at 0
W/linker  ( 1453): libswresample.so has text relocations. This is wasting memory and prevents security hardening. Please fix.
D/SoftFFmpegAudio( 1453): SoftFFmpegAudio component: OMX.ffmpeg.mp2.decoder mMode: 7
W/linker  ( 1453): libswresample.so has text relocations. This is wasting memory and prevents security hardening. Please fix.
D/SoftFFmpegAudio( 1453): SoftFFmpegAudio component: OMX.ffmpeg.ac3.decoder mMode: 8
W/linker  ( 1453): libswresample.so has text relocations. This is wasting memory and prevents security hardening. Please fix.
D/SoftFFmpegAudio( 1453): SoftFFmpegAudio component: OMX.ffmpeg.ape.decoder mMode: 9
W/linker  ( 1453): libswresample.so has text relocations. This is wasting memory and prevents security hardening. Please fix.
D/SoftFFmpegAudio( 1453): SoftFFmpegAudio component: OMX.ffmpeg.dts.decoder mMode: 10
E/OMX     ( 1453): FAILED to allocate omx component 'OMX.ffmpeg.pcm.decoder'
W/linker  ( 1453): libswresample.so has text relocations. This is wasting memory and prevents security hardening. Please fix.
D/SoftFFmpegAudio( 1453): SoftFFmpegAudio component: OMX.ffmpeg.atrial.decoder mMode: 11
W/linker  ( 1453): libswscale.so has text relocations. This is wasting memory and prevents security hardening. Please fix.
D/SoftFFmpegVideo( 1453): SoftFFmpegVideo component: OMX.ffmpeg.h264.decoder mMode: 0 appData: 0xb5877b00
E/OMXNodeInstance( 1453): getParameter(9:ffmpeg.h264.decoder, ParamVideoProfileLevelQuerySupported(0x600000f)) ERROR: UnsupportedIndex(0x8000101a)
W/OMXNodeInstance( 1453): [9:ffmpeg.h264.decoder] component does not support metadata mode; using fallback
E/OMXNodeInstance( 1453): getExtensionIndex(9:ffmpeg.h264.decoder, OMX.google.android.index.prepareForAdaptivePlayback) ERROR: UnsupportedIndex(0x8000101a)
W/linker  ( 1453): libswscale.so has text relocations. This is wasting memory and prevents security hardening. Please fix.
D/SoftFFmpegVideo( 1453): SoftFFmpegVideo component: OMX.ffmpeg.mpeg2v.decoder mMode: 0 appData: 0xb5877b00
E/SoftFFmpegVideo( 1453): unsupported role: video_decoder.mpeg2
E/OMXNodeInstance( 1453): setParameter(a:ffmpeg.mpeg2v.decoder, ParamStandardComponentRole(0x1000017)) ERROR: Undefined(0x80001001)
W/OMXCodec( 1453): Failed to set standard component role 'video_decoder.mpeg2'.
E/OMXNodeInstance( 1453): getParameter(a:ffmpeg.mpeg2v.decoder, ParamVideoProfileLevelQuerySupported(0x600000f)) ERROR: UnsupportedIndex(0x8000101a)
W/OMXNodeInstance( 1453): [a:ffmpeg.mpeg2v.decoder] component does not support metadata mode; using fallback
E/OMXNodeInstance( 1453): getExtensionIndex(a:ffmpeg.mpeg2v.decoder, OMX.google.android.index.prepareForAdaptivePlayback) ERROR: UnsupportedIndex(0x8000101a)
W/linker  ( 1453): libswscale.so has text relocations. This is wasting memory and prevents security hardening. Please fix.
D/SoftFFmpegVideo( 1453): SoftFFmpegVideo component: OMX.ffmpeg.wmv.decoder mMode: 0 appData: 0xb5877b00
E/OMXNodeInstance( 1453): getParameter(b:ffmpeg.wmv.decoder, ParamVideoProfileLevelQuerySupported(0x600000f)) ERROR: UnsupportedIndex(0x8000101a)
W/OMXNodeInstance( 1453): [b:ffmpeg.wmv.decoder] component does not support metadata mode; using fallback
E/OMXNodeInstance( 1453): getExtensionIndex(b:ffmpeg.wmv.decoder, OMX.google.android.index.prepareForAdaptivePlayback) ERROR: UnsupportedIndex(0x8000101a)
I/art     ( 1943): Late-enabling -Xcheck:jni
W/linker  ( 1453): libswscale.so has text relocations. This is wasting memory and prevents security hardening. Please fix.
I/ActivityManager( 1677): Start proc 1943:com.vphone.launcher/1000 for activity com.vphone.launcher/.Launcher
D/SoftFFmpegVideo( 1453): SoftFFmpegVideo component: OMX.ffmpeg.rv.decoder mMode: 0 appData: 0xb5877b00
V/ActivityManager( 1677): Display changed displayId=0
V/ActivityManager( 1677): Display changed displayId=0
E/OMXNodeInstance( 1453): getParameter(c:ffmpeg.rv.decoder, ParamVideoProfileLevelQuerySupported(0x600000f)) ERROR: UnsupportedIndex(0x8000101a)
W/OMXNodeInstance( 1453): [c:ffmpeg.rv.decoder] component does not support metadata mode; using fallback
E/OMXNodeInstance( 1453): getExtensionIndex(c:ffmpeg.rv.decoder, OMX.google.android.index.prepareForAdaptivePlayback) ERROR: UnsupportedIndex(0x8000101a)
D/WifiScanningService( 1677): SCAN_AVAILABLE : 1
D/RttService( 1677): SCAN_AVAILABLE : 1
D/WifiScanningService( 1677): DefaultState got{ when=0 what=160007 target=com.android.internal.util.StateMachine$SmHandler }
D/RttService( 1677): DefaultState got{ when=-1ms what=160513 target=com.android.internal.util.StateMachine$SmHandler }
W/ActivityManager( 1677): Unable to start service Intent { cmp=com.android.printspooler/.model.PrintSpoolerService } U=0: not found
W/linker  ( 1453): libswscale.so has text relocations. This is wasting memory and prevents security hardening. Please fix.
D/SoftFFmpegVideo( 1453): SoftFFmpegVideo component: OMX.ffmpeg.vc1.decoder mMode: 0 appData: 0xb5877b00
E/OMXNodeInstance( 1453): getParameter(d:ffmpeg.vc1.decoder, ParamVideoProfileLevelQuerySupported(0x600000f)) ERROR: UnsupportedIndex(0x8000101a)
W/OMXNodeInstance( 1453): [d:ffmpeg.vc1.decoder] component does not support metadata mode; using fallback
E/OMXNodeInstance( 1453): getExtensionIndex(d:ffmpeg.vc1.decoder, OMX.google.android.index.prepareForAdaptivePlayback) ERROR: UnsupportedIndex(0x8000101a)
W/linker  ( 1453): libswscale.so has text relocations. This is wasting memory and prevents security hardening. Please fix.
D/SoftFFmpegVideo( 1453): SoftFFmpegVideo component: OMX.ffmpeg.flv1.decoder mMode: 0 appData: 0xb5877b00
E/OMXNodeInstance( 1453): getParameter(e:ffmpeg.flv1.decoder, ParamVideoProfileLevelQuerySupported(0x600000f)) ERROR: UnsupportedIndex(0x8000101a)
W/OMXNodeInstance( 1453): [e:ffmpeg.flv1.decoder] component does not support metadata mode; using fallback
E/OMXNodeInstance( 1453): getExtensionIndex(e:ffmpeg.flv1.decoder, OMX.google.android.index.prepareForAdaptivePlayback) ERROR: UnsupportedIndex(0x8000101a)
V/ActivityManager( 1677): Display changed displayId=0
W/linker  ( 1453): libswscale.so has text relocations. This is wasting memory and prevents security hardening. Please fix.
D/SoftFFmpegVideo( 1453): SoftFFmpegVideo component: OMX.ffmpeg.divx.decoder mMode: 0 appData: 0xb5877b00
E/OMXNodeInstance( 1453): getParameter(f:ffmpeg.divx.decoder, ParamVideoProfileLevelQuerySupported(0x600000f)) ERROR: UnsupportedIndex(0x8000101a)
W/OMXNodeInstance( 1453): [f:ffmpeg.divx.decoder] component does not support metadata mode; using fallback
E/OMXNodeInstance( 1453): getExtensionIndex(f:ffmpeg.divx.decoder, OMX.google.android.index.prepareForAdaptivePlayback) ERROR: UnsupportedIndex(0x8000101a)
W/linker  ( 1453): libswscale.so has text relocations. This is wasting memory and prevents security hardening. Please fix.
D/SoftFFmpegVideo( 1453): SoftFFmpegVideo component: OMX.ffmpeg.vtrial.decoder mMode: 0 appData: 0xb5877b00
E/OMXNodeInstance( 1453): getParameter(10:ffmpeg.vtrial.decoder, ParamVideoProfileLevelQuerySupported(0x600000f)) ERROR: UnsupportedIndex(0x8000101a)
W/OMXNodeInstance( 1453): [10:ffmpeg.vtrial.decoder] component does not support metadata mode; using fallback
E/OMXNodeInstance( 1453): getExtensionIndex(10:ffmpeg.vtrial.decoder, OMX.google.android.index.prepareForAdaptivePlayback) ERROR: UnsupportedIndex(0x8000101a)
I/Telecom ( 1677): TelecomGlobals: TelecomGlobals initializing
I/ActivityManager( 1677): Config changes=1dfb {1.0 460mcc7mnc zh_CN ?layoutDir sw450dp w800dp h425dp 320dpi nrml long land finger -keyb/v/h -nav/h s.3}
W/OMXNodeInstance( 1453): [1b:google.mpeg4.decoder] component does not support metadata mode; using fallback
W/OMXNodeInstance( 1453): [1c:google.h263.decoder] component does not support metadata mode; using fallback
D/BluetoothAdapter( 1841): 1034248408: getState() :  mService = null. Returning STATE_OFF
D/BluetoothAdapter( 1841): 1034248408: getState() :  mService = null. Returning STATE_OFF
D/BluetoothAdapter( 1841): 1034248408: getState() :  mService = null. Returning STATE_OFF
D/BluetoothAdapter( 1841): 1034248408: getState() :  mService = null. Returning STATE_OFF
I/ActivityManager( 1677): Start proc 1998:android.process.acore/u0a2 for content provider com.android.providers.contacts/.CallLogProvider
D/OpenGLRenderer( 1841): Use EGL_SWAP_BEHAVIOR_PRESERVED: true
W/OMXNodeInstance( 1453): [1d:google.vp8.decoder] component does not support metadata mode; using fallback
W/OMXNodeInstance( 1453): [1e:google.vp9.decoder] component does not support metadata mode; using fallback
D/SoftHEVC( 1453): Number of CPU cores: 2
D/SoftHEVC( 1453): Initializing decoder
D/SoftHEVC( 1453): Set number of cores to 2
D/SoftHEVC( 1453): Ittiam decoder version number: @(#)Id:HEVCDEC_production Ver:04.01 Released by ITTIAM Build: Jul 24 2019 @ 01:34:42
W/OMXNodeInstance( 1453): [1f:google.hevc.decoder] component does not support metadata mode; using fallback
D/SoftHEVC( 1453): Freeing codec memory
D/SoftHEVC( 1453): Number of CPU cores: 2
D/SoftHEVC( 1453): Initializing decoder
D/SoftHEVC( 1453): Set number of cores to 2
D/SoftHEVC( 1453): Ittiam decoder version number: @(#)Id:HEVCDEC_production Ver:04.01 Released by ITTIAM Build: Jul 24 2019 @ 01:34:42
D/SoftHEVC( 1453): In SoftHEVC::~SoftHEVC
D/SoftHEVC( 1453): Freeing codec memory
I/SoftMPEG4Encoder( 1453): Construct SoftMPEG4Encoder
W/ACodec  ( 1453): do not know color format 0x7f000789 = 2130708361
D/BluetoothManagerService( 1677): Message: 30
D/BluetoothManagerService( 1677): Trying to bind to profile: 1, while Bluetooth was disabled
I/SoftAVCEncoder( 1453): Construct SoftAVCEncoder
W/ACodec  ( 1453): do not know color format 0x7f000789 = 2130708361
I/SoftMPEG4Encoder( 1453): Construct SoftMPEG4Encoder
W/ACodec  ( 1453): do not know color format 0x7f000789 = 2130708361
W/ACodec  ( 1453): do not know color format 0x7f000789 = 2130708361
W/ActivityThread( 1943): ClassLoader.loadClass: The class loader returned by Thread.getContextClassLoader() may fail for processes that host multiple applications. You should explicitly specify a context class loader. For example: Thread.setContextClassLoader(getClass().getClassLoader());
D/NuPlayerDriver( 1453): reset(0xb584fbe0)
D/NuPlayerDriver( 1453): notifyResetComplete(0xb584fbe0)
D/NuPlayerDriver( 1453): reset(0xb584fdc0)
D/GpsLocationProvider( 1677): received SIM realted action: 
D/GpsLocationProvider( 1677): SIM MCC/MNC is available: 46007
D/GpsLocationProvider( 1677): Reset GPS properties, previous size = 8
D/GpsLocationProvider( 1677): GpsParamsResource: SUPL_HOST=supl.google.com
D/GpsLocationProvider( 1677): GpsParamsResource: SUPL_PORT=7275
D/GpsLocationProvider( 1677): GpsParamsResource: NTP_SERVER=north-america.pool.ntp.org
D/GpsLocationProvider( 1677): GpsParamsResource: SUPL_VER=0x20000
D/GpsLocationProvider( 1677): GpsParamsResource: SUPL_MODE=1
D/GpsLocationProvider( 1677): GPS properties reloaded, size = 8
D/WifiController( 1677): DEFERRED_TOGGLE handled
E/GpsLocationProvider( 1677): no AGPS interface in set_agps_server
E/GpsLocationProvider( 1677): no GPS configuration interface in configuraiton_update
D/GpsLocationProvider( 1677): final config = #Wed Feb 26 11:18:17 GMT+08:00 2020
D/GpsLocationProvider( 1677): SUPL_VER=0x20000
D/GpsLocationProvider( 1677): SUPL_HOST=supl.google.com
D/GpsLocationProvider( 1677): XTRA_SERVER_3=http\://xtra3.gpsonextra.net/xtra.bin
D/GpsLocationProvider( 1677): XTRA_SERVER_1=http\://xtra1.gpsonextra.net/xtra.bin
D/GpsLocationProvider( 1677): SUPL_PORT=7276
D/GpsLocationProvider( 1677): XTRA_SERVER_2=http\://xtra2.gpsonextra.net/xtra.bin
D/GpsLocationProvider( 1677): NTP_SERVER=north-america.pool.ntp.org
D/GpsLocationProvider( 1677): SUPL_MODE=1
D/NuPlayerDriver( 1453): notifyResetComplete(0xb584fdc0)
D/WifiService( 1677): New client listening to asynchronous messages
D/WifiService( 1677): setWifiEnabled: true pid=1943, uid=1000
E/WifiService( 1677): Invoking mWifiStateMachine.setWifiEnabled
I/FFmpegExtractor( 1453): android-source:0xb5850a80
I/FFmpegExtractor( 1453): android-source:0xb5036340
D/FFMPEG  ( 1453): android source begin open
D/FFMPEG  ( 1453): android open, url: android-source:0xb5036340
D/FFMPEG  ( 1453): ffmpeg open android data source success, source ptr: 0xb5036340
D/FFMPEG  ( 1453): android source open success
I/FFMPEG  ( 1453): Input #0, ogg, from 'android-source:0xb5036340':
I/FFMPEG  ( 1453):   Duration: 00:00:00.19, start: 0.000000, bitrate: 332 kb/s
I/FFMPEG  ( 1453):     Stream #0:0: Audio: vorbis, 44100 Hz, stereo, fltp, 160 kb/s
I/FFmpegExtractor( 1453): FFmpegExtrator, url: android-source:0xb5036340, format_name: ogg, format_long_name: Ogg
I/FFmpegExtractor( 1453): list the formats suppoted by ffmpeg: 
I/FFmpegExtractor( 1453): ========================================
I/FFmpegExtractor( 1453): ========================================
I/FFmpegExtractor( 1453): adjust mime(application/ogg -> audio/vorbis)
D/FFmpegExtractor( 1453): suppoted codec(vorbis) by official Stagefright
D/FFMPEG  ( 1453): android source close
I/FFmpegExtractor( 1453): sniff through BetterSniffFFMPEG success
D/FFmpegExtractor( 1453): ffmpeg detected media content as 'audio/vorbis' with confidence 0.08
D/NuPlayerDriver( 1453): start(0xb5028040)
I/GenericSource( 1453): start
D/FFMPEG  ( 1453): android source begin open
D/FFMPEG  ( 1453): android open, url: android-source:0xb5850a80
D/FFMPEG  ( 1453): ffmpeg open android data source success, source ptr: 0xb5850a80
D/FFMPEG  ( 1453): android source open success
E/WifiStateMachine( 1677): Failed to reload STA firmware java.lang.IllegalArgumentException: command '7 softap fwreload eth1 STA' failed with '501 7 SoftAP command has failed'
D/CommandListener( 1448): Setting iface cfg
D/CommandListener( 1448): Trying to bring down eth1
D/CommandListener( 1448): Clearing all IP addresses on eth1
E/WifiMonitor( 1677): killSupplicant p2pfalse init.svc.wpa_supplicant=unknown init.svc.p2p_supplicant=unknown
I/Telephony( 1908): PstnIncomingCallNotifier: Unregistering: Handler (com.android.internal.telephony.gsm.GSMPhone) {2cca3049}
I/Telecom ( 1677): TelecomGlobals: CallsManager initialized
W/Launcher( 1943): setApplicationContext called twice! old=com.vphone.launcher.LauncherApplication@3ba8aeec new=com.vphone.launcher.LauncherApplication@3ba8aeec
W/ContextImpl( 1677): Calling a method in the system process without a qualified user: android.app.ContextImpl.startService:1706 android.content.ContextWrapper.startService:516 com.android.server.telecom.BluetoothPhoneService.start:440 com.android.server.telecom.TelecomGlobals.initialize:93 com.android.server.telecom.TelecomService.onCreate:164 
D/WifiMonitor( 1677): startMonitoring(eth1) with mConnected = false
E/WifiHW  ( 1677): Unable to open connection to supplicant on "@android:wpa_eth1": No such file or directory
I/FFMPEG  ( 1453): Input #0, ogg, from 'android-source:0xb5850a80':
I/FFMPEG  ( 1453):   Duration: 00:00:00.11, start: 0.000000, bitrate: 487 kb/s
I/FFMPEG  ( 1453):     Stream #0:0: Audio: vorbis, 44100 Hz, stereo, fltp, 160 kb/s
I/FFmpegExtractor( 1453): FFmpegExtrator, url: android-source:0xb5850a80, format_name: ogg, format_long_name: Ogg
I/FFmpegExtractor( 1453): list the formats suppoted by ffmpeg: 
I/FFmpegExtractor( 1453): ========================================
I/FFmpegExtractor( 1453): ========================================
I/FFmpegExtractor( 1453): adjust mime(application/ogg -> audio/vorbis)
D/FFmpegExtractor( 1453): suppoted codec(vorbis) by official Stagefright
D/FFMPEG  ( 1453): android source close
I/FFmpegExtractor( 1453): sniff through BetterSniffFFMPEG success
D/FFmpegExtractor( 1453): ffmpeg detected media content as 'audio/vorbis' with confidence 0.08
D/NuPlayerDriver( 1453): start(0xb50284c0)
I/GenericSource( 1453): start
I/Telephony( 1908): PstnIncomingCallNotifier: Registering: Handler (com.android.internal.telephony.gsm.GSMPhone) {2cca3049}
D/NuPlayerDriver( 1453): reset(0xb5028040)
D/NuPlayerDriver( 1453): notifyResetComplete(0xb5028040)
I/FFmpegExtractor( 1453): android-source:0xb5036440
W/ResourcesManager( 1677): Asset path '/system/framework/com.android.location.provider.jar' does not exist or contains no resources.
D/NuPlayerDriver( 1453): reset(0xb50284c0)
D/FFMPEG  ( 1453): android source begin open
D/FFMPEG  ( 1453): android open, url: android-source:0xb5036440
D/FFMPEG  ( 1453): ffmpeg open android data source success, source ptr: 0xb5036440
D/FFMPEG  ( 1453): android source open success
I/FFMPEG  ( 1453): Input #0, ogg, from 'android-source:0xb5036440':
I/FFMPEG  ( 1453):   Duration: 00:00:00.08, start: 0.000000, bitrate: 612 kb/s
I/FFMPEG  ( 1453):     Stream #0:0: Audio: vorbis, 44100 Hz, stereo, fltp, 160 kb/s
I/FFmpegExtractor( 1453): FFmpegExtrator, url: android-source:0xb5036440, format_name: ogg, format_long_name: Ogg
I/FFmpegExtractor( 1453): list the formats suppoted by ffmpeg: 
I/FFmpegExtractor( 1453): ========================================
I/FFmpegExtractor( 1453): ========================================
I/FFmpegExtractor( 1453): adjust mime(application/ogg -> audio/vorbis)
D/FFmpegExtractor( 1453): suppoted codec(vorbis) by official Stagefright
D/FFMPEG  ( 1453): android source close
I/FFmpegExtractor( 1453): sniff through BetterSniffFFMPEG success
D/FFmpegExtractor( 1453): ffmpeg detected media content as 'audio/vorbis' with confidence 0.08
D/NuPlayerDriver( 1453): notifyResetComplete(0xb50284c0)
I/wpa_supplicant( 2047): Successfully initialized wpa_supplicant
D/GpsNetInitiatedHandler( 1677): location enabled :true
V/WiredAccessoryManager( 1677): init()
I/FFmpegExtractor( 1453): android-source:0xb5850ac0
D/FFMPEG  ( 1453): android source begin open
D/FFMPEG  ( 1453): android open, url: android-source:0xb5850ac0
D/FFMPEG  ( 1453): ffmpeg open android data source success, source ptr: 0xb5850ac0
D/FFMPEG  ( 1453): android source open success
I/FFMPEG  ( 1453): Input #0, ogg, from 'android-source:0xb5850ac0':
I/FFMPEG  ( 1453):   Duration: 00:00:00.29, start: 0.000000, bitrate: 271 kb/s
I/FFMPEG  ( 1453):     Stream #0:0: Audio: vorbis, 44100 Hz, stereo, fltp, 160 kb/s
I/FFmpegExtractor( 1453): FFmpegExtrator, url: android-source:0xb5850ac0, format_name: ogg, format_long_name: Ogg
I/FFmpegExtractor( 1453): list the formats suppoted by ffmpeg: 
I/FFmpegExtractor( 1453): ========================================
I/FFmpegExtractor( 1453): ========================================
I/FFmpegExtractor( 1453): adjust mime(application/ogg -> audio/vorbis)
D/FFmpegExtractor( 1453): suppoted codec(vorbis) by official Stagefright
D/FFMPEG  ( 1453): android source close
I/FFmpegExtractor( 1453): sniff through BetterSniffFFMPEG success
D/FFmpegExtractor( 1453): ffmpeg detected media content as 'audio/vorbis' with confidence 0.08
D/NuPlayerDriver( 1453): start(0xb584fbe0)
I/GenericSource( 1453): start
D/NuPlayerDriver( 1453): start(0xb584fdc0)
I/GenericSource( 1453): start
D/        ( 1841): HostConnection::get() New Host Connection established 0xb3ed0980, tid 1841
D/WifiConfigStore( 1677): Loading config and enabling all networks 
D/Atlas   ( 1841): Validating map...
W/Atlas   ( 1841): Pointer 0x0, not in getPreloadedDrawables?
W/Atlas   ( 1841): Pointer 0x0, not in getPreloadedDrawables?
W/Atlas   ( 1841): Pointer 0x0, not in getPreloadedDrawables?
W/Atlas   ( 1841): Pointer 0x0, not in getPreloadedDrawables?
W/Atlas   ( 1841): Pointer 0x0, not in getPreloadedDrawables?
W/Atlas   ( 1841): Pointer 0x0, not in getPreloadedDrawables?
W/Atlas   ( 1841): Pointer 0x0, not in getPreloadedDrawables?
W/Atlas   ( 1841): Pointer 0x0, not in getPreloadedDrawables?
W/Atlas   ( 1841): Pointer 0x0, not in getPreloadedDrawables?
W/Atlas   ( 1841): Pointer 0x0, not in getPreloadedDrawables?
W/Atlas   ( 1841): Pointer 0x0, not in getPreloadedDrawables?
W/Atlas   ( 1841): Pointer 0x0, not in getPreloadedDrawables?
W/Atlas   ( 1841): Pointer 0x0, not in getPreloadedDrawables?
W/Atlas   ( 1841): Pointer 0x0, not in getPreloadedDrawables?
W/Atlas   ( 1841): Pointer 0x0, not in getPreloadedDrawables?
W/Atlas   ( 1841): Pointer 0x0, not in getPreloadedDrawables?
W/Atlas   ( 1841): Pointer 0x0, not in getPreloadedDrawables?
W/Atlas   ( 1841): Pointer 0x0, not in getPreloadedDrawables?
W/Atlas   ( 1841): Pointer 0x0, not in getPreloadedDrawables?
W/Atlas   ( 1841): Pointer 0x0, not in getPreloadedDrawables?
W/Atlas   ( 1841): Pointer 0x0, not in getPreloadedDrawables?
W/Atlas   ( 1841): Pointer 0x0, not in getPreloadedDrawables?
W/Atlas   ( 1841): Pointer 0x0, not in getPreloadedDrawables?
W/Atlas   ( 1841): Pointer 0x0, not in getPreloadedDrawables?
W/Atlas   ( 1841): Pointer 0x0, not in getPreloadedDrawables?
W/Atlas   ( 1841): Pointer 0x0, not in getPreloadedDrawables?
W/Atlas   ( 1841): Pointer 0x0, not in getPreloadedDrawables?
W/Atlas   ( 1841): Pointer 0x0, not in getPreloadedDrawables?
W/Atlas   ( 1841): Pointer 0x0, not in getPreloadedDrawables?
W/Atlas   ( 1841): Pointer 0x0, not in getPreloadedDrawables?
W/Atlas   ( 1841): Pointer 0x0, not in getPreloadedDrawables?
W/Atlas   ( 1841): Pointer 0x0, not in getPreloadedDrawables?
W/Atlas   ( 1841): Pointer 0x0, not in getPreloadedDrawables?
W/Atlas   ( 1841): Pointer 0x0, not in getPreloadedDrawables?
W/Atlas   ( 1841): Pointer 0x0, not in getPreloadedDrawables?
W/Atlas   ( 1841): Pointer 0x0, not in getPreloadedDrawables?
W/Atlas   ( 1841): Pointer 0x0, not in getPreloadedDrawables?
W/Atlas   ( 1841): Pointer 0x0, not in getPreloadedDrawables?
W/Atlas   ( 1841): Pointer 0x0, not in getPreloadedDrawables?
W/Atlas   ( 1841): Pointer 0x0, not in getPreloadedDrawables?
W/Atlas   ( 1841): Pointer 0x0, not in getPreloadedDrawables?
W/Atlas   ( 1841): Pointer 0x0, not in getPreloadedDrawables?
W/Atlas   ( 1841): Pointer 0x0, not in getPreloadedDrawables?
W/Atlas   ( 1841): Pointer 0x0, not in getPreloadedDrawables?
W/Atlas   ( 1841): Pointer 0x0, not in getPreloadedDrawables?
W/Atlas   ( 1841): Pointer 0x0, not in getPreloadedDrawables?
W/Atlas   ( 1841): Pointer 0x0, not in getPreloadedDrawables?
W/Atlas   ( 1841): Pointer 0x0, not in getPreloadedDrawables?
W/Atlas   ( 1841): Pointer 0x0, not in getPreloadedDrawables?
W/Atlas   ( 1841): Pointer 0x0, not in getPreloadedDrawables?
W/Atlas   ( 1841): Pointer 0x0, not in getPreloadedDrawables?
W/Atlas   ( 1841): Pointer 0x0, not in getPreloadedDrawables?
W/Atlas   ( 1841): Pointer 0x0, not in getPreloadedDrawables?
W/Atlas   ( 1841): Pointer 0x0, not in getPreloadedDrawables?
W/Atlas   ( 1841): Pointer 0x0, not in getPreloadedDrawables?
W/Atlas   ( 1841): Pointer 0x0, not in getPreloadedDrawables?
W/Atlas   ( 1841): Pointer 0x0, not in getPreloadedDrawables?
W/Atlas   ( 1841): Pointer 0x0, not in getPreloadedDrawables?
W/Atlas   ( 1841): Pointer 0x0, not in getPreloadedDrawables?
W/Atlas   ( 1841): Pointer 0x0, not in getPreloadedDrawables?
W/Atlas   ( 1841): Pointer 0x0, not in getPreloadedDrawables?
W/Atlas   ( 1841): Pointer 0x0, not in getPreloadedDrawables?
W/Atlas   ( 1841): Pointer 0x0, not in getPreloadedDrawables?
W/Atlas   ( 1841): Pointer 0x0, not in getPreloadedDrawables?
W/Atlas   ( 1841): Pointer 0x0, not in getPreloadedDrawables?
W/Atlas   ( 1841): Pointer 0x0, not in getPreloadedDrawables?
W/Atlas   ( 1841): Pointer 0x0, not in getPreloadedDrawables?
W/Atlas   ( 1841): Pointer 0x0, not in getPreloadedDrawables?
W/Atlas   ( 1841): Pointer 0x0, not in getPreloadedDrawables?
W/Atlas   ( 1841): Pointer 0x0, not in getPreloadedDrawables?
W/Atlas   ( 1841): Pointer 0x0, not in getPreloadedDrawables?
W/Atlas   ( 1841): Pointer 0x0, not in getPreloadedDrawables?
W/Atlas   ( 1841): Pointer 0x0, not in getPreloadedDrawables?
W/Atlas   ( 1841): Pointer 0x0, not in getPreloadedDrawables?
W/Atlas   ( 1841): Pointer 0x0, not in getPreloadedDrawables?
W/Atlas   ( 1841): Pointer 0x0, not in getPreloadedDrawables?
W/Atlas   ( 1841): Pointer 0x0, not in getPreloadedDrawables?
W/Atlas   ( 1841): Pointer 0x0, not in getPreloadedDrawables?
W/Atlas   ( 1841): Pointer 0x0, not in getPreloadedDrawables?
W/Atlas   ( 1841): Pointer 0x0, not in getPreloadedDrawables?
W/Atlas   ( 1841): Pointer 0x0, not in getPreloadedDrawables?
W/Atlas   ( 1841): Pointer 0x0, not in getPreloadedDrawables?
W/Atlas   ( 1841): Pointer 0x0, not in getPreloadedDrawables?
W/Atlas   ( 1841): Pointer 0x0, not in getPreloadedDrawables?
W/Atlas   ( 1841): Pointer 0x0, not in getPreloadedDrawables?
W/Atlas   ( 1841): Pointer 0x0, not in getPreloadedDrawables?
W/Atlas   ( 1841): Pointer 0x0, not in getPreloadedDrawables?
W/Atlas   ( 1841): Pointer 0x0, not in getPreloadedDrawables?
W/Atlas   ( 1841): Pointer 0x0, not in getPreloadedDrawables?
W/Atlas   ( 1841): Pointer 0x0, not in getPreloadedDrawables?
W/Atlas   ( 1841): Pointer 0x0, not in getPreloadedDrawables?
W/Atlas   ( 1841): Pointer 0x0, not in getPreloadedDrawables?
W/Atlas   ( 1841): Pointer 0x0, not in getPreloadedDrawables?
W/Atlas   ( 1841): Pointer 0x0, not in getPreloadedDrawables?
W/Atlas   ( 1841): Pointer 0x0, not in getPreloadedDrawables?
W/Atlas   ( 1841): Pointer 0x0, not in getPreloadedDrawables?
W/Atlas   ( 1841): Pointer 0x0, not in getPreloadedDrawables?
W/Atlas   ( 1841): Pointer 0x0, not in getPreloadedDrawables?
W/Atlas   ( 1841): Pointer 0x0, not in getPreloadedDrawables?
W/Atlas   ( 1841): Pointer 0x0, not in getPreloadedDrawables?
W/Atlas   ( 1841): Pointer 0x0, not in getPreloadedDrawables?
W/Atlas   ( 1841): Pointer 0x0, not in getPreloadedDrawables?
W/Atlas   ( 1841): Pointer 0x0, not in getPreloadedDrawables?
W/Atlas   ( 1841): Pointer 0x0, not in getPreloadedDrawables?
W/Atlas   ( 1841): Pointer 0x0, not in getPreloadedDrawables?
W/Atlas   ( 1841): Pointer 0x0, not in getPreloadedDrawables?
W/Atlas   ( 1841): Pointer 0x0, not in getPreloadedDrawables?
W/Atlas   ( 1841): Pointer 0x0, not in getPreloadedDrawables?
W/Atlas   ( 1841): Pointer 0x0, not in getPreloadedDrawables?
W/Atlas   ( 1841): Pointer 0x0, not in getPreloadedDrawables?
W/Atlas   ( 1841): Pointer 0x0, not in getPreloadedDrawables?
W/Atlas   ( 1841): Pointer 0x0, not in getPreloadedDrawables?
W/Atlas   ( 1841): Pointer 0x0, not in getPreloadedDrawables?
W/Atlas   ( 1841): Pointer 0x0, not in getPreloadedDrawables?
W/Atlas   ( 1841): Pointer 0x0, not in getPreloadedDrawables?
W/Atlas   ( 1841): Pointer 0x0, not in getPreloadedDrawables?
W/Atlas   ( 1841): Pointer 0x0, not in getPreloadedDrawables?
W/Atlas   ( 1841): Pointer 0x0, not in getPreloadedDrawables?
W/Atlas   ( 1841): Pointer 0x0, not in getPreloadedDrawables?
W/Atlas   ( 1841): Pointer 0x0, not in getPreloadedDrawables?
W/Atlas   ( 1841): Pointer 0x0, not in getPreloadedDrawables?
W/Atlas   ( 1841): Pointer 0x0, not in getPreloadedDrawables?
W/Atlas   ( 1841): Pointer 0x0, not in getPreloadedDrawables?
W/Atlas   ( 1841): Pointer 0x0, not in getPreloadedDrawables?
W/Atlas   ( 1841): Pointer 0x0, not in getPreloadedDrawables?
W/Atlas   ( 1841): Pointer 0x0, not in getPreloadedDrawables?
W/Atlas   ( 1841): Pointer 0x0, not in getPreloadedDrawables?
W/Atlas   ( 1841): Pointer 0x0, not in getPreloadedDrawables?
W/Atlas   ( 1841): Pointer 0x0, not in getPreloadedDrawables?
W/Atlas   ( 1841): Pointer 0x0, not in getPreloadedDrawables?
W/Atlas   ( 1841): Pointer 0x0, not in getPreloadedDrawables?
W/Atlas   ( 1841): Pointer 0x0, not in getPreloadedDrawables?
W/Atlas   ( 1841): Pointer 0x0, not in getPreloadedDrawables?
W/Atlas   ( 1841): Pointer 0x0, not in getPreloadedDrawables?
W/Atlas   ( 1841): Pointer 0x0, not in getPreloadedDrawables?
W/Atlas   ( 1841): Pointer 0x0, not in getPreloadedDrawables?
W/Atlas   ( 1841): Pointer 0x0, not in getPreloadedDrawables?
W/Atlas   ( 1841): Pointer 0x0, not in getPreloadedDrawables?
W/Atlas   ( 1841): Pointer 0x0, not in getPreloadedDrawables?
W/Atlas   ( 1841): Pointer 0x0, not in getPreloadedDrawables?
W/Atlas   ( 1841): Pointer 0x0, not in getPreloadedDrawables?
W/Atlas   ( 1841): Pointer 0x0, not in getPreloadedDrawables?
W/Atlas   ( 1841): Pointer 0x0, not in getPreloadedDrawables?
W/Atlas   ( 1841): Pointer 0x0, not in getPreloadedDrawables?
W/Atlas   ( 1841): Pointer 0x0, not in getPreloadedDrawables?
W/Atlas   ( 1841): Pointer 0x0, not in getPreloadedDrawables?
W/Atlas   ( 1841): Pointer 0x0, not in getPreloadedDrawables?
W/Atlas   ( 1841): Pointer 0x0, not in getPreloadedDrawables?
W/Atlas   ( 1841): Pointer 0x0, not in getPreloadedDrawables?
W/Atlas   ( 1841): Pointer 0x0, not in getPreloadedDrawables?
W/Atlas   ( 1841): Pointer 0x0, not in getPreloadedDrawables?
W/Atlas   ( 1841): Pointer 0x0, not in getPreloadedDrawables?
W/Atlas   ( 1841): Pointer 0x0, not in getPreloadedDrawables?
W/Atlas   ( 1841): Pointer 0x0, not in getPreloadedDrawables?
W/Atlas   ( 1841): Pointer 0x0, not in getPreloadedDrawables?
W/Atlas   ( 1841): Pointer 0x0, not in getPreloadedDrawables?
W/Atlas   ( 1841): Pointer 0x0, not in getPreloadedDrawables?
W/Atlas   ( 1841): Pointer 0x0, not in getPreloadedDrawables?
W/Atlas   ( 1841): Pointer 0x0, not in getPreloadedDrawables?
W/Atlas   ( 1841): Pointer 0x0, not in getPreloadedDrawables?
W/Atlas   ( 1841): Pointer 0x0, not in getPreloadedDrawables?
W/Atlas   ( 1841): Pointer 0x0, not in getPreloadedDrawables?
W/Atlas   ( 1841): Pointer 0x0, not in getPreloadedDrawables?
W/Atlas   ( 1841): Pointer 0x0, not in getPreloadedDrawables?
W/Atlas   ( 1841): Pointer 0x0, not in getPreloadedDrawables?
E/WifiConfigStore( 1677): Error parsing configuration: java.io.FileNotFoundException: /data/misc/wifi/ipconfig.txt: open failed: ENOENT (No such file or directory)
D/BluetoothManagerService( 1677): Message: 300
D/BluetoothManagerService( 1677): MESSAGE_USER_SWITCHED
D/WifiNative-HAL( 1677): Setting external_sim to 1
D/WifiStateMachine( 1677): Setting OUI to DA-A1-19
I/WifiNative-HAL( 1677): startHal
E/wifi    ( 1677): getStaticLongField sWifiHalHandle 0xa0afb82c
D/wifi    ( 1677): halHandle = 0x0, mVM = 0xb3c4e280, mCls = 0x201046
I/WifiNative-HAL( 1677): Could not start hal
D/PermissionCache( 1443): checking android.permission.HARDWARE_TEST for uid=1000 => granted (258 us)
D/NuPlayerDriver( 1453): reset(0xb584fdc0)
D/NuPlayerDriver( 1453): reset(0xb584fbe0)
D/NuPlayerDriver( 1453): notifyResetComplete(0xb584fdc0)
D/NuPlayerDriver( 1453): notifyResetComplete(0xb584fbe0)
I/WifiNative-HAL( 1677): startHal
E/WifiStateMachine( 1677): cancelDelayedScan -> 1
D/WifiScanningService( 1677): SCAN_AVAILABLE : 3
D/RttService( 1677): SCAN_AVAILABLE : 3
D/RttService( 1677): DefaultState got{ when=-6ms what=160512 target=com.android.internal.util.StateMachine$SmHandler }
E/WifiStateMachine( 1677): Failed to set frequency band 0
I/FFmpegExtractor( 1453): android-source:0xb5036140
D/FFMPEG  ( 1453): android source begin open
D/FFMPEG  ( 1453): android open, url: android-source:0xb5036140
D/FFMPEG  ( 1453): ffmpeg open android data source success, source ptr: 0xb5036140
D/FFMPEG  ( 1453): android source open success
D/TelephonyProvider( 1908): dbh.onOpen: ok, queried table=siminfo
D/TelephonyProvider( 1908): dbh.onOpen: ok, queried table=carriers
D/WifiScanningService( 1677): DefaultState got{ when=-20ms what=160006 target=com.android.internal.util.StateMachine$SmHandler }
I/WifiNative-HAL( 1677): startHal
D/PhoneStatusBar( 1841): disable: < expand icons alerts system_info back home recent clock search >
I/FFMPEG  ( 1453): Input #0, ogg, from 'android-source:0xb5036140':
I/FFMPEG  ( 1453):   Duration: 00:00:00.11, start: 0.000000, bitrate: 477 kb/s
I/FFMPEG  ( 1453):     Stream #0:0: Audio: vorbis, 44100 Hz, stereo, fltp, 160 kb/s
I/FFmpegExtractor( 1453): FFmpegExtrator, url: android-source:0xb5036140, format_name: ogg, format_long_name: Ogg
I/FFmpegExtractor( 1453): list the formats suppoted by ffmpeg: 
I/FFmpegExtractor( 1453): ========================================
I/FFmpegExtractor( 1453): ========================================
I/FFmpegExtractor( 1453): adjust mime(application/ogg -> audio/vorbis)
D/FFmpegExtractor( 1453): suppoted codec(vorbis) by official Stagefright
D/FFMPEG  ( 1453): android source close
I/FFmpegExtractor( 1453): sniff through BetterSniffFFMPEG success
D/FFmpegExtractor( 1453): ffmpeg detected media content as 'audio/vorbis' with confidence 0.08
E/WifiScanningService( 1677): could not start HAL
V/BackupManagerService( 1677): Connected to transport ComponentInfo{android/com.android.internal.backup.LocalTransportService}
V/BackupManagerService( 1677): Registering transport android/com.android.internal.backup.LocalTransportService::android/com.android.internal.backup.LocalTransport = android.app.backup.BackupTransport$TransportImpl@e49a919
D/        ( 1443): HostConnection::get() New Host Connection established 0xb602d340, tid 1840
D/VolumeUI( 1841): Registering volume controller
D/NuPlayerDriver( 1453): start(0xb50284c0)
I/GenericSource( 1453): start
D/ConnectivityService( 1677): registerNetworkAgent NetworkAgentInfo{ ni{[type: WIFI[], state: CONNECTING/CONNECTING, reason: (unspecified), extra: "WiredSSID", roaming: false, failover: false, isAvailable: true, isConnectedToProvisioningNetwork: false]}  network{null}  lp{{LinkAddresses: []  Routes: [] DnsAddresses: [] Domains: null MTU: 0 TcpBufferSizes: 524288,1048576,2097152,262144,524288,1048576}}  nc{[ Transports: WIFI Capabilities: INTERNET&NOT_RESTRICTED&TRUSTED&NOT_VPN LinkUpBandwidth>=1048576Kbps LinkDnBandwidth>=1048576Kbps]}  Score{20}  everValidated{false}  lastValidated{false}  created{false}  explicitlySelected{false} }
E/WifiConfigStore( 1677): saveWifiConfigBSSID Setting BSSID for "WiredSSID"NONE to any
D/        ( 1677): HostConnection::get() New Host Connection established 0xb3f70750, tid 1677
D/ConnectivityService( 1677): NetworkAgentInfo [WIFI () - 100] EVENT_NETWORK_INFO_CHANGED, going from null to CONNECTING
D/BluetoothAdapter( 1841): 1034248408: getState() :  mService = null. Returning STATE_OFF
D/BluetoothAdapter( 1841): 1034248408: getState() :  mService = null. Returning STATE_OFF
E/WifiConfigStore( 1677): saveWifiConfigBSSID Setting BSSID for "WiredSSID"NONE to any
D/CommandListener( 1448): Setting iface cfg
D/PhoneStatusBar( 1841): heads up is enabled
D/NuPlayerDriver( 1453): reset(0xb50284c0)
D/NuPlayerDriver( 1453): notifyResetComplete(0xb50284c0)
I/Choreographer( 1841): Skipped 53 frames!  The application may be doing too much work on its main thread.
D/ViewRootImpl( 1841): changeCanvasOpacity: opaque=true
E/WifiStateMachine( 1677): Start Dhcp Watchdog 1
I/WifiNative-HAL( 1677): startHal
E/native  ( 1677): do suspend false
I/FFmpegExtractor( 1453): android-source:0xb5036100
D/FFMPEG  ( 1453): android source begin open
D/FFMPEG  ( 1453): android open, url: android-source:0xb5036100
D/FFMPEG  ( 1453): ffmpeg open android data source success, source ptr: 0xb5036100
D/FFMPEG  ( 1453): android source open success
I/FFMPEG  ( 1453): Input #0, ogg, from 'android-source:0xb5036100':
I/FFMPEG  ( 1453):   Duration: 00:00:00.07, start: 0.000000, bitrate: 683 kb/s
I/FFMPEG  ( 1453):     Stream #0:0: Audio: vorbis, 44100 Hz, stereo, fltp, 160 kb/s
I/FFmpegExtractor( 1453): FFmpegExtrator, url: android-source:0xb5036100, format_name: ogg, format_long_name: Ogg
I/FFmpegExtractor( 1453): list the formats suppoted by ffmpeg: 
I/FFmpegExtractor( 1453): ========================================
I/FFmpegExtractor( 1453): ========================================
I/FFmpegExtractor( 1453): adjust mime(application/ogg -> audio/vorbis)
D/FFmpegExtractor( 1453): suppoted codec(vorbis) by official Stagefright
D/FFMPEG  ( 1453): android source close
I/FFmpegExtractor( 1453): sniff through BetterSniffFFMPEG success
D/FFmpegExtractor( 1453): ffmpeg detected media content as 'audio/vorbis' with confidence 0.08
E/native  ( 1677): do suspend false
E/WifiStateMachine( 1677): Unexpected BatchedScanResults :null
I/WifiNative-HAL( 1677): startHal
D/NuPlayerDriver( 1453): start(0xb584fbe0)
I/GenericSource( 1453): start
I/wpa_supplicant( 2047): eth1: Trying to associate with SSID 'WiredSSID'
I/wpa_supplicant( 2047): eth1: Associated with 01:80:c2:00:00:03
I/wpa_supplicant( 2047): eth1: CTRL-EVENT-CONNECTED - Connection to 01:80:c2:00:00:03 completed [id=0 id_str=]
D/NuPlayerDriver( 1453): reset(0xb584fbe0)
D/NuPlayerDriver( 1453): notifyResetComplete(0xb584fbe0)
I/FFmpegExtractor( 1453): android-source:0xb5036100
D/FFMPEG  ( 1453): android source begin open
D/FFMPEG  ( 1453): android open, url: android-source:0xb5036100
D/FFMPEG  ( 1453): ffmpeg open android data source success, source ptr: 0xb5036100
D/FFMPEG  ( 1453): android source open success
I/FFMPEG  ( 1453): Input #0, ogg, from 'android-source:0xb5036100':
I/FFMPEG  ( 1453):   Duration: 00:00:00.18, start: 0.000000, bitrate: 431 kb/s
I/FFMPEG  ( 1453):     Stream #0:0: Audio: vorbis, 44100 Hz, mono, fltp, 239 kb/s
I/FFMPEG  ( 1453):     Metadata:
I/FFMPEG  ( 1453):       ARTIST          : Copyright 2013 Android Open Source Project
I/FFmpegExtractor( 1453): FFmpegExtrator, url: android-source:0xb5036100, format_name: ogg, format_long_name: Ogg
I/FFmpegExtractor( 1453): list the formats suppoted by ffmpeg: 
I/FFmpegExtractor( 1453): ========================================
I/FFmpegExtractor( 1453): ========================================
I/FFmpegExtractor( 1453): adjust mime(application/ogg -> audio/vorbis)
D/FFmpegExtractor( 1453): suppoted codec(vorbis) by official Stagefright
D/FFMPEG  ( 1453): android source close
I/FFmpegExtractor( 1453): sniff through BetterSniffFFMPEG success
D/FFmpegExtractor( 1453): ffmpeg detected media content as 'audio/vorbis' with confidence 0.08
D/NuPlayerDriver( 1453): start(0xb584fdc0)
I/GenericSource( 1453): start
D/libEGL  ( 1841): loaded /system/lib/egl/libEGL_adreno.so
V/ActivityManager( 1677): Display changed displayId=0
D/BluetoothManagerService( 1677): Trying to bind to profile: 1, while Bluetooth was disabled
D/BluetoothManagerService( 1677): Message: 30
D/NuPlayerDriver( 1453): reset(0xb584fdc0)
D/NuPlayerDriver( 1453): notifyResetComplete(0xb584fdc0)
D/AndroidRuntime( 2140): >>>>>> START com.android.internal.os.RuntimeInit uid 0 <<<<<<
D/AndroidRuntime( 2168): >>>>>> START com.android.internal.os.RuntimeInit uid 0 <<<<<<
D/        ( 1841): HostConnection::get() New Host Connection established 0xb3ed0d30, tid 2145
D/libEGL  ( 1841): loaded /system/lib/egl/libGLESv1_CM_adreno.so
D/libEGL  ( 1841): loaded /system/lib/egl/libGLESv2_adreno.so
I/OpenGLRenderer( 1841): Initialized EGL, version 1.4
E/DcSwitchStateMachine-0( 1908): DctController is not ready
E/ConnectivityService( 1677): Failed to find Messenger in unregisterNetworkFactory
W/ResourceType( 1943): Attempt to retrieve bag 0x7f0e00a4 which is invalid or in a cycle.
D/ConnectivityService( 1677): Got NetworkFactory Messenger for Telephony
I/StatusBarManagerService( 1677): registerStatusBar bar=com.android.internal.statusbar.IStatusBar$Stub$Proxy@223dcc16
D/OpenGLRenderer( 1841): Enabling debug mode 0
D/BluetoothManagerService( 1677): Message: 20
D/BluetoothManagerService( 1677): Added callback: android.bluetooth.IBluetoothManagerCallback$Stub$Proxy@161cb25:true
D/BluetoothManagerService( 1677): Message: 30
D/BluetoothManagerService( 1677): Trying to bind to profile: 1, while Bluetooth was disabled
W/Searchables( 1677): No global search activity found
I/dhcpcd  ( 2183): version 5.5.6 starting
I/Telephony( 1908): TtyManager: updateUiTtyMode -1 -> 0
D/GpsLocationProvider( 1677): received SIM realted action: 
D/GpsLocationProvider( 1677): SIM MCC/MNC is available: 46007
D/GpsLocationProvider( 1677): Reset GPS properties, previous size = 8
D/GpsLocationProvider( 1677): GpsParamsResource: SUPL_HOST=supl.google.com
D/GpsLocationProvider( 1677): GpsParamsResource: SUPL_PORT=7275
D/GpsLocationProvider( 1677): GpsParamsResource: NTP_SERVER=north-america.pool.ntp.org
D/GpsLocationProvider( 1677): GpsParamsResource: SUPL_VER=0x20000
D/GpsLocationProvider( 1677): GpsParamsResource: SUPL_MODE=1
D/GpsLocationProvider( 1677): GPS properties reloaded, size = 8
E/GpsLocationProvider( 1677): no AGPS interface in set_agps_server
E/GpsLocationProvider( 1677): no GPS configuration interface in configuraiton_update
D/GpsLocationProvider( 1677): final config = #Wed Feb 26 11:18:18 GMT+08:00 2020
